[1/60       0s]        0 bin=0 tri            solved=True  verified=True pops=    4 states=    181 minL= 0 maxrank=4 path=4 cpu=   0.0s
[2/60       0s]      228 bin=0 tri            solved=True  verified=True pops=    5 states=    637 minL= 0 maxrank=5 path=5 cpu=   0.1s
[3/60       0s]      323 bin=0 tri            solved=True  verified=True pops=    6 states=    946 minL= 0 maxrank=6 path=6 cpu=   0.1s
[4/60       0s]      455 bin=0 tri            solved=True  verified=True pops=    8 states=   1173 minL= 0 maxrank=6 path=6 cpu=   0.2s
[5/60       0s]       77 bin=1 tri            solved=True  verified=True pops=    9 states=   1162 minL= 0 maxrank=6 path=8 cpu=   0.2s
[6/60       0s]       43 bin=1 tri            solved=True  verified=True pops=    8 states=    737 minL= 0 maxrank=6 path=7 cpu=   0.1s
[7/60       0s]      496 bin=0 tri            solved=True  verified=True pops=    8 states=   2310 minL= 0 maxrank=8 path=8 cpu=   0.4s
[8/60       0s]      521 bin=0 tri            solved=True  verified=True pops=    8 states=   2468 minL= 0 maxrank=8 path=8 cpu=   0.5s
[9/60       0s]      141 bin=1 tri            solved=True  verified=True pops=    9 states=   1154 minL= 0 maxrank=6 path=8 cpu=   0.2s
[10/60       1s]       48 bin=1 tri            solved=True  verified=True pops=   22 states=    919 minL= 0 maxrank=6 path=9 cpu=   0.1s
[11/60       1s]      155 bin=1 tri            solved=True  verified=True pops=   18 states=    819 minL= 0 maxrank=7 path=12 cpu=   0.2s
[12/60       1s]      247 bin=2 tri            solved=True  verified=True pops=   98 states=   3125 minL= 0 maxrank=7 path=15 cpu=   0.6s
[13/60       2s]      217 bin=2 tri            solved=True  verified=True pops=  136 states=   7298 minL= 0 maxrank=6 path=12 cpu=   1.1s
[14/60       2s]      367 bin=2 tri            solved=True  verified=True pops=   78 states=   2801 minL= 0 maxrank=8 path=24 cpu=   0.6s
[15/60       2s]      288 bin=2 tri            solved=True  verified=True pops=  183 states=   6222 minL= 0 maxrank=7 path=16 cpu=   1.2s
[16/60       2s]      201 bin=2 tri            solved=True  verified=True pops=  293 states=   9129 minL= 0 maxrank=6 path=26 cpu=   1.7s
[17/60       2s]      505 bin=1 tri            solved=True  verified=True pops=  115 states=  10863 minL= 0 maxrank=9 path=25 cpu=   2.0s
[18/60       3s]      203 bin=3 tri            solved=True  verified=True pops=   79 states=   2637 minL= 0 maxrank=7 path=15 cpu=   0.5s
[19/60       3s]      331 bin=2 tri            solved=True  verified=True pops=  161 states=   5624 minL= 0 maxrank=7 path=25 cpu=   1.0s
[20/60       5s]      333 bin=3 tri            solved=True  verified=True pops=  275 states=   5674 minL= 0 maxrank=8 path=26 cpu=   1.6s
[21/60       6s]      327 bin=3 tri            solved=True  verified=True pops=  467 states=  15655 minL= 0 maxrank=7 path=30 cpu=   3.1s
[22/60       8s]      265 bin=3 tri            solved=True  verified=True pops=  836 states=  23490 minL= 0 maxrank=7 path=50 cpu=   5.4s
[23/60      12s]      579 bin=3 tri            solved=True  verified=True pops= 1328 states=  34788 minL= 0 maxrank=10 path=65 cpu=   9.7s
[24/60      17s]      380 bin=3 tri            solved=True  verified=True pops= 1977 states=  38921 minL= 0 maxrank=8 path=63 cpu=  12.0s
[25/60      21s]      548 bin=4 tri            solved=False verified=None pops= 2000 states=  54263 minL=13 maxrank=7 path=None cpu=  12.9s
[26/60      24s]      533 bin=4 tri            solved=False verified=None pops= 2000 states=  30134 minL=14 maxrank=8 path=None cpu=  11.4s
[27/60      29s]      546 bin=4 tri            solved=False verified=None pops= 2000 states= 113388 minL=15 maxrank=8 path=None cpu=  22.5s
[28/60      30s]      580 bin=4 tri            solved=True  verified=True pops=  904 states=  34197 minL= 0 maxrank=9 path=23 cpu=   8.9s
[29/60      41s]      609 bin=4 tri            solved=False verified=None pops= 2000 states=  49459 minL=14 maxrank=10 path=None cpu=  16.5s
[30/60      46s]      589 bin=4 tri            solved=False verified=None pops= 2000 states= 120312 minL=18 maxrank=9 path=None cpu=  28.6s
[31/60      50s]      538 bin=5 tri            solved=False verified=None pops= 2000 states=  98166 minL=14 maxrank=7 path=None cpu=  20.0s
[32/60      55s]      606 bin=5 tri            solved=False verified=None pops= 2000 states=  90783 minL=19 maxrank=11 path=None cpu=  24.6s
[33/60      57s]      544 bin=5 tri            solved=False verified=None pops= 2000 states=  57615 minL=15 maxrank=8 path=None cpu=  15.8s
[34/60      72s]      549 bin=5 tri            solved=False verified=None pops= 2000 states= 124643 minL=16 maxrank=8 path=None cpu=  25.4s
[35/60      73s]      543 bin=5 tri            solved=False verified=None pops= 2000 states= 116739 minL=15 maxrank=7 path=None cpu=  23.6s
[36/60      78s]      602 bin=6 tri            solved=False verified=None pops= 2000 states=  82614 minL=16 maxrank=10 path=None cpu=  21.1s
[37/60      84s]      632 bin=6 tri            solved=False verified=None pops= 2000 states=  21016 minL=15 maxrank=9 path=None cpu=  11.9s
[38/60      84s]      565 bin=5 tri            solved=False verified=None pops= 2000 states= 127801 minL=17 maxrank=9 path=None cpu=  28.3s
[39/60     105s]      573 bin=6 tri            solved=False verified=None pops= 2000 states= 177167 minL=15 maxrank=7 path=None cpu=  31.7s
[40/60     107s]      586 bin=6 tri            solved=False verified=None pops= 2000 states= 146255 minL=17 maxrank=8 path=None cpu=  28.5s
[41/60     109s]      575 bin=6 tri            solved=False verified=None pops= 2000 states=  96199 minL=17 maxrank=10 path=None cpu=  24.4s
[42/60     123s]      581 bin=6 tri            solved=False verified=None pops= 2000 states= 210352 minL=17 maxrank=8 path=None cpu=  38.4s
[43/60     130s]      578 bin=7 tri            solved=False verified=None pops= 2000 states= 115692 minL=14 maxrank=7 path=None cpu=  23.1s
[44/60     131s]      568 bin=7 tri            solved=False verified=None pops= 2000 states= 119213 minL=14 maxrank=9 path=None cpu=  25.4s
[45/60     131s]      583 bin=7 tri            solved=False verified=None pops= 2000 states= 100156 minL=14 maxrank=8 path=None cpu=  21.8s
[46/60     150s]      628 bin=7 tri            solved=False verified=None pops= 2000 states= 118709 minL=18 maxrank=9 path=None cpu=  26.9s
[47/60     156s]      605 bin=8 tri            solved=False verified=None pops= 2000 states=  81730 minL=17 maxrank=11 path=None cpu=  23.7s
[48/60     156s]      633 bin=7 tri            solved=False verified=None pops= 2000 states=  94444 minL=19 maxrank=10 path=None cpu=  25.9s
[49/60     163s]      596 bin=7 tri            solved=False verified=None pops= 2000 states= 149324 minL=18 maxrank=9 path=None cpu=  31.8s
[50/60     179s]      610 bin=8 tri            solved=False verified=None pops= 2000 states= 135251 minL=18 maxrank=9 path=None cpu=  28.9s
[51/60     183s]      622 bin=8 tri            solved=False verified=None pops= 2000 states= 100015 minL=18 maxrank=10 path=None cpu=  26.7s
[52/60     191s]      624 bin=8 tri            solved=False verified=None pops= 2000 states= 100023 minL=18 maxrank=10 path=None cpu=  27.1s
[53/60     193s]      625 bin=8 tri            solved=False verified=None pops= 2000 states= 180020 minL=17 maxrank=9 path=None cpu=  37.2s
[54/60     213s]      634 bin=9 tri            solved=False verified=None pops= 2000 states= 153165 minL=16 maxrank=8 path=None cpu=  29.8s
[55/60     217s]      623 bin=8 tri            solved=False verified=None pops= 2000 states= 180100 minL=17 maxrank=9 path=None cpu=  37.4s
[56/60     217s]      637 bin=9 tri            solved=False verified=None pops= 2000 states=  79811 minL=18 maxrank=11 path=None cpu=  23.8s
[57/60     219s]      635 bin=9 tri            solved=False verified=None pops= 2000 states= 129222 minL=16 maxrank=8 path=None cpu=  27.0s
[58/60     238s]      639 bin=9 tri            solved=False verified=None pops= 2000 states=  82899 minL=19 maxrank=10 path=None cpu=  24.5s
[59/60     242s]      638 bin=9 tri            solved=False verified=None pops= 2000 states=  80680 minL=19 maxrank=11 path=None cpu=  24.5s
[60/60     242s]      636 bin=9 tri            solved=False verified=None pops= 2000 states=  83072 minL=18 maxrank=10 path=None cpu=  24.6s
