[1/124      27s]    aca_3 bin=None dyn            solved=False verified=None pops= 2000 states= 136495 minL=17 maxrank=5 path=None cpu=  26.7s
[2/124      36s]    aca_2 bin=None dyn            solved=False verified=None pops= 2000 states= 190516 minL=16 maxrank=5 path=None cpu=  33.9s
[3/124      37s]    aca_1 bin=None dyn            solved=False verified=None pops= 2000 states= 213431 minL=15 maxrank=5 path=None cpu=  34.8s
[4/124      50s]    aca_0 bin=None dyn            solved=False verified=None pops= 2000 states= 272227 minL=18 maxrank=6 path=None cpu=  47.3s
[5/124      68s]    aca_4 bin=None dyn            solved=False verified=None pops= 2000 states= 207717 minL=17 maxrank=5 path=None cpu=  37.9s
[6/124      69s]    aca_5 bin=None dyn            solved=False verified=None pops= 2000 states= 181317 minL=16 maxrank=5 path=None cpu=  32.1s
[7/124      70s]    aca_6 bin=None dyn            solved=False verified=None pops= 2000 states= 179955 minL=16 maxrank=6 path=None cpu=  32.0s
[8/124      83s]    aca_7 bin=None dyn            solved=False verified=None pops= 2000 states= 187187 minL=15 maxrank=5 path=None cpu=  32.1s
[9/124      96s]    aca_9 bin=None dyn            solved=False verified=None pops= 2000 states= 163816 minL=15 maxrank=5 path=None cpu=  26.6s
[10/124      98s]   aca_10 bin=None dyn            solved=False verified=None pops= 2000 states= 169300 minL=15 maxrank=5 path=None cpu=  27.2s
[11/124     113s]    aca_8 bin=None dyn            solved=False verified=None pops= 2000 states= 306698 minL=14 maxrank=5 path=None cpu=  44.1s
[12/124     117s]   aca_11 bin=None dyn            solved=False verified=None pops= 2000 states= 212018 minL=15 maxrank=5 path=None cpu=  33.9s
[13/124     123s]   aca_12 bin=None dyn            solved=False verified=None pops= 2000 states= 161477 minL=15 maxrank=5 path=None cpu=  26.7s
[14/124     140s]   aca_13 bin=None dyn            solved=False verified=None pops= 2000 states= 276537 minL=15 maxrank=5 path=None cpu=  41.7s
[15/124     146s]   aca_14 bin=None dyn            solved=False verified=None pops= 2000 states= 213592 minL=15 maxrank=5 path=None cpu=  32.8s
[16/124     155s]   aca_15 bin=None dyn            solved=False verified=None pops= 2000 states= 215209 minL=16 maxrank=5 path=None cpu=  36.8s
[17/124     166s]   aca_16 bin=None dyn            solved=False verified=None pops= 2000 states= 277668 minL=15 maxrank=5 path=None cpu=  42.6s
[18/124     177s]   aca_17 bin=None dyn            solved=False verified=None pops= 2000 states= 201483 minL=17 maxrank=5 path=None cpu=  36.5s
[19/124     181s]   aca_18 bin=None dyn            solved=False verified=None pops= 2000 states= 182074 minL=17 maxrank=5 path=None cpu=  33.8s
[20/124     197s]   aca_19 bin=None dyn            solved=False verified=None pops= 2000 states= 242941 minL=17 maxrank=5 path=None cpu=  41.8s
[21/124     197s]   aca_20 bin=None dyn            solved=False verified=None pops= 2000 states= 164477 minL=17 maxrank=5 path=None cpu=  30.3s
[22/124     232s]   aca_21 bin=None dyn            solved=False verified=None pops= 2000 states= 318437 minL=17 maxrank=6 path=None cpu=  53.8s
[23/124     233s]   aca_22 bin=None dyn            solved=False verified=None pops= 2000 states= 310301 minL=17 maxrank=6 path=None cpu=  52.0s
[24/124     241s]   aca_24 bin=None dyn            solved=False verified=None pops= 2000 states= 279251 minL=15 maxrank=5 path=None cpu=  43.4s
[25/124     243s]   aca_23 bin=None dyn            solved=False verified=None pops= 2000 states= 260830 minL=17 maxrank=5 path=None cpu=  45.2s
[26/124     266s]   aca_26 bin=None dyn            solved=False verified=None pops= 2000 states= 185066 minL=16 maxrank=5 path=None cpu=  32.8s
[27/124     276s]   aca_28 bin=None dyn            solved=False verified=None pops= 2000 states= 182827 minL=16 maxrank=5 path=None cpu=  32.1s
[28/124     279s]   aca_25 bin=None dyn            solved=False verified=None pops= 2000 states= 286582 minL=16 maxrank=6 path=None cpu=  46.3s
[29/124     280s]   aca_27 bin=None dyn            solved=False verified=None pops= 2000 states= 229341 minL=17 maxrank=5 path=None cpu=  38.4s
[30/124     302s]   aca_29 bin=None dyn            solved=False verified=None pops= 2000 states= 227904 minL=15 maxrank=5 path=None cpu=  35.1s
[31/124     305s]   aca_31 bin=None dyn            solved=False verified=None pops= 2000 states= 146275 minL=15 maxrank=5 path=None cpu=  25.9s
[32/124     306s]   aca_30 bin=None dyn            solved=False verified=None pops= 2000 states= 184023 minL=15 maxrank=5 path=None cpu=  29.7s
[33/124     311s]   aca_32 bin=None dyn            solved=False verified=None pops= 2000 states= 167527 minL=16 maxrank=5 path=None cpu=  30.3s
[34/124     332s]   aca_33 bin=None dyn            solved=False verified=None pops= 2000 states= 161467 minL=16 maxrank=5 path=None cpu=  29.5s
[35/124     335s]   aca_34 bin=None dyn            solved=False verified=None pops= 2000 states= 167425 minL=16 maxrank=5 path=None cpu=  29.6s
[36/124     346s]   aca_36 bin=None dyn            solved=False verified=None pops= 2000 states= 228444 minL=15 maxrank=5 path=None cpu=  34.7s
[37/124     357s]   aca_37 bin=None dyn            solved=False verified=None pops= 2000 states= 119315 minL=17 maxrank=5 path=None cpu=  25.7s
[38/124     358s]   aca_35 bin=None dyn            solved=False verified=None pops= 2000 states= 315444 minL=17 maxrank=5 path=None cpu=  52.0s
[39/124     362s]   aca_38 bin=None dyn            solved=False verified=None pops= 2000 states= 119316 minL=17 maxrank=5 path=None cpu=  26.3s
[40/124     382s]   aca_39 bin=None dyn            solved=False verified=None pops= 2000 states= 191290 minL=18 maxrank=6 path=None cpu=  35.2s
[41/124     391s]   aca_42 bin=None dyn            solved=False verified=None pops= 2000 states= 148937 minL=18 maxrank=6 path=None cpu=  28.8s
[42/124     394s]   aca_40 bin=None dyn            solved=False verified=None pops= 2000 states= 188498 minL=18 maxrank=6 path=None cpu=  35.9s
[43/124     395s]   aca_41 bin=None dyn            solved=False verified=None pops= 2000 states= 196799 minL=18 maxrank=6 path=None cpu=  36.8s
[44/124     423s]   aca_44 bin=None dyn            solved=False verified=None pops= 2000 states= 186131 minL=16 maxrank=5 path=None cpu=  32.0s
[45/124     428s]   aca_43 bin=None dyn            solved=False verified=None pops= 2000 states= 291478 minL=16 maxrank=5 path=None cpu=  45.4s
[46/124     431s]   aca_46 bin=None dyn            solved=False verified=None pops= 2000 states= 198801 minL=18 maxrank=6 path=None cpu=  35.0s
[47/124     435s]   aca_45 bin=None dyn            solved=False verified=None pops= 2000 states= 239318 minL=17 maxrank=6 path=None cpu=  40.6s
[48/124     470s]   aca_47 bin=None dyn            solved=False verified=None pops= 2000 states= 261666 minL=18 maxrank=6 path=None cpu=  46.2s
[49/124     472s]   aca_48 bin=None dyn            solved=False verified=None pops= 2000 states= 253175 minL=17 maxrank=6 path=None cpu=  42.9s
[50/124     472s]   aca_50 bin=None dyn            solved=False verified=None pops= 2000 states= 198793 minL=18 maxrank=6 path=None cpu=  36.1s
[51/124     477s]   aca_49 bin=None dyn            solved=False verified=None pops= 2000 states= 260557 minL=18 maxrank=6 path=None cpu=  46.1s
[52/124     504s]   aca_53 bin=None dyn            solved=False verified=None pops= 2000 states= 176636 minL=16 maxrank=5 path=None cpu=  31.4s
[53/124     509s]   aca_51 bin=None dyn            solved=False verified=None pops= 2000 states= 206051 minL=18 maxrank=6 path=None cpu=  38.6s
[54/124     512s]   aca_52 bin=None dyn            solved=False verified=None pops= 2000 states= 213234 minL=18 maxrank=6 path=None cpu=  39.4s
[55/124     536s]   aca_54 bin=None dyn            solved=False verified=None pops= 2000 states= 362730 minL=16 maxrank=5 path=None cpu=  57.9s
[56/124     554s]   aca_57 bin=None dyn            solved=False verified=None pops= 2000 states= 246879 minL=17 maxrank=6 path=None cpu=  42.3s
[57/124     557s]   aca_55 bin=None dyn            solved=False verified=None pops= 2000 states= 307771 minL=17 maxrank=6 path=None cpu=  52.6s
[58/124     573s]   aca_58 bin=None dyn            solved=False verified=None pops= 2000 states= 204276 minL=17 maxrank=5 path=None cpu=  36.6s
[59/124     578s]   aca_56 bin=None dyn            solved=False verified=None pops= 2000 states= 424432 minL=17 maxrank=6 path=None cpu=  68.4s
[60/124     597s]   aca_60 bin=None dyn            solved=False verified=None pops= 2000 states= 213355 minL=18 maxrank=6 path=None cpu=  39.9s
[61/124     600s]   aca_59 bin=None dyn            solved=False verified=None pops= 2000 states= 263504 minL=17 maxrank=6 path=None cpu=  44.9s
[62/124     614s]   aca_61 bin=None dyn            solved=False verified=None pops= 2000 states= 217320 minL=18 maxrank=6 path=None cpu=  40.8s
[63/124     620s]   aca_62 bin=None dyn            solved=False verified=None pops= 2000 states= 217141 minL=19 maxrank=6 path=None cpu=  42.0s
[64/124     650s]   aca_64 bin=None dyn            solved=False verified=None pops= 2000 states= 260855 minL=19 maxrank=6 path=None cpu=  48.6s
[65/124     655s]   aca_63 bin=None dyn            solved=False verified=None pops= 2000 states= 311667 minL=19 maxrank=6 path=None cpu=  57.0s
[66/124     667s]   aca_65 bin=None dyn            solved=False verified=None pops= 2000 states= 274357 minL=19 maxrank=6 path=None cpu=  51.8s
[67/124     667s]   aca_66 bin=None dyn            solved=False verified=None pops= 2000 states= 268394 minL=17 maxrank=5 path=None cpu=  46.4s
[68/124     691s]   aca_67 bin=None dyn            solved=False verified=None pops= 2000 states= 219603 minL=18 maxrank=6 path=None cpu=  39.5s
[69/124     714s]   aca_68 bin=None dyn            solved=False verified=None pops= 2000 states= 308246 minL=19 maxrank=6 path=None cpu=  58.5s
[70/124     721s]   aca_69 bin=None dyn            solved=False verified=None pops= 2000 states= 292573 minL=19 maxrank=6 path=None cpu=  53.3s
[71/124     722s]   aca_70 bin=None dyn            solved=False verified=None pops= 2000 states= 292565 minL=19 maxrank=6 path=None cpu=  53.8s
[72/124     734s]   aca_71 bin=None dyn            solved=False verified=None pops= 2000 states= 249022 minL=17 maxrank=6 path=None cpu=  42.5s
[73/124     749s]   aca_72 bin=None dyn            solved=False verified=None pops= 2000 states= 193295 minL=16 maxrank=5 path=None cpu=  34.4s
[74/124     772s]   aca_74 bin=None dyn            solved=False verified=None pops= 2000 states= 258716 minL=19 maxrank=6 path=None cpu=  49.5s
[75/124     776s]   aca_75 bin=None dyn            solved=False verified=None pops= 2000 states= 224590 minL=19 maxrank=6 path=None cpu=  41.5s
[76/124     779s]   aca_73 bin=None dyn            solved=False verified=None pops= 2000 states= 311741 minL=19 maxrank=6 path=None cpu=  57.4s
[77/124     814s]   aca_78 bin=None dyn            solved=False verified=None pops= 2000 states= 218287 minL=18 maxrank=6 path=None cpu=  38.2s
[78/124     817s]   aca_76 bin=None dyn            solved=False verified=None pops= 2000 states= 373050 minL=19 maxrank=6 path=None cpu=  66.6s
[79/124     840s]   aca_79 bin=None dyn            solved=False verified=None pops= 2000 states= 365825 minL=17 maxrank=6 path=None cpu=  59.0s
[80/124     842s]   aca_77 bin=None dyn            solved=False verified=None pops= 2000 states= 395183 minL=19 maxrank=6 path=None cpu=  69.0s
[81/124     848s]   aca_81 bin=None dyn            solved=False verified=None pops= 2000 states= 159978 minL=17 maxrank=5 path=None cpu=  31.0s
[82/124     860s]   aca_80 bin=None dyn            solved=False verified=None pops= 2000 states= 278734 minL=16 maxrank=6 path=None cpu=  45.6s
[83/124     886s]   aca_82 bin=None dyn            solved=False verified=None pops= 2000 states= 234608 minL=19 maxrank=6 path=None cpu=  45.8s
[84/124     891s]   aca_85 bin=None dyn            solved=False verified=None pops= 2000 states= 165008 minL=17 maxrank=5 path=None cpu=  30.8s
[85/124     896s]   aca_83 bin=None dyn            solved=False verified=None pops= 2000 states= 279196 minL=19 maxrank=6 path=None cpu=  52.9s
[86/124     906s]   aca_84 bin=None dyn            solved=False verified=None pops= 2000 states= 302990 minL=19 maxrank=6 path=None cpu=  57.2s
[87/124     924s]   aca_88 bin=None dyn            solved=False verified=None pops= 2000 states= 140247 minL=17 maxrank=5 path=None cpu=  28.3s
[88/124     931s]   aca_86 bin=None dyn            solved=False verified=None pops= 2000 states= 218933 minL=19 maxrank=6 path=None cpu=  43.9s
[89/124     934s]   aca_87 bin=None dyn            solved=False verified=None pops= 2000 states= 213451 minL=18 maxrank=6 path=None cpu=  41.8s
[90/124     961s]   aca_90 bin=None dyn            solved=False verified=None pops= 2000 states= 184318 minL=18 maxrank=6 path=None cpu=  36.4s
[91/124     977s]   aca_89 bin=None dyn            solved=False verified=None pops= 2000 states= 387465 minL=19 maxrank=6 path=None cpu=  69.8s
[92/124     994s]   aca_91 bin=None dyn            solved=False verified=None pops= 2000 states= 340114 minL=20 maxrank=6 path=None cpu=  62.4s
[93/124    1009s]   aca_92 bin=None dyn            solved=False verified=None pops= 2000 states= 394592 minL=20 maxrank=6 path=None cpu=  74.3s
[94/124    1017s]   aca_93 bin=None dyn            solved=False verified=None pops= 2000 states= 276834 minL=19 maxrank=6 path=None cpu=  54.9s
[95/124    1037s]   aca_95 bin=None dyn            solved=False verified=None pops= 2000 states= 241662 minL=17 maxrank=5 path=None cpu=  41.9s
[96/124    1042s]   aca_94 bin=None dyn            solved=False verified=None pops= 2000 states= 345920 minL=20 maxrank=6 path=None cpu=  64.7s
[97/124    1049s]   aca_97 bin=None dyn            solved=False verified=None pops= 2000 states= 154190 minL=18 maxrank=5 path=None cpu=  32.2s
[98/124    1069s]   aca_98 bin=None dyn            solved=False verified=None pops= 2000 states= 149984 minL=18 maxrank=6 path=None cpu=  31.4s
[99/124    1079s]   aca_96 bin=None dyn            solved=False verified=None pops= 2000 states= 389122 minL=19 maxrank=6 path=None cpu=  69.2s
[100/124    1086s]   aca_99 bin=None dyn            solved=False verified=None pops= 2000 states= 238975 minL=17 maxrank=6 path=None cpu=  43.6s
[101/124    1089s]  aca_100 bin=None dyn            solved=False verified=None pops= 2000 states= 210274 minL=18 maxrank=6 path=None cpu=  39.0s
[102/124    1129s]  aca_101 bin=None dyn            solved=False verified=None pops= 2000 states= 315007 minL=20 maxrank=6 path=None cpu=  59.9s
[103/124    1131s]  aca_102 bin=None dyn            solved=False verified=None pops= 2000 states= 255200 minL=20 maxrank=6 path=None cpu=  52.1s
[104/124    1135s]  aca_103 bin=None dyn            solved=False verified=None pops= 2000 states= 224715 minL=20 maxrank=6 path=None cpu=  47.9s
[105/124    1143s]  aca_104 bin=None dyn            solved=False verified=None pops= 2000 states= 256703 minL=20 maxrank=6 path=None cpu=  52.8s
[106/124    1176s]  aca_106 bin=None dyn            solved=False verified=None pops= 2000 states= 216253 minL=20 maxrank=6 path=None cpu=  44.7s
[107/124    1177s]  aca_105 bin=None dyn            solved=False verified=None pops= 2000 states= 244406 minL=19 maxrank=6 path=None cpu=  46.8s
[108/124    1183s]  aca_108 bin=None dyn            solved=False verified=None pops= 2000 states= 177431 minL=21 maxrank=6 path=None cpu=  40.5s
[109/124    1189s]  aca_107 bin=None dyn            solved=False verified=None pops= 2000 states= 267251 minL=20 maxrank=6 path=None cpu=  53.4s
[110/124    1222s]  aca_109 bin=None dyn            solved=False verified=None pops= 2000 states= 214890 minL=20 maxrank=6 path=None cpu=  44.5s
[111/124    1226s]  aca_111 bin=None dyn            solved=False verified=None pops= 2000 states= 178104 minL=21 maxrank=6 path=None cpu=  41.6s
[112/124    1229s]  aca_112 bin=None dyn            solved=False verified=None pops= 2000 states= 171587 minL=21 maxrank=6 path=None cpu=  39.8s
[113/124    1231s]  aca_110 bin=None dyn            solved=False verified=None pops= 2000 states= 274563 minL=20 maxrank=6 path=None cpu=  52.8s
[114/124    1255s]  aca_116 bin=None dyn            solved=False verified=None pops= 2000 states= 136577 minL=14 maxrank=5 path=None cpu=  23.5s
[115/124    1270s]  aca_115 bin=None dyn            solved=False verified=None pops= 2000 states= 290792 minL=13 maxrank=5 path=None cpu=  39.8s
[116/124    1273s]  aca_113 bin=None dyn            solved=False verified=None pops= 2000 states= 271659 minL=20 maxrank=6 path=None cpu=  50.8s
[117/124    1278s]  aca_114 bin=None dyn            solved=False verified=None pops= 2000 states= 270803 minL=20 maxrank=6 path=None cpu=  52.1s
[118/124    1287s]  aca_117 bin=None dyn            solved=False verified=None pops= 2000 states= 195202 minL=14 maxrank=5 path=None cpu=  31.6s
[119/124    1300s]  aca_119 bin=None dyn            solved=False verified=None pops= 2000 states= 159742 minL=16 maxrank=5 path=None cpu=  26.8s
[120/124    1303s]  aca_118 bin=None dyn            solved=False verified=None pops= 2000 states= 222182 minL=15 maxrank=5 path=None cpu=  32.4s
[121/124    1313s]  aca_120 bin=None dyn            solved=False verified=None pops= 2000 states= 218253 minL=15 maxrank=5 path=None cpu=  34.5s
[122/124    1322s]  aca_121 bin=None dyn            solved=False verified=None pops= 2000 states= 216742 minL=15 maxrank=5 path=None cpu=  33.9s
[123/124    1338s]  aca_123 bin=None dyn            solved=False verified=None pops= 2000 states= 185644 minL=17 maxrank=5 path=None cpu=  35.2s
[124/124    1338s]  aca_122 bin=None dyn            solved=False verified=None pops= 2000 states= 219719 minL=16 maxrank=5 path=None cpu=  37.7s
