atlas: 124 rows, 1612 images, 0 already done, 1612 to run, budget 20000, cap 48, 2 workers
    [hcompact:python3] rows widen 6B -> 12B per relator at 2,434 states (in place)
    [hcompact:python3] rows widen 6B -> 12B per relator at 1,579 states (in place)
    [hcompact:python3] rows widen 6B -> 12B per relator at 1 states (in place)
    [hcompact:python3] rows widen 6B -> 12B per relator at 1 states (in place)
    [hcompact:python3] rows widen 6B -> 12B per relator at 1 states (in place)
    [hcompact:python3] rows widen 6B -> 12B per relator at 1 states (in place)
    [hcompact:python3] rows widen 6B -> 12B per relator at 1 states (in place)
    [hcompact:python3] rows widen 6B -> 12B per relator at 1 states (in place)
    [hcompact:python3] rows widen 6B -> 12B per relator at 46,655 states (in place)
    [hcompact:python3] rows widen 6B -> 12B per relator at 2,023 states (in place)
    [hcompact:python3] rows widen 6B -> 12B per relator at 1 states (in place)
    [hcompact:python3] reservation exceeded at 2,060,582 states; growing to 4,140,242 (this copies)
    [hcompact:python3] reservation exceeded at 2,060,673 states; growing to 4,140,242 (this copies)
    [hcompact:python3] rows widen 6B -> 12B per relator at 8,977 states (in place)
    [hcompact:python3] rows widen 6B -> 12B per relator at 1 states (in place)
    [hcompact:python3] reservation exceeded at 2,060,578 states; growing to 4,140,242 (this copies)
    [hcompact:python3] rows widen 6B -> 12B per relator at 1 states (in place)
    [hcompact:python3] rows widen 6B -> 12B per relator at 1 states (in place)
    [hcompact:python3] rows widen 6B -> 12B per relator at 1 states (in place)
    [hcompact:python3] rows widen 6B -> 12B per relator at 1 states (in place)
    [hcompact:python3] rows widen 6B -> 12B per relator at 1 states (in place)
    [hcompact:python3] reservation exceeded at 2,060,561 states; growing to 4,140,242 (this copies)
    [hcompact:python3] rows widen 6B -> 12B per relator at 1 states (in place)
    [hcompact:python3] reservation exceeded at 2,060,620 states; growing to 4,140,242 (this copies)
    [hcompact:python3] reservation exceeded at 2,060,604 states; growing to 4,140,242 (this copies)
    [hcompact:python3] rows widen 6B -> 12B per relator at 1 states (in place)
    [hcompact:python3] rows widen 6B -> 12B per relator at 1 states (in place)
    [hcompact:python3] reservation exceeded at 2,060,584 states; growing to 4,140,242 (this copies)
    [hcompact:python3] rows widen 7B -> 12B per relator at 1 states (in place)
    [hcompact:python3] rows widen 7B -> 12B per relator at 1 states (in place)
    [hcompact:python3] rows widen 7B -> 12B per relator at 1 states (in place)
    [hcompact:python3] reservation exceeded at 2,060,570 states; growing to 4,140,242 (this copies)
    [hcompact:python3] reservation exceeded at 2,060,634 states; growing to 4,140,242 (this copies)
    [hcompact:python3] rows widen 7B -> 12B per relator at 1 states (in place)
    [hcompact:python3] rows widen 6B -> 12B per relator at 5,128 states (in place)
    [hcompact:python3] rows widen 6B -> 12B per relator at 1,035 states (in place)
    [hcompact:python3] reservation exceeded at 2,060,556 states; growing to 4,140,242 (this copies)
    [hcompact:python3] rows widen 6B -> 12B per relator at 63,593 states (in place)
    [hcompact:python3] rows widen 6B -> 12B per relator at 631 states (in place)
    [hcompact:python3] rows widen 6B -> 12B per relator at 12,604 states (in place)
    [hcompact:python3] rows widen 6B -> 12B per relator at 1 states (in place)
    [hcompact:python3] rows widen 6B -> 12B per relator at 1 states (in place)
    [hcompact:python3] rows widen 6B -> 12B per relator at 1 states (in place)
    [hcompact:python3] rows widen 6B -> 12B per relator at 1 states (in place)
    [hcompact:python3] rows widen 6B -> 12B per relator at 178 states (in place)
    [hcompact:python3] rows widen 6B -> 12B per relator at 1 states (in place)
    [hcompact:python3] rows widen 6B -> 12B per relator at 10,669 states (in place)
    [hcompact:python3] reservation exceeded at 2,060,588 states; growing to 4,140,242 (this copies)
    [hcompact:python3] rows widen 6B -> 12B per relator at 1 states (in place)
    [hcompact:python3] rows widen 6B -> 12B per relator at 183 states (in place)
    [hcompact:python3] rows widen 6B -> 12B per relator at 1 states (in place)
    [hcompact:python3] rows widen 6B -> 12B per relator at 1 states (in place)
    [hcompact:python3] rows widen 6B -> 12B per relator at 1 states (in place)
    [hcompact:python3] rows widen 6B -> 12B per relator at 183 states (in place)
    [hcompact:python3] rows widen 6B -> 12B per relator at 1 states (in place)
    [hcompact:python3] rows widen 6B -> 12B per relator at 1 states (in place)
    [hcompact:python3] rows widen 6B -> 12B per relator at 1 states (in place)
    [hcompact:python3] rows widen 6B -> 12B per relator at 1 states (in place)
    [hcompact:python3] rows widen 6B -> 12B per relator at 1 states (in place)
    [hcompact:python3] rows widen 6B -> 12B per relator at 1 states (in place)
    [hcompact:python3] rows widen 6B -> 12B per relator at 1 states (in place)
  25/1612 records  0.9 min elapsed  ETA 60.0 min
    [hcompact:python3] rows widen 6B -> 12B per relator at 9,400 states (in place)
    [hcompact:python3] rows widen 6B -> 12B per relator at 1,902 states (in place)
    [hcompact:python3] rows widen 6B -> 12B per relator at 1 states (in place)
    [hcompact:python3] rows widen 6B -> 12B per relator at 1 states (in place)
    [hcompact:python3] rows widen 6B -> 12B per relator at 1 states (in place)
    [hcompact:python3] rows widen 6B -> 12B per relator at 1 states (in place)
    [hcompact:python3] rows widen 6B -> 12B per relator at 1 states (in place)
    [hcompact:python3] rows widen 6B -> 12B per relator at 1 states (in place)
    [hcompact:python3] rows widen 6B -> 12B per relator at 2,418 states (in place)
    [hcompact:python3] rows widen 6B -> 12B per relator at 46,655 states (in place)
    [hcompact:python3] reservation exceeded at 2,060,579 states; growing to 4,140,242 (this copies)
    [hcompact:python3] rows widen 6B -> 12B per relator at 1 states (in place)
    [hcompact:python3] rows widen 6B -> 12B per relator at 8,977 states (in place)
    [hcompact:python3] reservation exceeded at 2,060,571 states; growing to 4,140,242 (this copies)
    [hcompact:python3] reservation exceeded at 2,060,549 states; growing to 4,140,242 (this copies)
    [hcompact:python3] rows widen 6B -> 12B per relator at 1 states (in place)
    [hcompact:python3] rows widen 6B -> 12B per relator at 1 states (in place)
    [hcompact:python3] rows widen 6B -> 12B per relator at 1 states (in place)
    [hcompact:python3] rows widen 6B -> 12B per relator at 1 states (in place)
    [hcompact:python3] reservation exceeded at 2,060,582 states; growing to 4,140,242 (this copies)
    [hcompact:python3] reservation exceeded at 2,060,644 states; growing to 4,140,242 (this copies)
    [hcompact:python3] rows widen 6B -> 12B per relator at 1 states (in place)
    [hcompact:python3] rows widen 6B -> 12B per relator at 1 states (in place)
    [hcompact:python3] reservation exceeded at 2,060,612 states; growing to 4,140,242 (this copies)
    [hcompact:python3] reservation exceeded at 2,060,538 states; growing to 4,140,242 (this copies)
    [hcompact:python3] rows widen 6B -> 12B per relator at 1 states (in place)
    [hcompact:python3] rows widen 6B -> 12B per relator at 1 states (in place)
    [hcompact:python3] rows widen 6B -> 12B per relator at 1 states (in place)
    [hcompact:python3] rows widen 6B -> 12B per relator at 1 states (in place)
    [hcompact:python3] rows widen 6B -> 12B per relator at 1 states (in place)
    [hcompact:python3] rows widen 6B -> 12B per relator at 1 states (in place)
    [hcompact:python3] rows widen 6B -> 12B per relator at 1 states (in place)
    [hcompact:python3] rows widen 6B -> 12B per relator at 5,128 states (in place)
    [hcompact:python3] rows widen 6B -> 12B per relator at 1,035 states (in place)
    [hcompact:python3] rows widen 6B -> 12B per relator at 631 states (in place)
    [hcompact:python3] rows widen 6B -> 12B per relator at 12,604 states (in place)
    [hcompact:python3] rows widen 6B -> 12B per relator at 1 states (in place)
    [hcompact:python3] rows widen 6B -> 12B per relator at 1 states (in place)
    [hcompact:python3] rows widen 6B -> 12B per relator at 63,593 states (in place)
    [hcompact:python3] rows widen 6B -> 12B per relator at 1 states (in place)
    [hcompact:python3] rows widen 6B -> 12B per relator at 1 states (in place)
    [hcompact:python3] rows widen 6B -> 12B per relator at 178 states (in place)
    [hcompact:python3] rows widen 6B -> 12B per relator at 1 states (in place)
    [hcompact:python3] rows widen 6B -> 12B per relator at 10,669 states (in place)
    [hcompact:python3] reservation exceeded at 2,060,562 states; growing to 4,140,242 (this copies)
    [hcompact:python3] rows widen 6B -> 12B per relator at 1 states (in place)
    [hcompact:python3] rows widen 6B -> 12B per relator at 183 states (in place)
    [hcompact:python3] rows widen 6B -> 12B per relator at 1 states (in place)
    [hcompact:python3] rows widen 6B -> 12B per relator at 183 states (in place)
    [hcompact:python3] rows widen 6B -> 12B per relator at 1 states (in place)
    [hcompact:python3] rows widen 6B -> 12B per relator at 1 states (in place)
    [hcompact:python3] rows widen 6B -> 12B per relator at 1 states (in place)
    [hcompact:python3] rows widen 6B -> 12B per relator at 1 states (in place)
    [hcompact:python3] rows widen 6B -> 12B per relator at 1 states (in place)
    [hcompact:python3] rows widen 6B -> 12B per relator at 1 states (in place)
    [hcompact:python3] rows widen 6B -> 12B per relator at 1 states (in place)
  50/1612 records  1.7 min elapsed  ETA 52.5 min
    [hcompact:python3] rows widen 6B -> 12B per relator at 1 states (in place)
    [hcompact:python3] rows widen 6B -> 12B per relator at 1 states (in place)
    [hcompact:python3] rows widen 6B -> 12B per relator at 2,434 states (in place)
    [hcompact:python3] rows widen 6B -> 12B per relator at 1,579 states (in place)
    [hcompact:python3] rows widen 6B -> 12B per relator at 2,201 states (in place)
    [hcompact:python3] rows widen 6B -> 12B per relator at 106,211 states (in place)
    [hcompact:python3] rows widen 6B -> 12B per relator at 1 states (in place)
    [hcompact:python3] rows widen 6B -> 12B per relator at 46,655 states (in place)
    [hcompact:python3] rows widen 6B -> 12B per relator at 1 states (in place)
    [hcompact:python3] rows widen 6B -> 12B per relator at 1 states (in place)
    [hcompact:python3] rows widen 6B -> 12B per relator at 1 states (in place)
    [hcompact:python3] reservation exceeded at 2,060,543 states; growing to 4,140,242 (this copies)
    [hcompact:python3] rows widen 6B -> 12B per relator at 2,023 states (in place)
    [hcompact:python3] rows widen 6B -> 12B per relator at 1 states (in place)
    [hcompact:python3] reservation exceeded at 2,060,661 states; growing to 4,140,242 (this copies)
    [hcompact:python3] rows widen 6B -> 12B per relator at 8,977 states (in place)
    [hcompact:python3] reservation exceeded at 2,060,644 states; growing to 4,140,242 (this copies)
    [hcompact:python3] rows widen 6B -> 12B per relator at 1 states (in place)
    [hcompact:python3] reservation exceeded at 2,060,531 states; growing to 4,140,242 (this copies)
    [hcompact:python3] rows widen 6B -> 12B per relator at 1 states (in place)
    [hcompact:python3] rows widen 6B -> 12B per relator at 1 states (in place)
    [hcompact:python3] rows widen 6B -> 12B per relator at 1 states (in place)
    [hcompact:python3] rows widen 6B -> 12B per relator at 1 states (in place)
    [hcompact:python3] rows widen 6B -> 12B per relator at 1 states (in place)
    [hcompact:python3] reservation exceeded at 2,060,621 states; growing to 4,140,242 (this copies)
    [hcompact:python3] rows widen 6B -> 12B per relator at 1 states (in place)
    [hcompact:python3] reservation exceeded at 2,060,595 states; growing to 4,140,242 (this copies)
    [hcompact:python3] rows widen 6B -> 12B per relator at 1 states (in place)
    [hcompact:python3] reservation exceeded at 2,060,635 states; growing to 4,140,242 (this copies)
    [hcompact:python3] rows widen 6B -> 12B per relator at 1 states (in place)
    [hcompact:python3] reservation exceeded at 2,060,614 states; growing to 4,140,242 (this copies)
    [hcompact:python3] rows widen 7B -> 12B per relator at 1 states (in place)
    [hcompact:python3] rows widen 7B -> 12B per relator at 1 states (in place)
    [hcompact:python3] rows widen 7B -> 12B per relator at 1 states (in place)
    [hcompact:python3] reservation exceeded at 2,060,578 states; growing to 4,140,242 (this copies)
    [hcompact:python3] reservation exceeded at 2,060,572 states; growing to 4,140,242 (this copies)
    [hcompact:python3] rows widen 6B -> 12B per relator at 2,434 states (in place)
    [hcompact:python3] rows widen 6B -> 12B per relator at 1,902 states (in place)
    [hcompact:python3] rows widen 7B -> 12B per relator at 1 states (in place)
    [hcompact:python3] rows widen 6B -> 12B per relator at 46,655 states (in place)
    [hcompact:python3] reservation exceeded at 2,060,613 states; growing to 4,140,242 (this copies)
    [hcompact:python3] rows widen 6B -> 12B per relator at 1 states (in place)
    [hcompact:python3] rows widen 6B -> 12B per relator at 1 states (in place)
    [hcompact:python3] rows widen 6B -> 12B per relator at 1 states (in place)
    [hcompact:python3] rows widen 6B -> 12B per relator at 1 states (in place)
    [hcompact:python3] rows widen 6B -> 12B per relator at 1 states (in place)
    [hcompact:python3] rows widen 6B -> 12B per relator at 1 states (in place)
    [hcompact:python3] rows widen 6B -> 12B per relator at 2,418 states (in place)
    [hcompact:python3] rows widen 6B -> 12B per relator at 1 states (in place)
    [hcompact:python3] reservation exceeded at 2,060,544 states; growing to 4,140,242 (this copies)
    [hcompact:python3] reservation exceeded at 2,060,588 states; growing to 4,140,242 (this copies)
    [hcompact:python3] rows widen 6B -> 12B per relator at 8,977 states (in place)
    [hcompact:python3] rows widen 6B -> 12B per relator at 1 states (in place)
    [hcompact:python3] reservation exceeded at 2,060,592 states; growing to 4,140,242 (this copies)
    [hcompact:python3] reservation exceeded at 2,060,604 states; growing to 4,140,242 (this copies)
    [hcompact:python3] rows widen 6B -> 12B per relator at 1 states (in place)
    [hcompact:python3] rows widen 6B -> 12B per relator at 1 states (in place)
    [hcompact:python3] rows widen 6B -> 12B per relator at 1 states (in place)
    [hcompact:python3] rows widen 6B -> 12B per relator at 1 states (in place)
    [hcompact:python3] reservation exceeded at 2,060,538 states; growing to 4,140,242 (this copies)
    [hcompact:python3] reservation exceeded at 2,060,526 states; growing to 4,140,242 (this copies)
    [hcompact:python3] rows widen 6B -> 12B per relator at 1 states (in place)
    [hcompact:python3] rows widen 6B -> 12B per relator at 1 states (in place)
    [hcompact:python3] reservation exceeded at 2,060,599 states; growing to 4,140,242 (this copies)
    [hcompact:python3] rows widen 6B -> 12B per relator at 1 states (in place)
    [hcompact:python3] rows widen 6B -> 12B per relator at 1 states (in place)
  75/1612 records  2.7 min elapsed  ETA 54.5 min
    [hcompact:python3] rows widen 6B -> 12B per relator at 1 states (in place)
    [hcompact:python3] rows widen 6B -> 12B per relator at 1 states (in place)
    [hcompact:python3] rows widen 6B -> 12B per relator at 1 states (in place)
    [hcompact:python3] rows widen 6B -> 12B per relator at 1 states (in place)
    [hcompact:python3] rows widen 6B -> 12B per relator at 183 states (in place)
    [hcompact:python3] rows widen 6B -> 12B per relator at 1 states (in place)
    [hcompact:python3] rows widen 6B -> 12B per relator at 492 states (in place)
    [hcompact:python3] rows widen 6B -> 12B per relator at 1 states (in place)
    [hcompact:python3] reservation exceeded at 2,060,522 states; growing to 4,140,242 (this copies)
    [hcompact:python3] reservation exceeded at 2,060,544 states; growing to 4,140,242 (this copies)
    [hcompact:python3] rows widen 6B -> 12B per relator at 1 states (in place)
    [hcompact:python3] rows widen 6B -> 12B per relator at 1 states (in place)
    [hcompact:python3] rows widen 6B -> 12B per relator at 476 states (in place)
    [hcompact:python3] rows widen 6B -> 12B per relator at 1 states (in place)
    [hcompact:python3] rows widen 6B -> 12B per relator at 1 states (in place)
    [hcompact:python3] reservation exceeded at 2,060,563 states; growing to 4,140,242 (this copies)
    [hcompact:python3] rows widen 6B -> 12B per relator at 878 states (in place)
    [hcompact:python3] rows widen 6B -> 12B per relator at 1 states (in place)
    [hcompact:python3] rows widen 6B -> 12B per relator at 1 states (in place)
    [hcompact:python3] reservation exceeded at 2,060,520 states; growing to 4,140,242 (this copies)
    [hcompact:python3] rows widen 6B -> 12B per relator at 1 states (in place)
    [hcompact:python3] reservation exceeded at 2,060,545 states; growing to 4,140,242 (this copies)
    [hcompact:python3] rows widen 6B -> 12B per relator at 1 states (in place)
    [hcompact:python3] rows widen 6B -> 12B per relator at 1 states (in place)
    [hcompact:python3] rows widen 6B -> 12B per relator at 1 states (in place)
    [hcompact:python3] reservation exceeded at 2,060,652 states; growing to 4,140,242 (this copies)
    [hcompact:python3] rows widen 6B -> 12B per relator at 1 states (in place)
    [hcompact:python3] rows widen 6B -> 12B per relator at 1 states (in place)
    [hcompact:python3] rows widen 6B -> 12B per relator at 1 states (in place)
    [hcompact:python3] rows widen 6B -> 12B per relator at 1 states (in place)
    [hcompact:python3] reservation exceeded at 2,060,564 states; growing to 4,140,242 (this copies)
    [hcompact:python3] rows widen 6B -> 12B per relator at 1 states (in place)
    [hcompact:python3] reservation exceeded at 2,060,538 states; growing to 4,140,242 (this copies)
    [hcompact:python3] rows widen 6B -> 12B per relator at 1 states (in place)
    [hcompact:python3] reservation exceeded at 2,060,521 states; growing to 4,140,242 (this copies)
    [hcompact:python3] rows widen 6B -> 12B per relator at 1 states (in place)
    [hcompact:python3] reservation exceeded at 2,060,585 states; growing to 4,140,242 (this copies)
    [hcompact:python3] rows widen 6B -> 12B per relator at 1 states (in place)
    [hcompact:python3] rows widen 6B -> 12B per relator at 1 states (in place)
    [hcompact:python3] rows widen 6B -> 12B per relator at 1 states (in place)
    [hcompact:python3] rows widen 6B -> 12B per relator at 1,109 states (in place)
    [hcompact:python3] rows widen 6B -> 12B per relator at 6,137 states (in place)
    [hcompact:python3] rows widen 6B -> 12B per relator at 1,440 states (in place)
    [hcompact:python3] rows widen 6B -> 12B per relator at 1 states (in place)
    [hcompact:python3] rows widen 6B -> 12B per relator at 1 states (in place)
    [hcompact:python3] reservation exceeded at 2,060,574 states; growing to 4,140,242 (this copies)
    [hcompact:python3] rows widen 6B -> 12B per relator at 7,911 states (in place)
    [hcompact:python3] rows widen 6B -> 12B per relator at 1,197 states (in place)
    [hcompact:python3] rows widen 6B -> 12B per relator at 527 states (in place)
    [hcompact:python3] reservation exceeded at 2,060,681 states; growing to 4,140,242 (this copies)
    [hcompact:python3] rows widen 6B -> 12B per relator at 844 states (in place)
    [hcompact:python3] rows widen 6B -> 12B per relator at 34,437 states (in place)
    [hcompact:python3] rows widen 6B -> 12B per relator at 1 states (in place)
    [hcompact:python3] rows widen 6B -> 12B per relator at 1 states (in place)
    [hcompact:python3] reservation exceeded at 2,060,597 states; growing to 4,140,242 (this copies)
    [hcompact:python3] reservation exceeded at 2,060,615 states; growing to 4,140,242 (this copies)
    [hcompact:python3] rows widen 6B -> 12B per relator at 1 states (in place)
    [hcompact:python3] rows widen 6B -> 12B per relator at 1 states (in place)
    [hcompact:python3] reservation exceeded at 2,060,573 states; growing to 4,140,242 (this copies)
    [hcompact:python3] reservation exceeded at 2,060,549 states; growing to 4,140,242 (this copies)
    [hcompact:python3] rows widen 6B -> 12B per relator at 1 states (in place)
    [hcompact:python3] rows widen 6B -> 12B per relator at 1 states (in place)
    [hcompact:python3] rows widen 6B -> 12B per relator at 1 states (in place)
    [hcompact:python3] rows widen 6B -> 12B per relator at 1 states (in place)
    [hcompact:python3] rows widen 6B -> 12B per relator at 1 states (in place)
    [hcompact:python3] reservation exceeded at 2,060,702 states; growing to 4,140,242 (this copies)
  100/1612 records  3.8 min elapsed  ETA 57.0 min
    [hcompact:python3] rows widen 6B -> 12B per relator at 1 states (in place)
    [hcompact:python3] rows widen 6B -> 12B per relator at 1 states (in place)
    [hcompact:python3] reservation exceeded at 2,060,609 states; growing to 4,140,242 (this copies)
    [hcompact:python3] rows widen 6B -> 12B per relator at 1 states (in place)
    [hcompact:python3] rows widen 6B -> 12B per relator at 1 states (in place)
    [hcompact:python3] rows widen 6B -> 12B per relator at 1 states (in place)
    [hcompact:python3] reservation exceeded at 2,060,634 states; growing to 4,140,242 (this copies)
    [hcompact:python3] rows widen 6B -> 12B per relator at 1 states (in place)
    [hcompact:python3] rows widen 6B -> 12B per relator at 5,975 states (in place)
    [hcompact:python3] rows widen 6B -> 12B per relator at 29,628 states (in place)
    [hcompact:python3] rows widen 6B -> 12B per relator at 1 states (in place)
    [hcompact:python3] rows widen 6B -> 12B per relator at 1 states (in place)
    [hcompact:python3] rows widen 6B -> 12B per relator at 1,225 states (in place)
    [hcompact:python3] rows widen 6B -> 12B per relator at 1 states (in place)
    [hcompact:python3] rows widen 6B -> 12B per relator at 4,113 states (in place)
    [hcompact:python3] rows widen 6B -> 12B per relator at 7,872 states (in place)
    [hcompact:python3] rows widen 6B -> 12B per relator at 10,323 states (in place)
    [hcompact:python3] rows widen 6B -> 12B per relator at 1 states (in place)
    [hcompact:python3] rows widen 6B -> 12B per relator at 1 states (in place)
    [hcompact:python3] rows widen 6B -> 12B per relator at 1 states (in place)
    [hcompact:python3] rows widen 6B -> 12B per relator at 1 states (in place)
    [hcompact:python3] rows widen 6B -> 12B per relator at 1 states (in place)
    [hcompact:python3] rows widen 6B -> 12B per relator at 61,721 states (in place)
    [hcompact:python3] rows widen 6B -> 12B per relator at 1 states (in place)
    [hcompact:python3] rows widen 6B -> 12B per relator at 1 states (in place)
    [hcompact:python3] rows widen 6B -> 12B per relator at 1 states (in place)
    [hcompact:python3] rows widen 6B -> 12B per relator at 1 states (in place)
    [hcompact:python3] rows widen 6B -> 12B per relator at 1 states (in place)
    [hcompact:python3] rows widen 6B -> 12B per relator at 1 states (in place)
    [hcompact:python3] rows widen 6B -> 12B per relator at 7,305 states (in place)
    [hcompact:python3] reservation exceeded at 2,060,670 states; growing to 4,140,242 (this copies)
    [hcompact:python3] rows widen 6B -> 12B per relator at 55,671 states (in place)
    [hcompact:python3] rows widen 6B -> 12B per relator at 7,038 states (in place)
    [hcompact:python3] rows widen 6B -> 12B per relator at 1 states (in place)
    [hcompact:python3] rows widen 6B -> 12B per relator at 137,951 states (in place)
    [hcompact:python3] reservation exceeded at 2,060,636 states; growing to 4,140,242 (this copies)
    [hcompact:python3] rows widen 6B -> 12B per relator at 1 states (in place)
    [hcompact:python3] rows widen 6B -> 12B per relator at 1 states (in place)
    [hcompact:python3] rows widen 6B -> 12B per relator at 1 states (in place)
    [hcompact:python3] rows widen 6B -> 12B per relator at 1 states (in place)
    [hcompact:python3] rows widen 6B -> 12B per relator at 1 states (in place)
    [hcompact:python3] rows widen 6B -> 12B per relator at 1 states (in place)
    [hcompact:python3] rows widen 6B -> 12B per relator at 1 states (in place)
    [hcompact:python3] rows widen 6B -> 12B per relator at 9,883 states (in place)
    [hcompact:python3] rows widen 7B -> 12B per relator at 1 states (in place)
    [hcompact:python3] reservation exceeded at 2,060,600 states; growing to 4,140,242 (this copies)
    [hcompact:python3] rows widen 6B -> 12B per relator at 1 states (in place)
    [hcompact:python3] reservation exceeded at 2,060,542 states; growing to 4,140,242 (this copies)
    [hcompact:python3] reservation exceeded at 2,060,629 states; growing to 4,140,242 (this copies)
    [hcompact:python3] rows widen 7B -> 12B per relator at 1 states (in place)
    [hcompact:python3] rows widen 7B -> 12B per relator at 1 states (in place)
    [hcompact:python3] reservation exceeded at 2,060,548 states; growing to 4,140,242 (this copies)
    [hcompact:python3] reservation exceeded at 2,060,778 states; growing to 4,140,242 (this copies)
    [hcompact:python3] rows widen 6B -> 12B per relator at 1 states (in place)
    [hcompact:python3] rows widen 6B -> 12B per relator at 1 states (in place)
    [hcompact:python3] rows widen 6B -> 12B per relator at 1 states (in place)
    [hcompact:python3] rows widen 6B -> 12B per relator at 1 states (in place)
  125/1612 records  4.5 min elapsed  ETA 54.0 min
    [hcompact:python3] rows widen 7B -> 12B per relator at 1 states (in place)
    [hcompact:python3] rows widen 7B -> 12B per relator at 1 states (in place)
    [hcompact:python3] reservation exceeded at 2,060,564 states; growing to 4,140,242 (this copies)
    [hcompact:python3] reservation exceeded at 2,060,595 states; growing to 4,140,242 (this copies)
    [hcompact:python3] rows widen 7B -> 12B per relator at 1 states (in place)
    [hcompact:python3] rows widen 6B -> 12B per relator at 1 states (in place)
    [hcompact:python3] rows widen 6B -> 12B per relator at 1 states (in place)
    [hcompact:python3] rows widen 6B -> 12B per relator at 1 states (in place)
    [hcompact:python3] rows widen 6B -> 12B per relator at 1 states (in place)
    [hcompact:python3] rows widen 6B -> 12B per relator at 1,902 states (in place)
    [hcompact:python3] reservation exceeded at 2,060,535 states; growing to 4,140,242 (this copies)
    [hcompact:python3] rows widen 6B -> 12B per relator at 46,655 states (in place)
    [hcompact:python3] rows widen 6B -> 12B per relator at 1 states (in place)
    [hcompact:python3] rows widen 6B -> 12B per relator at 1 states (in place)
    [hcompact:python3] rows widen 6B -> 12B per relator at 777 states (in place)
    [hcompact:python3] rows widen 6B -> 12B per relator at 1 states (in place)
    [hcompact:python3] reservation exceeded at 2,060,521 states; growing to 4,140,242 (this copies)
    [hcompact:python3] rows widen 6B -> 12B per relator at 777 states (in place)
    [hcompact:python3] reservation exceeded at 2,060,604 states; growing to 4,140,242 (this copies)
    [hcompact:python3] rows widen 6B -> 12B per relator at 1 states (in place)
    [hcompact:python3] rows widen 6B -> 12B per relator at 1 states (in place)
    [hcompact:python3] rows widen 6B -> 12B per relator at 1 states (in place)
    [hcompact:python3] rows widen 6B -> 12B per relator at 1 states (in place)
    [hcompact:python3] reservation exceeded at 2,060,563 states; growing to 4,140,242 (this copies)
    [hcompact:python3] rows widen 6B -> 12B per relator at 1 states (in place)
    [hcompact:python3] rows widen 6B -> 12B per relator at 69 states (in place)
    [hcompact:python3] rows widen 6B -> 12B per relator at 372 states (in place)
    [hcompact:python3] reservation exceeded at 2,060,546 states; growing to 4,140,242 (this copies)
    [hcompact:python3] reservation exceeded at 2,060,643 states; growing to 4,140,242 (this copies)
    [hcompact:python3] rows widen 6B -> 12B per relator at 2,544 states (in place)
    [hcompact:python3] rows widen 6B -> 12B per relator at 1,220 states (in place)
    [hcompact:python3] rows widen 6B -> 12B per relator at 1 states (in place)
    [hcompact:python3] reservation exceeded at 2,060,561 states; growing to 4,140,242 (this copies)
    [hcompact:python3] rows widen 6B -> 12B per relator at 1 states (in place)
    [hcompact:python3] rows widen 7B -> 12B per relator at 1 states (in place)
    [hcompact:python3] rows widen 6B -> 12B per relator at 1 states (in place)
    [hcompact:python3] reservation exceeded at 2,060,633 states; growing to 4,140,242 (this copies)
    [hcompact:python3] rows widen 7B -> 12B per relator at 1 states (in place)
    [hcompact:python3] reservation exceeded at 2,060,584 states; growing to 4,140,242 (this copies)
    [hcompact:python3] rows widen 6B -> 12B per relator at 1 states (in place)
    [hcompact:python3] reservation exceeded at 2,060,586 states; growing to 4,140,242 (this copies)
    [hcompact:python3] rows widen 6B -> 12B per relator at 1 states (in place)
    [hcompact:python3] reservation exceeded at 2,060,580 states; growing to 4,140,242 (this copies)
    [hcompact:python3] rows widen 8B -> 12B per relator at 1 states (in place)
    [hcompact:python3] reservation exceeded at 2,060,544 states; growing to 4,140,242 (this copies)
    [hcompact:python3] rows widen 6B -> 12B per relator at 1 states (in place)
    [hcompact:python3] rows widen 8B -> 12B per relator at 1 states (in place)
    [hcompact:python3] rows widen 7B -> 12B per relator at 1 states (in place)
    [hcompact:python3] reservation exceeded at 2,060,542 states; growing to 4,140,242 (this copies)
    [hcompact:python3] rows widen 7B -> 12B per relator at 1 states (in place)
    [hcompact:python3] rows widen 6B -> 12B per relator at 91 states (in place)
    [hcompact:python3] rows widen 6B -> 12B per relator at 1 states (in place)
    [hcompact:python3] rows widen 6B -> 12B per relator at 1 states (in place)
    [hcompact:python3] rows widen 6B -> 12B per relator at 1 states (in place)
    [hcompact:python3] rows widen 6B -> 12B per relator at 106,211 states (in place)
    [hcompact:python3] rows widen 6B -> 12B per relator at 1 states (in place)
    [hcompact:python3] rows widen 6B -> 12B per relator at 99 states (in place)
    [hcompact:python3] rows widen 6B -> 12B per relator at 2,353 states (in place)
    [hcompact:python3] rows widen 7B -> 12B per relator at 1 states (in place)
    [hcompact:python3] rows widen 7B -> 12B per relator at 1 states (in place)
    [hcompact:python3] rows widen 7B -> 12B per relator at 1 states (in place)
    [hcompact:python3] rows widen 7B -> 12B per relator at 1 states (in place)
    [hcompact:python3] rows widen 6B -> 12B per relator at 1 states (in place)
    [hcompact:python3] rows widen 6B -> 12B per relator at 1 states (in place)
  150/1612 records  5.6 min elapsed  ETA 54.3 min
    [hcompact:python3] rows widen 6B -> 12B per relator at 1 states (in place)
    [hcompact:python3] reservation exceeded at 2,060,550 states; growing to 4,140,242 (this copies)
    [hcompact:python3] reservation exceeded at 2,060,543 states; growing to 4,140,242 (this copies)
    [hcompact:python3] rows widen 6B -> 12B per relator at 1 states (in place)
    [hcompact:python3] rows widen 6B -> 12B per relator at 1 states (in place)
    [hcompact:python3] rows widen 6B -> 12B per relator at 1 states (in place)
    [hcompact:python3] rows widen 6B -> 12B per relator at 1 states (in place)
    [hcompact:python3] rows widen 6B -> 12B per relator at 1 states (in place)
    [hcompact:python3] rows widen 6B -> 12B per relator at 1 states (in place)
    [hcompact:python3] rows widen 6B -> 12B per relator at 1 states (in place)
    [hcompact:python3] reservation exceeded at 2,060,585 states; growing to 4,140,242 (this copies)
    [hcompact:python3] reservation exceeded at 2,060,526 states; growing to 4,140,242 (this copies)
    [hcompact:python3] rows widen 6B -> 12B per relator at 1,579 states (in place)
    [hcompact:python3] rows widen 6B -> 12B per relator at 1 states (in place)
    [hcompact:python3] rows widen 6B -> 12B per relator at 1 states (in place)
    [hcompact:python3] rows widen 6B -> 12B per relator at 2,353 states (in place)
    [hcompact:python3] rows widen 6B -> 12B per relator at 1 states (in place)
    [hcompact:python3] rows widen 6B -> 12B per relator at 46,655 states (in place)
    [hcompact:python3] reservation exceeded at 2,060,528 states; growing to 4,140,242 (this copies)
    [hcompact:python3] rows widen 6B -> 12B per relator at 1,579 states (in place)
    [hcompact:python3] rows widen 6B -> 12B per relator at 1 states (in place)
    [hcompact:python3] rows widen 6B -> 12B per relator at 46,655 states (in place)
    [hcompact:python3] rows widen 6B -> 12B per relator at 1 states (in place)
    [hcompact:python3] rows widen 6B -> 12B per relator at 1 states (in place)
    [hcompact:python3] rows widen 6B -> 12B per relator at 1 states (in place)
    [hcompact:python3] reservation exceeded at 2,060,597 states; growing to 4,140,242 (this copies)
    [hcompact:python3] rows widen 6B -> 12B per relator at 1 states (in place)
    [hcompact:python3] rows widen 6B -> 12B per relator at 1 states (in place)
    [hcompact:python3] rows widen 6B -> 12B per relator at 1 states (in place)
    [hcompact:python3] rows widen 8B -> 12B per relator at 1 states (in place)
    [hcompact:python3] reservation exceeded at 2,060,542 states; growing to 4,140,242 (this copies)
    [hcompact:python3] rows widen 8B -> 12B per relator at 1 states (in place)
    [hcompact:python3] rows widen 10B -> 12B per relator at 1 states (in place)
    [hcompact:python3] rows widen 6B -> 12B per relator at 2,023 states (in place)
    [hcompact:python3] reservation exceeded at 2,060,661 states; growing to 4,140,242 (this copies)
    [hcompact:python3] reservation exceeded at 2,060,582 states; growing to 4,140,242 (this copies)
    [hcompact:python3] rows widen 10B -> 12B per relator at 1 states (in place)
    [hcompact:python3] rows widen 6B -> 12B per relator at 8,977 states (in place)
    [hcompact:python3] reservation exceeded at 2,060,518 states; growing to 4,140,242 (this copies)
    [hcompact:python3] reservation exceeded at 2,060,578 states; growing to 4,140,242 (this copies)
    [hcompact:python3] rows widen 6B -> 12B per relator at 1 states (in place)
    [hcompact:python3] rows widen 9B -> 12B per relator at 1 states (in place)
    [hcompact:python3] reservation exceeded at 2,060,673 states; growing to 4,140,242 (this copies)
    [hcompact:python3] reservation exceeded at 2,060,518 states; growing to 4,140,242 (this copies)
    [hcompact:python3] rows widen 6B -> 12B per relator at 1 states (in place)
    [hcompact:python3] rows widen 9B -> 12B per relator at 1 states (in place)
    [hcompact:python3] reservation exceeded at 2,060,561 states; growing to 4,140,242 (this copies)
    [hcompact:python3] rows widen 8B -> 12B per relator at 1 states (in place)
    [hcompact:python3] reservation exceeded at 2,060,623 states; growing to 4,140,242 (this copies)
    [hcompact:python3] rows widen 6B -> 12B per relator at 1 states (in place)
    [hcompact:python3] rows widen 6B -> 12B per relator at 1 states (in place)
    [hcompact:python3] rows widen 6B -> 12B per relator at 777 states (in place)
    [hcompact:python3] reservation exceeded at 2,060,595 states; growing to 4,140,242 (this copies)
    [hcompact:python3] rows widen 8B -> 12B per relator at 1 states (in place)
    [hcompact:python3] reservation exceeded at 2,060,631 states; growing to 4,140,242 (this copies)
    [hcompact:python3] rows widen 6B -> 12B per relator at 777 states (in place)
    [hcompact:python3] reservation exceeded at 2,060,648 states; growing to 4,140,242 (this copies)
    [hcompact:python3] rows widen 6B -> 12B per relator at 1 states (in place)
    [hcompact:python3] rows widen 6B -> 12B per relator at 1 states (in place)
    [hcompact:python3] reservation exceeded at 2,060,544 states; growing to 4,140,242 (this copies)
    [hcompact:python3] reservation exceeded at 2,060,563 states; growing to 4,140,242 (this copies)
    [hcompact:python3] rows widen 6B -> 12B per relator at 1 states (in place)
    [hcompact:python3] rows widen 6B -> 12B per relator at 1 states (in place)
    [hcompact:python3] rows widen 6B -> 12B per relator at 1 states (in place)
    [hcompact:python3] rows widen 6B -> 12B per relator at 188 states (in place)
    [hcompact:python3] rows widen 6B -> 12B per relator at 1 states (in place)
    [hcompact:python3] reservation exceeded at 2,060,520 states; growing to 4,140,242 (this copies)
    [hcompact:python3] rows widen 6B -> 12B per relator at 218 states (in place)
    [hcompact:python3] rows widen 6B -> 12B per relator at 2,544 states (in place)
    [hcompact:python3] reservation exceeded at 2,060,643 states; growing to 4,140,242 (this copies)
    [hcompact:python3] rows widen 6B -> 12B per relator at 1,220 states (in place)
  175/1612 records  7.0 min elapsed  ETA 57.2 min
    [hcompact:python3] rows widen 6B -> 12B per relator at 1 states (in place)
    [hcompact:python3] rows widen 6B -> 12B per relator at 1 states (in place)
    [hcompact:python3] rows widen 7B -> 12B per relator at 1 states (in place)
    [hcompact:python3] reservation exceeded at 2,060,596 states; growing to 4,140,242 (this copies)
    [hcompact:python3] rows widen 7B -> 12B per relator at 1 states (in place)
    [hcompact:python3] rows widen 6B -> 12B per relator at 1 states (in place)
    [hcompact:python3] rows widen 6B -> 12B per relator at 1 states (in place)
    [hcompact:python3] reservation exceeded at 2,060,584 states; growing to 4,140,242 (this copies)
    [hcompact:python3] rows widen 6B -> 12B per relator at 1 states (in place)
    [hcompact:python3] reservation exceeded at 2,060,556 states; growing to 4,140,242 (this copies)
    [hcompact:python3] rows widen 6B -> 12B per relator at 1 states (in place)
    [hcompact:python3] reservation exceeded at 2,060,580 states; growing to 4,140,242 (this copies)
    [hcompact:python3] reservation exceeded at 2,060,539 states; growing to 4,140,242 (this copies)
    [hcompact:python3] rows widen 8B -> 12B per relator at 1 states (in place)
    [hcompact:python3] rows widen 7B -> 12B per relator at 1 states (in place)
    [hcompact:python3] rows widen 7B -> 12B per relator at 1 states (in place)
    [hcompact:python3] rows widen 6B -> 12B per relator at 1 states (in place)
    [hcompact:python3] rows widen 6B -> 12B per relator at 1 states (in place)
    [hcompact:python3] rows widen 8B -> 12B per relator at 1 states (in place)
    [hcompact:python3] rows widen 6B -> 12B per relator at 1,163 states (in place)
    [hcompact:python3] rows widen 6B -> 12B per relator at 1 states (in place)
    [hcompact:python3] reservation exceeded at 2,060,577 states; growing to 4,140,242 (this copies)
    [hcompact:python3] rows widen 6B -> 12B per relator at 34,437 states (in place)
    [hcompact:python3] rows widen 6B -> 12B per relator at 1 states (in place)
    [hcompact:python3] rows widen 6B -> 12B per relator at 1 states (in place)
    [hcompact:python3] rows widen 7B -> 12B per relator at 1 states (in place)
    [hcompact:python3] rows widen 7B -> 12B per relator at 1 states (in place)
    [hcompact:python3] reservation exceeded at 2,060,557 states; growing to 4,140,242 (this copies)
    [hcompact:python3] rows widen 6B -> 12B per relator at 1 states (in place)
    [hcompact:python3] rows widen 6B -> 12B per relator at 338 states (in place)
    [hcompact:python3] rows widen 6B -> 12B per relator at 560 states (in place)
    [hcompact:python3] reservation exceeded at 2,060,637 states; growing to 4,140,242 (this copies)
    [hcompact:python3] rows widen 6B -> 12B per relator at 11,284 states (in place)
    [hcompact:python3] reservation exceeded at 2,060,585 states; growing to 4,140,242 (this copies)
    [hcompact:python3] rows widen 6B -> 12B per relator at 10,888 states (in place)
    [hcompact:python3] reservation exceeded at 2,060,575 states; growing to 4,140,242 (this copies)
    [hcompact:python3] rows widen 7B -> 12B per relator at 1 states (in place)
    [hcompact:python3] rows widen 7B -> 12B per relator at 1 states (in place)
    [hcompact:python3] rows widen 9B -> 12B per relator at 1 states (in place)
    [hcompact:python3] rows widen 6B -> 12B per relator at 1 states (in place)
    [hcompact:python3] rows widen 9B -> 12B per relator at 1 states (in place)
    [hcompact:python3] reservation exceeded at 2,060,598 states; growing to 4,140,242 (this copies)
    [hcompact:python3] rows widen 6B -> 12B per relator at 1 states (in place)
    [hcompact:python3] rows widen 6B -> 12B per relator at 1 states (in place)
    [hcompact:python3] reservation exceeded at 2,060,586 states; growing to 4,140,242 (this copies)
    [hcompact:python3] reservation exceeded at 2,060,607 states; growing to 4,140,242 (this copies)
    [hcompact:python3] rows widen 6B -> 12B per relator at 1 states (in place)
    [hcompact:python3] rows widen 10B -> 12B per relator at 1 states (in place)
    [hcompact:python3] rows widen 10B -> 12B per relator at 1 states (in place)
    [hcompact:python3] reservation exceeded at 2,060,632 states; growing to 4,140,242 (this copies)
    [hcompact:python3] rows widen 9B -> 12B per relator at 1 states (in place)
    [hcompact:python3] rows widen 6B -> 12B per relator at 1 states (in place)
    [hcompact:python3] rows widen 6B -> 12B per relator at 1 states (in place)
    [hcompact:python3] rows widen 6B -> 12B per relator at 1 states (in place)
    [hcompact:python3] rows widen 9B -> 12B per relator at 1 states (in place)
    [hcompact:python3] rows widen 6B -> 12B per relator at 1 states (in place)
    [hcompact:python3] rows widen 6B -> 12B per relator at 2,434 states (in place)
    [hcompact:python3] rows widen 6B -> 12B per relator at 1 states (in place)
    [hcompact:python3] rows widen 6B -> 12B per relator at 1,902 states (in place)
    [hcompact:python3] rows widen 6B -> 12B per relator at 46,655 states (in place)
    [hcompact:python3] reservation exceeded at 2,060,523 states; growing to 4,140,242 (this copies)
    [hcompact:python3] rows widen 6B -> 12B per relator at 1 states (in place)
    [hcompact:python3] rows widen 7B -> 12B per relator at 1 states (in place)
    [hcompact:python3] rows widen 7B -> 12B per relator at 1 states (in place)
  200/1612 records  8.0 min elapsed  ETA 56.8 min
    [hcompact:python3] rows widen 8B -> 12B per relator at 1 states (in place)
    [hcompact:python3] rows widen 6B -> 12B per relator at 1 states (in place)
    [hcompact:python3] rows widen 6B -> 12B per relator at 1 states (in place)
    [hcompact:python3] rows widen 6B -> 12B per relator at 1 states (in place)
    [hcompact:python3] rows widen 6B -> 12B per relator at 1 states (in place)
    [hcompact:python3] rows widen 8B -> 12B per relator at 1 states (in place)
    [hcompact:python3] rows widen 8B -> 12B per relator at 1 states (in place)
    [hcompact:python3] rows widen 7B -> 12B per relator at 1 states (in place)
    [hcompact:python3] reservation exceeded at 2,060,550 states; growing to 4,140,242 (this copies)
    [hcompact:python3] rows widen 8B -> 12B per relator at 1 states (in place)
    [hcompact:python3] rows widen 7B -> 12B per relator at 1 states (in place)
    [hcompact:python3] rows widen 6B -> 12B per relator at 2,418 states (in place)
    [hcompact:python3] reservation exceeded at 2,060,630 states; growing to 4,140,242 (this copies)
    [hcompact:python3] rows widen 6B -> 12B per relator at 1 states (in place)
    [hcompact:python3] reservation exceeded at 2,060,540 states; growing to 4,140,242 (this copies)
    [hcompact:python3] rows widen 6B -> 12B per relator at 8,977 states (in place)
    [hcompact:python3] reservation exceeded at 2,060,597 states; growing to 4,140,242 (this copies)
    [hcompact:python3] rows widen 6B -> 12B per relator at 1 states (in place)
    [hcompact:python3] reservation exceeded at 2,060,553 states; growing to 4,140,242 (this copies)
    [hcompact:python3] rows widen 6B -> 12B per relator at 5,774 states (in place)
    [hcompact:python3] rows widen 6B -> 12B per relator at 29,628 states (in place)
    [hcompact:python3] rows widen 6B -> 12B per relator at 1 states (in place)
    [hcompact:python3] reservation exceeded at 2,060,645 states; growing to 4,140,242 (this copies)
    [hcompact:python3] rows widen 6B -> 12B per relator at 1 states (in place)
    [hcompact:python3] rows widen 6B -> 12B per relator at 659 states (in place)
    [hcompact:python3] rows widen 6B -> 12B per relator at 7,612 states (in place)
    [hcompact:python3] rows widen 6B -> 12B per relator at 10,323 states (in place)
    [hcompact:python3] rows widen 6B -> 12B per relator at 4,113 states (in place)
    [hcompact:python3] rows widen 6B -> 12B per relator at 61,721 states (in place)
    [hcompact:python3] rows widen 6B -> 12B per relator at 1 states (in place)
    [hcompact:python3] rows widen 6B -> 12B per relator at 1 states (in place)
    [hcompact:python3] rows widen 6B -> 12B per relator at 1 states (in place)
    [hcompact:python3] rows widen 6B -> 12B per relator at 1 states (in place)
    [hcompact:python3] rows widen 6B -> 12B per relator at 1 states (in place)
    [hcompact:python3] rows widen 6B -> 12B per relator at 1 states (in place)
    [hcompact:python3] rows widen 6B -> 12B per relator at 1 states (in place)
    [hcompact:python3] rows widen 6B -> 12B per relator at 1 states (in place)
    [hcompact:python3] rows widen 6B -> 12B per relator at 1 states (in place)
    [hcompact:python3] rows widen 6B -> 12B per relator at 1 states (in place)
    [hcompact:python3] rows widen 6B -> 12B per relator at 1 states (in place)
    [hcompact:python3] rows widen 6B -> 12B per relator at 7,391 states (in place)
    [hcompact:python3] reservation exceeded at 2,060,520 states; growing to 4,140,242 (this copies)
    [hcompact:python3] rows widen 6B -> 12B per relator at 55,671 states (in place)
    [hcompact:python3] rows widen 6B -> 12B per relator at 1 states (in place)
    [hcompact:python3] rows widen 6B -> 12B per relator at 7,038 states (in place)
    [hcompact:python3] rows widen 6B -> 12B per relator at 137,951 states (in place)
    [hcompact:python3] reservation exceeded at 2,060,628 states; growing to 4,140,242 (this copies)
    [hcompact:python3] rows widen 6B -> 12B per relator at 1 states (in place)
    [hcompact:python3] rows widen 6B -> 12B per relator at 1 states (in place)
    [hcompact:python3] rows widen 6B -> 12B per relator at 1 states (in place)
    [hcompact:python3] rows widen 6B -> 12B per relator at 1 states (in place)
    [hcompact:python3] rows widen 6B -> 12B per relator at 1 states (in place)
    [hcompact:python3] rows widen 6B -> 12B per relator at 1 states (in place)
    [hcompact:python3] rows widen 6B -> 12B per relator at 1 states (in place)
    [hcompact:python3] rows widen 6B -> 12B per relator at 2,353 states (in place)
  225/1612 records  8.9 min elapsed  ETA 54.6 min
    [hcompact:python3] rows widen 7B -> 12B per relator at 1 states (in place)
    [hcompact:python3] reservation exceeded at 2,060,566 states; growing to 4,140,242 (this copies)
    [hcompact:python3] rows widen 6B -> 12B per relator at 1 states (in place)
    [hcompact:python3] reservation exceeded at 2,060,622 states; growing to 4,140,242 (this copies)
    [hcompact:python3] rows widen 7B -> 12B per relator at 1 states (in place)
    [hcompact:python3] reservation exceeded at 2,060,632 states; growing to 4,140,242 (this copies)
    [hcompact:python3] rows widen 8B -> 12B per relator at 1 states (in place)
    [hcompact:python3] reservation exceeded at 2,060,628 states; growing to 4,140,242 (this copies)
    [hcompact:python3] reservation exceeded at 2,060,578 states; growing to 4,140,242 (this copies)
    [hcompact:python3] rows widen 6B -> 12B per relator at 1 states (in place)
    [hcompact:python3] rows widen 6B -> 12B per relator at 1 states (in place)
    [hcompact:python3] rows widen 6B -> 12B per relator at 1 states (in place)
    [hcompact:python3] rows widen 6B -> 12B per relator at 1 states (in place)
    [hcompact:python3] rows widen 6B -> 12B per relator at 1 states (in place)
    [hcompact:python3] rows widen 6B -> 12B per relator at 1 states (in place)
    [hcompact:python3] rows widen 6B -> 12B per relator at 1 states (in place)
    [hcompact:python3] rows widen 6B -> 12B per relator at 1 states (in place)
    [hcompact:python3] rows widen 6B -> 12B per relator at 1 states (in place)
    [hcompact:python3] rows widen 6B -> 12B per relator at 1 states (in place)
    [hcompact:python3] rows widen 6B -> 12B per relator at 1,902 states (in place)
    [hcompact:python3] rows widen 8B -> 12B per relator at 1 states (in place)
    [hcompact:python3] rows widen 6B -> 12B per relator at 46,655 states (in place)
    [hcompact:python3] reservation exceeded at 2,060,658 states; growing to 4,140,242 (this copies)
    [hcompact:python3] rows widen 6B -> 12B per relator at 1 states (in place)
    [hcompact:python3] rows widen 6B -> 12B per relator at 777 states (in place)
    [hcompact:python3] rows widen 6B -> 12B per relator at 1 states (in place)
    [hcompact:python3] rows widen 6B -> 12B per relator at 1 states (in place)
    [hcompact:python3] reservation exceeded at 2,060,685 states; growing to 4,140,242 (this copies)
    [hcompact:python3] reservation exceeded at 2,060,604 states; growing to 4,140,242 (this copies)
    [hcompact:python3] rows widen 6B -> 12B per relator at 777 states (in place)
    [hcompact:python3] rows widen 6B -> 12B per relator at 1 states (in place)
    [hcompact:python3] rows widen 6B -> 12B per relator at 1 states (in place)
    [hcompact:python3] rows widen 6B -> 12B per relator at 1 states (in place)
    [hcompact:python3] rows widen 6B -> 12B per relator at 1 states (in place)
    [hcompact:python3] reservation exceeded at 2,060,563 states; growing to 4,140,242 (this copies)
    [hcompact:python3] rows widen 6B -> 12B per relator at 1 states (in place)
    [hcompact:python3] rows widen 6B -> 12B per relator at 253 states (in place)
    [hcompact:python3] rows widen 6B -> 12B per relator at 293 states (in place)
    [hcompact:python3] reservation exceeded at 2,060,553 states; growing to 4,140,242 (this copies)
    [hcompact:python3] reservation exceeded at 2,060,643 states; growing to 4,140,242 (this copies)
    [hcompact:python3] rows widen 6B -> 12B per relator at 2,544 states (in place)
    [hcompact:python3] rows widen 6B -> 12B per relator at 1,220 states (in place)
    [hcompact:python3] rows widen 6B -> 12B per relator at 1 states (in place)
    [hcompact:python3] rows widen 6B -> 12B per relator at 1 states (in place)
    [hcompact:python3] reservation exceeded at 2,060,561 states; growing to 4,140,242 (this copies)
    [hcompact:python3] rows widen 8B -> 12B per relator at 1 states (in place)
    [hcompact:python3] rows widen 8B -> 12B per relator at 1 states (in place)
    [hcompact:python3] rows widen 6B -> 12B per relator at 1 states (in place)
    [hcompact:python3] rows widen 6B -> 12B per relator at 1 states (in place)
    [hcompact:python3] reservation exceeded at 2,060,584 states; growing to 4,140,242 (this copies)
    [hcompact:python3] rows widen 6B -> 12B per relator at 1 states (in place)
    [hcompact:python3] reservation exceeded at 2,060,648 states; growing to 4,140,242 (this copies)
    [hcompact:python3] rows widen 6B -> 12B per relator at 1 states (in place)
    [hcompact:python3] reservation exceeded at 2,060,580 states; growing to 4,140,242 (this copies)
    [hcompact:python3] rows widen 9B -> 12B per relator at 1 states (in place)
    [hcompact:python3] reservation exceeded at 2,060,639 states; growing to 4,140,242 (this copies)
    [hcompact:python3] rows widen 8B -> 12B per relator at 1 states (in place)
    [hcompact:python3] rows widen 8B -> 12B per relator at 1 states (in place)
    [hcompact:python3] rows widen 6B -> 12B per relator at 1,164 states (in place)
    [hcompact:python3] rows widen 6B -> 12B per relator at 63,377 states (in place)
    [hcompact:python3] rows widen 6B -> 12B per relator at 789 states (in place)
    [hcompact:python3] rows widen 9B -> 12B per relator at 1 states (in place)
    [hcompact:python3] rows widen 6B -> 12B per relator at 2,030 states (in place)
    [hcompact:python3] reservation exceeded at 2,060,627 states; growing to 4,140,242 (this copies)
    [hcompact:python3] rows widen 6B -> 12B per relator at 5,562 states (in place)
    [hcompact:python3] rows widen 6B -> 12B per relator at 19,161 states (in place)
    [hcompact:python3] rows widen 6B -> 12B per relator at 1 states (in place)
    [hcompact:python3] rows widen 6B -> 12B per relator at 1 states (in place)
  250/1612 records  10.1 min elapsed  ETA 54.8 min
    [hcompact:python3] rows widen 6B -> 12B per relator at 1 states (in place)
    [hcompact:python3] rows widen 6B -> 12B per relator at 1 states (in place)
    [hcompact:python3] rows widen 6B -> 12B per relator at 625 states (in place)
    [hcompact:python3] rows widen 6B -> 12B per relator at 1 states (in place)
    [hcompact:python3] reservation exceeded at 2,060,565 states; growing to 4,140,242 (this copies)
    [hcompact:python3] reservation exceeded at 2,060,556 states; growing to 4,140,242 (this copies)
    [hcompact:python3] rows widen 6B -> 12B per relator at 1,425 states (in place)
    [hcompact:python3] rows widen 6B -> 12B per relator at 1 states (in place)
    [hcompact:python3] reservation exceeded at 2,060,618 states; growing to 4,140,242 (this copies)
    [hcompact:python3] rows widen 6B -> 12B per relator at 1,379 states (in place)
    [hcompact:python3] reservation exceeded at 2,060,604 states; growing to 4,140,242 (this copies)
    [hcompact:python3] rows widen 6B -> 12B per relator at 1 states (in place)
    [hcompact:python3] reservation exceeded at 2,060,635 states; growing to 4,140,242 (this copies)
    [hcompact:python3] rows widen 6B -> 12B per relator at 9,606 states (in place)
    [hcompact:python3] reservation exceeded at 2,060,585 states; growing to 4,140,242 (this copies)
    [hcompact:python3] reservation exceeded at 2,060,618 states; growing to 4,140,242 (this copies)
    [hcompact:python3] rows widen 6B -> 12B per relator at 1 states (in place)
    [hcompact:python3] rows widen 7B -> 12B per relator at 1 states (in place)
    [hcompact:python3] reservation exceeded at 2,060,519 states; growing to 4,140,242 (this copies)
    [hcompact:python3] reservation exceeded at 2,060,663 states; growing to 4,140,242 (this copies)
    [hcompact:python3] rows widen 7B -> 12B per relator at 1 states (in place)
    [hcompact:python3] rows widen 7B -> 12B per relator at 1 states (in place)
    [hcompact:python3] rows widen 6B -> 12B per relator at 1 states (in place)
    [hcompact:python3] rows widen 6B -> 12B per relator at 1 states (in place)
    [hcompact:python3] rows widen 6B -> 12B per relator at 1 states (in place)
    [hcompact:python3] rows widen 6B -> 12B per relator at 1 states (in place)
    [hcompact:python3] rows widen 6B -> 12B per relator at 1 states (in place)
    [hcompact:python3] rows widen 6B -> 12B per relator at 1 states (in place)
    [hcompact:python3] rows widen 6B -> 12B per relator at 1 states (in place)
    [hcompact:python3] rows widen 7B -> 12B per relator at 1 states (in place)
    [hcompact:python3] reservation exceeded at 2,060,602 states; growing to 4,140,242 (this copies)
    [hcompact:python3] rows widen 6B -> 12B per relator at 1 states (in place)
    [hcompact:python3] reservation exceeded at 2,060,576 states; growing to 4,140,242 (this copies)
    [hcompact:python3] rows widen 6B -> 12B per relator at 2,434 states (in place)
    [hcompact:python3] rows widen 6B -> 12B per relator at 1 states (in place)
    [hcompact:python3] rows widen 6B -> 12B per relator at 1,579 states (in place)
    [hcompact:python3] reservation exceeded at 2,060,582 states; growing to 4,140,242 (this copies)
    [hcompact:python3] rows widen 6B -> 12B per relator at 46,655 states (in place)
    [hcompact:python3] rows widen 6B -> 12B per relator at 1 states (in place)
    [hcompact:python3] rows widen 8B -> 12B per relator at 1 states (in place)
    [hcompact:python3] reservation exceeded at 2,060,628 states; growing to 4,140,242 (this copies)
    [hcompact:python3] rows widen 10B -> 12B per relator at 1 states (in place)
    [hcompact:python3] rows widen 8B -> 12B per relator at 1 states (in place)
    [hcompact:python3] reservation exceeded at 2,060,623 states; growing to 4,140,242 (this copies)
    [hcompact:python3] rows widen 6B -> 12B per relator at 1 states (in place)
    [hcompact:python3] rows widen 6B -> 12B per relator at 1 states (in place)
    [hcompact:python3] rows widen 10B -> 12B per relator at 1 states (in place)
    [hcompact:python3] rows widen 6B -> 12B per relator at 1 states (in place)
    [hcompact:python3] rows widen 6B -> 12B per relator at 1 states (in place)
    [hcompact:python3] rows widen 9B -> 12B per relator at 1 states (in place)
    [hcompact:python3] reservation exceeded at 2,060,598 states; growing to 4,140,242 (this copies)
    [hcompact:python3] rows widen 8B -> 12B per relator at 1 states (in place)
    [hcompact:python3] reservation exceeded at 2,060,559 states; growing to 4,140,242 (this copies)
    [hcompact:python3] reservation exceeded at 2,060,611 states; growing to 4,140,242 (this copies)
    [hcompact:python3] rows widen 9B -> 12B per relator at 1 states (in place)
    [hcompact:python3] rows widen 8B -> 12B per relator at 1 states (in place)
    [hcompact:python3] reservation exceeded at 2,060,647 states; growing to 4,140,242 (this copies)
    [hcompact:python3] reservation exceeded at 2,060,554 states; growing to 4,140,242 (this copies)
    [hcompact:python3] rows widen 6B -> 12B per relator at 2,023 states (in place)
    [hcompact:python3] rows widen 6B -> 12B per relator at 1 states (in place)
    [hcompact:python3] reservation exceeded at 2,060,554 states; growing to 4,140,242 (this copies)
    [hcompact:python3] reservation exceeded at 2,060,547 states; growing to 4,140,242 (this copies)
    [hcompact:python3] rows widen 6B -> 12B per relator at 8,977 states (in place)
    [hcompact:python3] rows widen 6B -> 12B per relator at 1 states (in place)
    [hcompact:python3] reservation exceeded at 2,060,585 states; growing to 4,140,242 (this copies)
    [hcompact:python3] rows widen 6B -> 12B per relator at 1 states (in place)
    [hcompact:python3] rows widen 6B -> 12B per relator at 1 states (in place)
    [hcompact:python3] rows widen 6B -> 12B per relator at 2,353 states (in place)
    [hcompact:python3] reservation exceeded at 2,060,584 states; growing to 4,140,242 (this copies)
    [hcompact:python3] rows widen 6B -> 12B per relator at 1 states (in place)
    [hcompact:python3] rows widen 6B -> 12B per relator at 1 states (in place)
  275/1612 records  11.4 min elapsed  ETA 55.4 min
    [hcompact:python3] rows widen 6B -> 12B per relator at 1,902 states (in place)
    [hcompact:python3] rows widen 6B -> 12B per relator at 1 states (in place)
    [hcompact:python3] rows widen 6B -> 12B per relator at 46,655 states (in place)
    [hcompact:python3] reservation exceeded at 2,060,594 states; growing to 4,140,242 (this copies)
    [hcompact:python3] rows widen 6B -> 12B per relator at 1 states (in place)
    [hcompact:python3] rows widen 6B -> 12B per relator at 1 states (in place)
    [hcompact:python3] rows widen 6B -> 12B per relator at 1 states (in place)
    [hcompact:python3] rows widen 6B -> 12B per relator at 1 states (in place)
    [hcompact:python3] rows widen 6B -> 12B per relator at 1 states (in place)
    [hcompact:python3] rows widen 7B -> 12B per relator at 1 states (in place)
    [hcompact:python3] rows widen 7B -> 12B per relator at 1 states (in place)
    [hcompact:python3] rows widen 8B -> 12B per relator at 1 states (in place)
    [hcompact:python3] rows widen 6B -> 12B per relator at 2,418 states (in place)
    [hcompact:python3] rows widen 8B -> 12B per relator at 1 states (in place)
    [hcompact:python3] rows widen 6B -> 12B per relator at 1 states (in place)
    [hcompact:python3] reservation exceeded at 2,060,544 states; growing to 4,140,242 (this copies)
    [hcompact:python3] rows widen 6B -> 12B per relator at 8,977 states (in place)
    [hcompact:python3] reservation exceeded at 2,060,588 states; growing to 4,140,242 (this copies)
    [hcompact:python3] reservation exceeded at 2,060,592 states; growing to 4,140,242 (this copies)
    [hcompact:python3] rows widen 6B -> 12B per relator at 1 states (in place)
    [hcompact:python3] rows widen 8B -> 12B per relator at 1 states (in place)
    [hcompact:python3] reservation exceeded at 2,060,604 states; growing to 4,140,242 (this copies)
    [hcompact:python3] reservation exceeded at 2,060,639 states; growing to 4,140,242 (this copies)
    [hcompact:python3] rows widen 7B -> 12B per relator at 1 states (in place)
    [hcompact:python3] rows widen 8B -> 12B per relator at 1 states (in place)
    [hcompact:python3] rows widen 7B -> 12B per relator at 1 states (in place)
    [hcompact:python3] reservation exceeded at 2,060,521 states; growing to 4,140,242 (this copies)
    [hcompact:python3] rows widen 6B -> 12B per relator at 5,774 states (in place)
    [hcompact:python3] rows widen 6B -> 12B per relator at 29,628 states (in place)
    [hcompact:python3] rows widen 6B -> 12B per relator at 1 states (in place)
    [hcompact:python3] rows widen 6B -> 12B per relator at 1,289 states (in place)
    [hcompact:python3] rows widen 6B -> 12B per relator at 1 states (in place)
    [hcompact:python3] rows widen 6B -> 12B per relator at 4,113 states (in place)
    [hcompact:python3] rows widen 6B -> 12B per relator at 8,654 states (in place)
    [hcompact:python3] rows widen 6B -> 12B per relator at 10,323 states (in place)
    [hcompact:python3] rows widen 6B -> 12B per relator at 1 states (in place)
    [hcompact:python3] rows widen 6B -> 12B per relator at 1 states (in place)
    [hcompact:python3] rows widen 6B -> 12B per relator at 1 states (in place)
    [hcompact:python3] rows widen 6B -> 12B per relator at 1 states (in place)
    [hcompact:python3] rows widen 6B -> 12B per relator at 61,721 states (in place)
    [hcompact:python3] rows widen 6B -> 12B per relator at 1 states (in place)
    [hcompact:python3] rows widen 6B -> 12B per relator at 1 states (in place)
    [hcompact:python3] rows widen 6B -> 12B per relator at 1 states (in place)
    [hcompact:python3] rows widen 6B -> 12B per relator at 1 states (in place)
    [hcompact:python3] rows widen 6B -> 12B per relator at 1 states (in place)
    [hcompact:python3] rows widen 6B -> 12B per relator at 401 states (in place)
    [hcompact:python3] rows widen 6B -> 12B per relator at 638 states (in place)
    [hcompact:python3] rows widen 6B -> 12B per relator at 7,401 states (in place)
    [hcompact:python3] reservation exceeded at 2,060,571 states; growing to 4,140,242 (this copies)
    [hcompact:python3] rows widen 6B -> 12B per relator at 55,671 states (in place)
    [hcompact:python3] rows widen 6B -> 12B per relator at 6,986 states (in place)
    [hcompact:python3] rows widen 6B -> 12B per relator at 1 states (in place)
    [hcompact:python3] rows widen 6B -> 12B per relator at 137,951 states (in place)
    [hcompact:python3] reservation exceeded at 2,060,628 states; growing to 4,140,242 (this copies)
    [hcompact:python3] rows widen 6B -> 12B per relator at 1 states (in place)
    [hcompact:python3] rows widen 6B -> 12B per relator at 1 states (in place)
    [hcompact:python3] rows widen 6B -> 12B per relator at 1 states (in place)
  300/1612 records  12.3 min elapsed  ETA 53.9 min
    [hcompact:python3] rows widen 6B -> 12B per relator at 1 states (in place)
    [hcompact:python3] reservation exceeded at 2,060,691 states; growing to 4,140,242 (this copies)
    [hcompact:python3] rows widen 6B -> 12B per relator at 1 states (in place)
    [hcompact:python3] reservation exceeded at 2,060,591 states; growing to 4,140,242 (this copies)
    [hcompact:python3] rows widen 6B -> 12B per relator at 1 states (in place)
    [hcompact:python3] rows widen 6B -> 12B per relator at 1 states (in place)
    [hcompact:python3] rows widen 6B -> 12B per relator at 1 states (in place)
    [hcompact:python3] rows widen 6B -> 12B per relator at 1 states (in place)
    [hcompact:python3] reservation exceeded at 2,060,554 states; growing to 4,140,242 (this copies)
    [hcompact:python3] rows widen 6B -> 12B per relator at 1 states (in place)
    [hcompact:python3] rows widen 6B -> 12B per relator at 143 states (in place)
    [hcompact:python3] rows widen 6B -> 12B per relator at 1 states (in place)
    [hcompact:python3] reservation exceeded at 2,060,603 states; growing to 4,140,242 (this copies)
    [hcompact:python3] rows widen 6B -> 12B per relator at 2,544 states (in place)
    [hcompact:python3] reservation exceeded at 2,060,643 states; growing to 4,140,242 (this copies)
    [hcompact:python3] rows widen 6B -> 12B per relator at 1 states (in place)
    [hcompact:python3] rows widen 6B -> 12B per relator at 1 states (in place)
    [hcompact:python3] rows widen 6B -> 12B per relator at 1 states (in place)
    [hcompact:python3] reservation exceeded at 2,060,528 states; growing to 4,140,242 (this copies)
    [hcompact:python3] rows widen 7B -> 12B per relator at 1 states (in place)
    [hcompact:python3] rows widen 7B -> 12B per relator at 1 states (in place)
    [hcompact:python3] reservation exceeded at 2,060,589 states; growing to 4,140,242 (this copies)
    [hcompact:python3] rows widen 7B -> 12B per relator at 1 states (in place)
    [hcompact:python3] reservation exceeded at 2,060,530 states; growing to 4,140,242 (this copies)
    [hcompact:python3] rows widen 7B -> 12B per relator at 1 states (in place)
    [hcompact:python3] reservation exceeded at 2,060,594 states; growing to 4,140,242 (this copies)
    [hcompact:python3] rows widen 8B -> 12B per relator at 1 states (in place)
    [hcompact:python3] reservation exceeded at 2,060,548 states; growing to 4,140,242 (this copies)
    [hcompact:python3] rows widen 9B -> 12B per relator at 1 states (in place)
    [hcompact:python3] reservation exceeded at 2,060,551 states; growing to 4,140,242 (this copies)
    [hcompact:python3] rows widen 9B -> 12B per relator at 1 states (in place)
    [hcompact:python3] rows widen 9B -> 12B per relator at 1 states (in place)
    [hcompact:python3] rows widen 8B -> 12B per relator at 1 states (in place)
    [hcompact:python3] reservation exceeded at 2,060,560 states; growing to 4,140,242 (this copies)
    [hcompact:python3] rows widen 9B -> 12B per relator at 1 states (in place)
    [hcompact:python3] reservation exceeded at 2,060,582 states; growing to 4,140,242 (this copies)
    [hcompact:python3] rows widen 6B -> 12B per relator at 1 states (in place)
    [hcompact:python3] rows widen 6B -> 12B per relator at 1 states (in place)
    [hcompact:python3] rows widen 6B -> 12B per relator at 1 states (in place)
    [hcompact:python3] rows widen 6B -> 12B per relator at 1 states (in place)
    [hcompact:python3] rows widen 6B -> 12B per relator at 1 states (in place)
    [hcompact:python3] rows widen 6B -> 12B per relator at 1 states (in place)
    [hcompact:python3] rows widen 6B -> 12B per relator at 1 states (in place)
    [hcompact:python3] rows widen 6B -> 12B per relator at 1 states (in place)
    [hcompact:python3] rows widen 6B -> 12B per relator at 2,353 states (in place)
    [hcompact:python3] rows widen 8B -> 12B per relator at 1 states (in place)
    [hcompact:python3] rows widen 8B -> 12B per relator at 1 states (in place)
    [hcompact:python3] rows widen 8B -> 12B per relator at 1 states (in place)
    [hcompact:python3] rows widen 8B -> 12B per relator at 1 states (in place)
    [hcompact:python3] rows widen 7B -> 12B per relator at 1 states (in place)
    [hcompact:python3] rows widen 7B -> 12B per relator at 1 states (in place)
    [hcompact:python3] rows widen 7B -> 12B per relator at 1 states (in place)
    [hcompact:python3] reservation exceeded at 2,060,634 states; growing to 4,140,242 (this copies)
    [hcompact:python3] rows widen 6B -> 12B per relator at 1 states (in place)
    [hcompact:python3] rows widen 6B -> 12B per relator at 1 states (in place)
    [hcompact:python3] rows widen 6B -> 12B per relator at 1 states (in place)
    [hcompact:python3] reservation exceeded at 2,060,570 states; growing to 4,140,242 (this copies)
    [hcompact:python3] rows widen 6B -> 12B per relator at 1 states (in place)
    [hcompact:python3] rows widen 6B -> 12B per relator at 1 states (in place)
    [hcompact:python3] rows widen 6B -> 12B per relator at 1 states (in place)
    [hcompact:python3] rows widen 7B -> 12B per relator at 1 states (in place)
    [hcompact:python3] rows widen 6B -> 12B per relator at 1,579 states (in place)
    [hcompact:python3] rows widen 6B -> 12B per relator at 46,655 states (in place)
    [hcompact:python3] reservation exceeded at 2,060,556 states; growing to 4,140,242 (this copies)
    [hcompact:python3] rows widen 6B -> 12B per relator at 1,109 states (in place)
    [hcompact:python3] rows widen 6B -> 12B per relator at 6,137 states (in place)
  325/1612 records  13.4 min elapsed  ETA 53.0 min
    [hcompact:python3] rows widen 6B -> 12B per relator at 1,089 states (in place)
    [hcompact:python3] rows widen 6B -> 12B per relator at 1 states (in place)
    [hcompact:python3] rows widen 6B -> 12B per relator at 1 states (in place)
    [hcompact:python3] reservation exceeded at 2,060,568 states; growing to 4,140,242 (this copies)
    [hcompact:python3] rows widen 6B -> 12B per relator at 34,437 states (in place)
    [hcompact:python3] rows widen 6B -> 12B per relator at 1,133 states (in place)
    [hcompact:python3] rows widen 6B -> 12B per relator at 1 states (in place)
    [hcompact:python3] reservation exceeded at 2,060,557 states; growing to 4,140,242 (this copies)
    [hcompact:python3] rows widen 6B -> 12B per relator at 1 states (in place)
    [hcompact:python3] rows widen 6B -> 12B per relator at 7,911 states (in place)
    [hcompact:python3] rows widen 6B -> 12B per relator at 652 states (in place)
    [hcompact:python3] rows widen 6B -> 12B per relator at 640 states (in place)
    [hcompact:python3] reservation exceeded at 2,060,527 states; growing to 4,140,242 (this copies)
    [hcompact:python3] rows widen 6B -> 12B per relator at 11,284 states (in place)
    [hcompact:python3] reservation exceeded at 2,060,533 states; growing to 4,140,242 (this copies)
    [hcompact:python3] rows widen 6B -> 12B per relator at 10,888 states (in place)
    [hcompact:python3] reservation exceeded at 2,060,549 states; growing to 4,140,242 (this copies)
    [hcompact:python3] rows widen 6B -> 12B per relator at 1 states (in place)
    [hcompact:python3] rows widen 6B -> 12B per relator at 1 states (in place)
    [hcompact:python3] rows widen 6B -> 12B per relator at 1 states (in place)
    [hcompact:python3] rows widen 6B -> 12B per relator at 1 states (in place)
    [hcompact:python3] rows widen 6B -> 12B per relator at 1 states (in place)
    [hcompact:python3] reservation exceeded at 2,060,647 states; growing to 4,140,242 (this copies)
    [hcompact:python3] rows widen 6B -> 12B per relator at 1 states (in place)
    [hcompact:python3] rows widen 6B -> 12B per relator at 1 states (in place)
    [hcompact:python3] reservation exceeded at 2,060,601 states; growing to 4,140,242 (this copies)
    [hcompact:python3] reservation exceeded at 2,060,592 states; growing to 4,140,242 (this copies)
    [hcompact:python3] rows widen 7B -> 12B per relator at 1 states (in place)
    [hcompact:python3] rows widen 6B -> 12B per relator at 1 states (in place)
    [hcompact:python3] rows widen 7B -> 12B per relator at 1 states (in place)
    [hcompact:python3] reservation exceeded at 2,060,549 states; growing to 4,140,242 (this copies)
    [hcompact:python3] rows widen 6B -> 12B per relator at 1 states (in place)
    [hcompact:python3] rows widen 6B -> 12B per relator at 1 states (in place)
    [hcompact:python3] rows widen 6B -> 12B per relator at 2,353 states (in place)
    [hcompact:python3] rows widen 6B -> 12B per relator at 1,631 states (in place)
    [hcompact:python3] rows widen 6B -> 12B per relator at 4,162 states (in place)
    [hcompact:python3] rows widen 6B -> 12B per relator at 106,211 states (in place)
    [hcompact:python3] rows widen 6B -> 12B per relator at 1 states (in place)
    [hcompact:python3] rows widen 6B -> 12B per relator at 46,655 states (in place)
    [hcompact:python3] rows widen 6B -> 12B per relator at 1 states (in place)
    [hcompact:python3] rows widen 6B -> 12B per relator at 1 states (in place)
    [hcompact:python3] rows widen 6B -> 12B per relator at 1 states (in place)
    [hcompact:python3] reservation exceeded at 2,060,645 states; growing to 4,140,242 (this copies)
    [hcompact:python3] rows widen 6B -> 12B per relator at 2,023 states (in place)
    [hcompact:python3] rows widen 6B -> 12B per relator at 1 states (in place)
    [hcompact:python3] reservation exceeded at 2,060,608 states; growing to 4,140,242 (this copies)
    [hcompact:python3] rows widen 6B -> 12B per relator at 8,977 states (in place)
    [hcompact:python3] reservation exceeded at 2,060,672 states; growing to 4,140,242 (this copies)
    [hcompact:python3] rows widen 6B -> 12B per relator at 1 states (in place)
    [hcompact:python3] reservation exceeded at 2,060,533 states; growing to 4,140,242 (this copies)
    [hcompact:python3] rows widen 6B -> 12B per relator at 1 states (in place)
    [hcompact:python3] rows widen 6B -> 12B per relator at 1 states (in place)
    [hcompact:python3] rows widen 6B -> 12B per relator at 1 states (in place)
    [hcompact:python3] rows widen 6B -> 12B per relator at 1 states (in place)
    [hcompact:python3] rows widen 6B -> 12B per relator at 1 states (in place)
    [hcompact:python3] reservation exceeded at 2,060,535 states; growing to 4,140,242 (this copies)
    [hcompact:python3] rows widen 6B -> 12B per relator at 1 states (in place)
    [hcompact:python3] reservation exceeded at 2,060,604 states; growing to 4,140,242 (this copies)
    [hcompact:python3] rows widen 6B -> 12B per relator at 1 states (in place)
    [hcompact:python3] reservation exceeded at 2,060,539 states; growing to 4,140,242 (this copies)
    [hcompact:python3] rows widen 6B -> 12B per relator at 1 states (in place)
    [hcompact:python3] reservation exceeded at 2,060,595 states; growing to 4,140,242 (this copies)
    [hcompact:python3] rows widen 7B -> 12B per relator at 1 states (in place)
    [hcompact:python3] rows widen 7B -> 12B per relator at 1 states (in place)
    [hcompact:python3] rows widen 7B -> 12B per relator at 1 states (in place)
    [hcompact:python3] reservation exceeded at 2,060,543 states; growing to 4,140,242 (this copies)
    [hcompact:python3] reservation exceeded at 2,060,597 states; growing to 4,140,242 (this copies)
    [hcompact:python3] rows widen 7B -> 12B per relator at 1 states (in place)
  350/1612 records  14.6 min elapsed  ETA 52.8 min
    [hcompact:python3] rows widen 6B -> 12B per relator at 1,241 states (in place)
    [hcompact:python3] rows widen 6B -> 12B per relator at 6,137 states (in place)
    [hcompact:python3] rows widen 6B -> 12B per relator at 1,089 states (in place)
    [hcompact:python3] reservation exceeded at 2,060,620 states; growing to 4,140,242 (this copies)
    [hcompact:python3] rows widen 6B -> 12B per relator at 1 states (in place)
    [hcompact:python3] reservation exceeded at 2,060,567 states; growing to 4,140,242 (this copies)
    [hcompact:python3] rows widen 6B -> 12B per relator at 34,437 states (in place)
    [hcompact:python3] rows widen 6B -> 12B per relator at 1 states (in place)
    [hcompact:python3] rows widen 6B -> 12B per relator at 964 states (in place)
    [hcompact:python3] rows widen 6B -> 12B per relator at 1 states (in place)
    [hcompact:python3] rows widen 6B -> 12B per relator at 1 states (in place)
    [hcompact:python3] reservation exceeded at 2,060,557 states; growing to 4,140,242 (this copies)
    [hcompact:python3] rows widen 6B -> 12B per relator at 7,911 states (in place)
    [hcompact:python3] rows widen 6B -> 12B per relator at 506 states (in place)
    [hcompact:python3] rows widen 6B -> 12B per relator at 675 states (in place)
    [hcompact:python3] reservation exceeded at 2,060,584 states; growing to 4,140,242 (this copies)
    [hcompact:python3] rows widen 6B -> 12B per relator at 11,284 states (in place)
    [hcompact:python3] reservation exceeded at 2,060,687 states; growing to 4,140,242 (this copies)
    [hcompact:python3] rows widen 6B -> 12B per relator at 10,888 states (in place)
    [hcompact:python3] reservation exceeded at 2,060,519 states; growing to 4,140,242 (this copies)
    [hcompact:python3] rows widen 7B -> 12B per relator at 1 states (in place)
    [hcompact:python3] rows widen 7B -> 12B per relator at 1 states (in place)
    [hcompact:python3] rows widen 8B -> 12B per relator at 1 states (in place)
    [hcompact:python3] rows widen 6B -> 12B per relator at 1 states (in place)
    [hcompact:python3] rows widen 8B -> 12B per relator at 1 states (in place)
    [hcompact:python3] reservation exceeded at 2,060,566 states; growing to 4,140,242 (this copies)
    [hcompact:python3] rows widen 6B -> 12B per relator at 1 states (in place)
    [hcompact:python3] rows widen 6B -> 12B per relator at 1 states (in place)
    [hcompact:python3] reservation exceeded at 2,060,601 states; growing to 4,140,242 (this copies)
    [hcompact:python3] reservation exceeded at 2,060,519 states; growing to 4,140,242 (this copies)
    [hcompact:python3] rows widen 8B -> 12B per relator at 1 states (in place)
    [hcompact:python3] rows widen 6B -> 12B per relator at 1 states (in place)
    [hcompact:python3] rows widen 8B -> 12B per relator at 1 states (in place)
    [hcompact:python3] reservation exceeded at 2,060,562 states; growing to 4,140,242 (this copies)
    [hcompact:python3] rows widen 7B -> 12B per relator at 1 states (in place)
    [hcompact:python3] rows widen 7B -> 12B per relator at 1 states (in place)
Process SpawnPoolWorker-2:
Traceback (most recent call last):
  File "/usr/lib/python3.11/multiprocessing/pool.py", line 131, in worker
    put((job, i, result))
  File "/usr/lib/python3.11/multiprocessing/queues.py", line 377, in put
    self._writer.send_bytes(obj)
  File "/usr/lib/python3.11/multiprocessing/connection.py", line 200, in send_bytes
    self._send_bytes(m[offset:offset + size])
  File "/usr/lib/python3.11/multiprocessing/connection.py", line 427, in _send_bytes
    self._send(header + buf)
  File "/usr/lib/python3.11/multiprocessing/connection.py", line 384, in _send
    n = write(self._handle, buf)
        ^^^^^^^^^^^^^^^^^^^^^^^^
BrokenPipeError: [Errno 32] Broken pipe

During handling of the above exception, another exception occurred:

Traceback (most recent call last):
  File "/usr/lib/python3.11/multiprocessing/process.py", line 314, in _bootstrap
    self.run()
  File "/usr/lib/python3.11/multiprocessing/process.py", line 108, in run
    self._target(*self._args, **self._kwargs)
  File "/usr/lib/python3.11/multiprocessing/pool.py", line 136, in worker
    put((job, i, (False, wrapped)))
  File "/usr/lib/python3.11/multiprocessing/queues.py", line 377, in put
    self._writer.send_bytes(obj)
  File "/usr/lib/python3.11/multiprocessing/connection.py", line 200, in send_bytes
    self._send_bytes(m[offset:offset + size])
  File "/usr/lib/python3.11/multiprocessing/connection.py", line 427, in _send_bytes
    self._send(header + buf)
  File "/usr/lib/python3.11/multiprocessing/connection.py", line 384, in _send
    n = write(self._handle, buf)
        ^^^^^^^^^^^^^^^^^^^^^^^^
BrokenPipeError: [Errno 32] Broken pipe
Process SpawnPoolWorker-1:
Traceback (most recent call last):
  File "/usr/lib/python3.11/multiprocessing/pool.py", line 131, in worker
    put((job, i, result))
  File "/usr/lib/python3.11/multiprocessing/queues.py", line 377, in put
    self._writer.send_bytes(obj)
  File "/usr/lib/python3.11/multiprocessing/connection.py", line 200, in send_bytes
    self._send_bytes(m[offset:offset + size])
  File "/usr/lib/python3.11/multiprocessing/connection.py", line 427, in _send_bytes
    self._send(header + buf)
  File "/usr/lib/python3.11/multiprocessing/connection.py", line 384, in _send
    n = write(self._handle, buf)
        ^^^^^^^^^^^^^^^^^^^^^^^^
BrokenPipeError: [Errno 32] Broken pipe

During handling of the above exception, another exception occurred:

Traceback (most recent call last):
  File "/usr/lib/python3.11/multiprocessing/process.py", line 314, in _bootstrap
    self.run()
  File "/usr/lib/python3.11/multiprocessing/process.py", line 108, in run
    self._target(*self._args, **self._kwargs)
  File "/usr/lib/python3.11/multiprocessing/pool.py", line 136, in worker
    put((job, i, (False, wrapped)))
  File "/usr/lib/python3.11/multiprocessing/queues.py", line 377, in put
    self._writer.send_bytes(obj)
  File "/usr/lib/python3.11/multiprocessing/connection.py", line 200, in send_bytes
    self._send_bytes(m[offset:offset + size])
  File "/usr/lib/python3.11/multiprocessing/connection.py", line 427, in _send_bytes
    self._send(header + buf)
  File "/usr/lib/python3.11/multiprocessing/connection.py", line 384, in _send
    n = write(self._handle, buf)
        ^^^^^^^^^^^^^^^^^^^^^^^^
BrokenPipeError: [Errno 32] Broken pipe
/usr/lib/python3.11/multiprocessing/resource_tracker.py:254: UserWarning: resource_tracker: There appear to be 6 leaked semaphore objects to clean up at shutdown
  warnings.warn('resource_tracker: There appear to be %d '
