{
  "s20": {
    "rows": 36,
    "solved": 0,
    "reduced": 0,
    "replay_failures": 0,
    "total_length_before": 789,
    "total_length_after": 789,
    "max_relator_reduced": 0,
    "nodes": 360000,
    "wall": 105.00839570000016
  },
  "aut_edges": {
    "rows": 36,
    "solved": 0,
    "reduced": 5,
    "replay_failures": 0,
    "total_length_before": 789,
    "total_length_after": 780,
    "max_relator_reduced": 5,
    "nodes": 360000,
    "wall": 172.08716959899948
  },
  "wall_total": 142.70280441399996
}
