RESULTS refreshed 24173 8712 3540 6400
[cursor/heur-12h-anti-overfit-a42e 054b417] heur: campaign jsonl checkpoint screen=24173 arms=8712 hard=3540 sgrid=6400
 5 files changed, 24 insertions(+), 6 deletions(-)
 create mode 100644 results/heuristic_search/campaign_12h/freq_commit.log
[cursor/heur-12h-anti-overfit-a42e d450f0b] logs: fill short SHA for jsonl checkpoint
 1 file changed, 1 insertion(+), 1 deletion(-)
remote: This repository moved. Please use the new location:        
remote:   https://github.com/Avi161/ACSolverX.git        
To https://github.com/avi161/acsolverx
   295ee45..d450f0b  cursor/heur-12h-anti-overfit-a42e -> cursor/heur-12h-anti-overfit-a42e
[freq-commit] 04:41:25 pushed tip=d450f0b
RESULTS refreshed 24173 8712 3540 6400
[cursor/heur-12h-anti-overfit-a42e 64b4c93] heur: campaign jsonl checkpoint screen=24173 arms=8712 hard=3540 sgrid=6400
 5 files changed, 507 insertions(+), 4 deletions(-)
[cursor/heur-12h-anti-overfit-a42e b04eb08] logs: fill short SHA for jsonl checkpoint
 1 file changed, 1 insertion(+), 1 deletion(-)
remote: This repository moved. Please use the new location:        
remote:   https://github.com/Avi161/ACSolverX.git        
To https://github.com/avi161/acsolverx
   d450f0b..b04eb08  cursor/heur-12h-anti-overfit-a42e -> cursor/heur-12h-anti-overfit-a42e
[freq-commit] 04:44:26 pushed tip=b04eb08
RESULTS refreshed 24173 8712 3540 6400
[cursor/heur-12h-anti-overfit-a42e ba70a81] heur: campaign jsonl checkpoint screen=24173 arms=8712 hard=3540 sgrid=6400
 5 files changed, 506 insertions(+), 4 deletions(-)
[cursor/heur-12h-anti-overfit-a42e 9626b49] logs: fill short SHA for jsonl checkpoint
 1 file changed, 1 insertion(+), 1 deletion(-)
remote: This repository moved. Please use the new location:        
remote:   https://github.com/Avi161/ACSolverX.git        
To https://github.com/avi161/acsolverx
   b04eb08..9626b49  cursor/heur-12h-anti-overfit-a42e -> cursor/heur-12h-anti-overfit-a42e
[freq-commit] 04:47:27 pushed tip=9626b49
RESULTS refreshed 24173 8712 3540 6400
[cursor/heur-12h-anti-overfit-a42e f3726dd] heur: campaign jsonl checkpoint screen=24173 arms=8712 hard=3540 sgrid=6400
 5 files changed, 506 insertions(+), 4 deletions(-)
[cursor/heur-12h-anti-overfit-a42e d992586] logs: fill short SHA for jsonl checkpoint
 1 file changed, 1 insertion(+), 1 deletion(-)
remote: This repository moved. Please use the new location:        
remote:   https://github.com/Avi161/ACSolverX.git        
To https://github.com/avi161/acsolverx
   9626b49..d992586  cursor/heur-12h-anti-overfit-a42e -> cursor/heur-12h-anti-overfit-a42e
[freq-commit] 04:50:28 pushed tip=d992586
RESULTS refreshed 24173 8712 3540 6400
[cursor/heur-12h-anti-overfit-a42e 53bdf21] heur: campaign jsonl checkpoint screen=24173 arms=8712 hard=3540 sgrid=6400
 5 files changed, 515 insertions(+), 4 deletions(-)
[cursor/heur-12h-anti-overfit-a42e f524adb] logs: fill short SHA for jsonl checkpoint
 1 file changed, 1 insertion(+), 1 deletion(-)
remote: This repository moved. Please use the new location:        
remote:   https://github.com/Avi161/ACSolverX.git        
To https://github.com/avi161/acsolverx
   d992586..f524adb  cursor/heur-12h-anti-overfit-a42e -> cursor/heur-12h-anti-overfit-a42e
[freq-commit] 04:53:30 pushed tip=f524adb
RESULTS refreshed 24173 8712 3540 6400
[cursor/heur-12h-anti-overfit-a42e 970673d] heur: campaign jsonl checkpoint screen=24173 arms=8712 hard=3540 sgrid=6400
 5 files changed, 506 insertions(+), 4 deletions(-)
[cursor/heur-12h-anti-overfit-a42e bc44a66] logs: fill short SHA for jsonl checkpoint
 1 file changed, 1 insertion(+), 1 deletion(-)
remote: This repository moved. Please use the new location:        
remote:   https://github.com/Avi161/ACSolverX.git        
To https://github.com/avi161/acsolverx
   f524adb..bc44a66  cursor/heur-12h-anti-overfit-a42e -> cursor/heur-12h-anti-overfit-a42e
[freq-commit] 04:56:31 pushed tip=bc44a66
RESULTS refreshed 24173 8712 3540 6400
