WALL_END=2026-07-29T14:01:44+00:00 remaining_h=11.85
[init] building MS exclusion set…
[init] exclusion keys=1367

=== round 1 remain=11.85h ===
[screen] resume 0 done; target 3500
  [screen] +50 (50 total) 12.34/s remain=11.85h
  [screen] +100 (100 total) 12.84/s remain=11.85h
  [screen] +150 (150 total) 13.63/s remain=11.85h
  [screen] +200 (200 total) 12.66/s remain=11.85h
  [screen] +250 (250 total) 12.43/s remain=11.85h
  [screen] +300 (300 total) 11.81/s remain=11.84h
  [screen] +350 (350 total) 11.87/s remain=11.84h
  [screen] +400 (400 total) 11.53/s remain=11.84h
  [screen] +450 (450 total) 11.86/s remain=11.84h
  [screen] +500 (500 total) 12.45/s remain=11.84h
  [screen] +550 (550 total) 11.86/s remain=11.84h
  [screen] +600 (600 total) 11.79/s remain=11.84h
  [screen] +650 (650 total) 11.97/s remain=11.84h
  [screen] +700 (700 total) 12.18/s remain=11.84h
  [screen] +750 (750 total) 12.16/s remain=11.83h
  [screen] +800 (800 total) 11.97/s remain=11.83h
  [screen] +850 (850 total) 12.03/s remain=11.83h
  [screen] +900 (900 total) 11.87/s remain=11.83h
  [screen] +950 (950 total) 11.96/s remain=11.83h
  [screen] +1000 (1000 total) 12.13/s remain=11.83h
  [screen] +1050 (1050 total) 12.22/s remain=11.83h
  [screen] +1100 (1100 total) 12.22/s remain=11.83h
  [screen] +1150 (1150 total) 12.34/s remain=11.83h
  [screen] +1200 (1200 total) 12.39/s remain=11.82h
  [screen] +1250 (1250 total) 12.40/s remain=11.82h
  [screen] +1300 (1300 total) 12.51/s remain=11.82h
  [screen] +1350 (1350 total) 12.47/s remain=11.82h
  [screen] +1400 (1400 total) 12.35/s remain=11.82h
  [screen] +1450 (1450 total) 12.25/s remain=11.82h
  [screen] +1500 (1500 total) 12.22/s remain=11.82h
  [screen] +1550 (1550 total) 12.25/s remain=11.82h
  [screen] +1600 (1600 total) 12.16/s remain=11.81h
  [screen] +1650 (1650 total) 12.18/s remain=11.81h
  [screen] +1700 (1700 total) 12.05/s remain=11.81h
  [screen] +1750 (1750 total) 12.01/s remain=11.81h
  [screen] +1800 (1800 total) 12.00/s remain=11.81h
  [screen] +1850 (1850 total) 12.08/s remain=11.81h
  [screen] +1900 (1900 total) 11.98/s remain=11.81h
  [screen] +1950 (1950 total) 11.93/s remain=11.81h
  [screen] +2000 (2000 total) 11.96/s remain=11.80h
  [screen] +2050 (2050 total) 12.08/s remain=11.80h
  [screen] +2100 (2100 total) 12.11/s remain=11.80h
  [screen] +2150 (2150 total) 12.18/s remain=11.80h
  [screen] +2200 (2200 total) 12.20/s remain=11.80h
  [screen] +2250 (2250 total) 12.24/s remain=11.80h
  [screen] +2300 (2300 total) 12.09/s remain=11.80h
  [screen] +2350 (2350 total) 11.97/s remain=11.80h
  [screen] +2400 (2400 total) 12.05/s remain=11.80h
  [screen] +2450 (2450 total) 12.05/s remain=11.79h
  [screen] +2500 (2500 total) 11.91/s remain=11.79h
  [screen] +2550 (2550 total) 12.01/s remain=11.79h
  [screen] +2600 (2600 total) 12.06/s remain=11.79h
  [screen] +2650 (2650 total) 12.00/s remain=11.79h
  [screen] +2700 (2700 total) 11.99/s remain=11.79h
  [screen] +2750 (2750 total) 11.97/s remain=11.79h
  [screen] +2800 (2800 total) 12.03/s remain=11.79h
  [screen] +2850 (2850 total) 11.99/s remain=11.79h
  [screen] +2900 (2900 total) 12.03/s remain=11.78h
  [screen] +2950 (2950 total) 12.03/s remain=11.78h
  [screen] +3000 (3000 total) 12.04/s remain=11.78h
  [screen] +3050 (3050 total) 12.10/s remain=11.78h
  [screen] +3100 (3100 total) 12.11/s remain=11.78h
  [screen] +3150 (3150 total) 12.05/s remain=11.78h
  [screen] +3200 (3200 total) 12.08/s remain=11.78h
  [screen] +3250 (3250 total) 12.10/s remain=11.78h
  [screen] +3300 (3300 total) 12.06/s remain=11.78h
  [screen] +3350 (3350 total) 12.13/s remain=11.77h
  [screen] +3400 (3400 total) 12.19/s remain=11.77h
  [screen] +3450 (3450 total) 12.25/s remain=11.77h
  [screen] +3500 (3500 total) 12.21/s remain=11.77h
wrote /workspace/.worktrees/heur-12h/results/heuristic_search/campaign_12h/RESULTS.md
[band] easy=2228 mid=682 hard=590
[arms] 580 targets; 0 cells done
  [arms] +20 remain=11.77h 10.00/s
  [arms] +40 remain=11.77h 11.12/s
  [arms] +60 remain=11.77h 15.05/s
  [arms] +80 remain=11.77h 13.20/s
  [arms] +100 remain=11.77h 13.45/s
  [arms] +120 remain=11.77h 11.55/s
  [arms] +140 remain=11.77h 12.97/s
  [arms] +160 remain=11.77h 13.70/s
  [arms] +180 remain=11.77h 14.60/s
  [arms] +200 remain=11.77h 15.21/s
  [arms] +220 remain=11.77h 14.89/s
  [arms] +240 remain=11.77h 15.75/s
  [arms] +260 remain=11.77h 16.23/s
  [arms] +280 remain=11.77h 15.85/s
  [arms] +300 remain=11.77h 16.55/s
  [arms] +320 remain=11.77h 14.80/s
  [arms] +340 remain=11.77h 15.10/s
  [arms] +360 remain=11.77h 15.65/s
  [arms] +380 remain=11.76h 15.64/s
  [arms] +400 remain=11.76h 15.60/s
  [arms] +420 remain=11.76h 15.06/s
  [arms] +440 remain=11.76h 15.52/s
  [arms] +460 remain=11.76h 15.95/s
  [arms] +480 remain=11.76h 14.89/s
  [arms] +500 remain=11.76h 14.94/s
  [arms] +520 remain=11.76h 15.00/s
  [arms] +540 remain=11.76h 14.61/s
  [arms] +560 remain=11.76h 15.00/s
  [arms] +580 remain=11.76h 14.58/s
  [arms] +600 remain=11.76h 14.85/s
  [arms] +620 remain=11.76h 15.16/s
  [arms] +640 remain=11.76h 14.61/s
  [arms] +660 remain=11.76h 14.30/s
  [arms] +680 remain=11.76h 13.96/s
  [arms] +700 remain=11.76h 13.45/s
  [arms] +720 remain=11.76h 13.69/s
  [arms] +740 remain=11.76h 13.42/s
  [arms] +760 remain=11.76h 13.64/s
  [arms] +780 remain=11.76h 13.30/s
  [arms] +800 remain=11.76h 13.50/s
  [arms] +820 remain=11.75h 13.56/s
  [arms] +840 remain=11.75h 13.74/s
  [arms] +860 remain=11.75h 13.80/s
  [arms] +880 remain=11.75h 13.91/s
  [arms] +900 remain=11.75h 13.95/s
  [arms] +920 remain=11.75h 13.91/s
  [arms] +940 remain=11.75h 13.81/s
  [arms] +960 remain=11.75h 13.96/s
  [arms] +980 remain=11.75h 13.93/s
  [arms] +1000 remain=11.75h 13.93/s
  [arms] +1020 remain=11.75h 13.81/s
  [arms] +1040 remain=11.75h 13.86/s
  [arms] +1060 remain=11.75h 13.63/s
  [arms] +1080 remain=11.75h 13.73/s
  [arms] +1100 remain=11.75h 13.47/s
  [arms] +1120 remain=11.75h 13.44/s
  [arms] +1140 remain=11.75h 13.34/s
  [arms] +1160 remain=11.75h 13.04/s
  [arms] +1180 remain=11.75h 12.83/s
  [arms] +1200 remain=11.75h 12.95/s
  [arms] +1220 remain=11.75h 12.84/s
  [arms] +1240 remain=11.74h 12.70/s
  [arms] +1260 remain=11.74h 12.72/s
  [arms] +1280 remain=11.74h 12.67/s
  [arms] +1300 remain=11.74h 12.61/s
  [arms] +1320 remain=11.74h 12.65/s
  [arms] +1340 remain=11.74h 12.69/s
  [arms] +1360 remain=11.74h 12.68/s
  [arms] +1380 remain=11.74h 12.72/s
  [arms] +1400 remain=11.74h 12.78/s
  [arms] +1420 remain=11.74h 12.75/s
  [arms] +1440 remain=11.74h 12.85/s
  [arms] +1460 remain=11.74h 12.70/s
  [arms] +1480 remain=11.74h 12.47/s
  [arms] +1500 remain=11.74h 12.49/s
  [arms] +1520 remain=11.74h 12.22/s
  [arms] +1540 remain=11.74h 12.11/s
  [arms] +1560 remain=11.74h 12.10/s
  [arms] +1580 remain=11.74h 12.19/s
  [arms] +1600 remain=11.73h 12.11/s
  [arms] +1620 remain=11.73h 12.17/s
  [arms] +1640 remain=11.73h 12.13/s
  [arms] +1660 remain=11.73h 12.02/s
  [arms] +1680 remain=11.73h 12.03/s
  [arms] +1700 remain=11.73h 11.82/s
  [arms] +1720 remain=11.73h 11.71/s
  [arms] +1740 remain=11.73h 11.70/s
  [arms] +1760 remain=11.73h 11.69/s
  [arms] +1780 remain=11.73h 11.61/s
  [arms] +1800 remain=11.73h 11.60/s
  [arms] +1820 remain=11.73h 11.54/s
  [arms] +1840 remain=11.73h 11.44/s
  [arms] +1860 remain=11.73h 11.52/s
  [arms] +1880 remain=11.73h 11.56/s
  [arms] +1900 remain=11.73h 11.50/s
  [arms] +1920 remain=11.72h 11.24/s
  [arms] +1940 remain=11.72h 11.16/s
  [arms] +1960 remain=11.72h 11.09/s
  [arms] +1980 remain=11.72h 11.07/s
  [arms] +2000 remain=11.72h 11.05/s
  [arms] +2020 remain=11.72h 10.89/s
  [arms] +2040 remain=11.72h 10.93/s
  [arms] +2060 remain=11.72h 10.90/s
  [arms] +2080 remain=11.72h 10.89/s
  [arms] +2100 remain=11.72h 10.89/s
  [arms] +2120 remain=11.72h 10.82/s
  [arms] +2140 remain=11.72h 10.69/s
  [arms] +2160 remain=11.72h 10.64/s
  [arms] +2180 remain=11.71h 10.54/s
  [arms] +2200 remain=11.71h 10.46/s
  [arms] +2220 remain=11.71h 10.38/s
  [arms] +2240 remain=11.71h 10.33/s
  [arms] +2260 remain=11.71h 10.18/s
  [arms] +2280 remain=11.71h 10.18/s
  [arms] +2300 remain=11.71h 10.22/s
  [arms] +2320 remain=11.71h 10.19/s
  [arms] +2340 remain=11.71h 10.13/s
  [arms] +2360 remain=11.71h 10.07/s
  [arms] +2380 remain=11.71h 10.06/s
  [arms] +2400 remain=11.70h 10.00/s
  [arms] +2420 remain=11.70h 10.00/s
  [arms] +2440 remain=11.70h 10.05/s
  [arms] +2460 remain=11.70h 9.99/s
  [arms] +2480 remain=11.70h 10.04/s
  [arms] +2500 remain=11.70h 9.98/s
  [arms] +2520 remain=11.70h 9.95/s
  [arms] +2540 remain=11.70h 9.91/s
  [arms] +2560 remain=11.70h 9.84/s
  [arms] +2580 remain=11.70h 9.84/s
  [arms] +2600 remain=11.70h 9.86/s
  [arms] +2620 remain=11.70h 9.80/s
  [arms] +2640 remain=11.70h 9.79/s
  [arms] +2660 remain=11.70h 9.81/s
  [arms] +2680 remain=11.70h 9.76/s
  [arms] +2700 remain=11.70h 9.79/s
  [arms] +2720 remain=11.69h 9.82/s
  [arms] +2740 remain=11.69h 9.82/s
  [arms] +2760 remain=11.69h 9.71/s
  [arms] +2780 remain=11.69h 9.72/s
  [arms] +2800 remain=11.69h 9.75/s
  [arms] +2820 remain=11.69h 9.80/s
  [arms] +2840 remain=11.69h 9.80/s
  [arms] +2860 remain=11.69h 9.79/s
  [arms] +2880 remain=11.69h 9.75/s
  [arms] +2900 remain=11.69h 9.71/s
  [arms] +2920 remain=11.69h 9.65/s
  [arms] +2940 remain=11.69h 9.55/s
  [arms] +2960 remain=11.68h 9.48/s
  [arms] +2980 remain=11.68h 9.42/s
  [arms] +3000 remain=11.68h 9.43/s
  [arms] +3020 remain=11.68h 9.28/s
  [arms] +3040 remain=11.68h 9.07/s
  [arms] +3060 remain=11.68h 8.92/s
  [arms] +3080 remain=11.67h 8.63/s
  [arms] +3100 remain=11.67h 8.37/s
  [arms] +3120 remain=11.67h 8.22/s
  [arms] +3140 remain=11.66h 8.07/s
  [arms] +3160 remain=11.66h 7.92/s
  [arms] +3180 remain=11.66h 7.84/s
  [arms] +3200 remain=11.66h 7.68/s
  [arms] +3220 remain=11.65h 7.51/s
  [arms] +3240 remain=11.65h 7.40/s
  [arms] +3260 remain=11.65h 7.26/s
  [arms] +3280 remain=11.64h 7.14/s
  [arms] +3300 remain=11.64h 7.01/s
  [arms] +3320 remain=11.64h 6.97/s
  [arms] +3340 remain=11.64h 6.84/s
  [arms] +3360 remain=11.63h 6.75/s
  [arms] +3380 remain=11.63h 6.65/s
  [arms] +3400 remain=11.63h 6.59/s
  [arms] +3420 remain=11.63h 6.53/s
  [arms] +3440 remain=11.62h 6.49/s
  [arms] +3460 remain=11.62h 6.41/s
  [arms] +3480 remain=11.62h 6.31/s
wrote /workspace/.worktrees/heur-12h/results/heuristic_search/campaign_12h/RESULTS.md
[null] 75 clean ms640 rows; 0 done
wrote /workspace/.worktrees/heur-12h/results/heuristic_search/campaign_12h/RESULTS.md

=== round 2 remain=11.60h ===
[screen] resume 3500 done; target 5000
  [screen] +50 (3550 total) 16.19/s remain=11.60h
  [screen] +100 (3600 total) 15.84/s remain=11.59h
  [screen] +150 (3650 total) 15.88/s remain=11.59h
  [screen] +200 (3700 total) 14.10/s remain=11.59h
  [screen] +250 (3750 total) 14.51/s remain=11.59h
  [screen] +300 (3800 total) 13.80/s remain=11.59h
  [screen] +350 (3850 total) 12.97/s remain=11.59h
  [screen] +400 (3900 total) 12.72/s remain=11.59h
  [screen] +450 (3950 total) 12.61/s remain=11.59h
  [screen] +500 (4000 total) 12.83/s remain=11.59h
  [screen] +550 (4050 total) 12.56/s remain=11.58h
  [screen] +600 (4100 total) 12.54/s remain=11.58h
  [screen] +650 (4150 total) 12.48/s remain=11.58h
  [screen] +700 (4200 total) 12.54/s remain=11.58h
  [screen] +750 (4250 total) 12.62/s remain=11.58h
  [screen] +800 (4300 total) 12.70/s remain=11.58h
  [screen] +850 (4350 total) 12.69/s remain=11.58h
  [screen] +900 (4400 total) 12.84/s remain=11.58h
  [screen] +950 (4450 total) 12.55/s remain=11.58h
  [screen] +1000 (4500 total) 12.32/s remain=11.57h
  [screen] +1050 (4550 total) 12.15/s remain=11.57h
  [screen] +1100 (4600 total) 11.93/s remain=11.57h
  [screen] +1150 (4650 total) 11.88/s remain=11.57h
  [screen] +1200 (4700 total) 11.79/s remain=11.57h
  [screen] +1250 (4750 total) 11.91/s remain=11.57h
  [screen] +1300 (4800 total) 11.92/s remain=11.57h
  [screen] +1350 (4850 total) 11.87/s remain=11.57h
  [screen] +1400 (4900 total) 11.98/s remain=11.56h
  [screen] +1450 (4950 total) 11.95/s remain=11.56h
  [screen] +1500 (5000 total) 11.91/s remain=11.56h
wrote /workspace/.worktrees/heur-12h/results/heuristic_search/campaign_12h/RESULTS.md
[band] easy=3199 mid=951 hard=850
[arms] 580 targets; 3480 cells done
  [arms] +20 remain=11.56h 8.78/s
  [arms] +40 remain=11.56h 11.40/s
  [arms] +60 remain=11.56h 12.55/s
  [arms] +80 remain=11.56h 12.91/s
  [arms] +100 remain=11.56h 13.45/s
  [arms] +120 remain=11.56h 15.23/s
  [arms] +140 remain=11.56h 16.39/s
  [arms] +160 remain=11.56h 14.74/s
  [arms] +180 remain=11.56h 14.66/s
  [arms] +200 remain=11.56h 13.33/s
  [arms] +220 remain=11.56h 14.09/s
  [arms] +240 remain=11.56h 14.00/s
  [arms] +260 remain=11.56h 14.30/s
  [arms] +280 remain=11.56h 13.71/s
  [arms] +300 remain=11.56h 13.83/s
  [arms] +320 remain=11.56h 14.20/s
  [arms] +340 remain=11.55h 13.43/s
  [arms] +360 remain=11.55h 13.27/s
  [arms] +380 remain=11.55h 13.65/s
  [arms] +400 remain=11.55h 14.10/s
  [arms] +420 remain=11.55h 13.63/s
  [arms] +440 remain=11.55h 13.48/s
  [arms] +460 remain=11.55h 12.87/s
  [arms] +480 remain=11.55h 12.62/s
  [arms] +500 remain=11.55h 12.60/s
  [arms] +520 remain=11.55h 12.05/s
  [arms] +540 remain=11.55h 12.13/s
  [arms] +560 remain=11.55h 11.97/s
  [arms] +580 remain=11.55h 11.80/s
  [arms] +600 remain=11.55h 11.59/s
  [arms] +620 remain=11.55h 11.37/s
  [arms] +640 remain=11.55h 11.22/s
  [arms] +660 remain=11.55h 11.20/s
  [arms] +680 remain=11.54h 11.29/s
  [arms] +700 remain=11.54h 10.96/s
  [arms] +720 remain=11.54h 10.79/s
  [arms] +740 remain=11.54h 10.76/s
  [arms] +760 remain=11.54h 10.66/s
  [arms] +780 remain=11.54h 10.70/s
  [arms] +800 remain=11.54h 10.46/s
wrote /workspace/.worktrees/heur-12h/results/heuristic_search/campaign_12h/RESULTS.md
[null] 75 clean ms640 rows; 300 done
wrote /workspace/.worktrees/heur-12h/results/heuristic_search/campaign_12h/RESULTS.md

=== round 3 remain=11.54h ===
[screen] resume 5000 done; target 6500
  [screen] +50 (5050 total) 15.29/s remain=11.54h
  [screen] +100 (5100 total) 13.33/s remain=11.54h
  [screen] +150 (5150 total) 12.00/s remain=11.54h
  [screen] +200 (5200 total) 12.28/s remain=11.54h
  [screen] +250 (5250 total) 11.14/s remain=11.53h
  [screen] +300 (5300 total) 11.36/s remain=11.53h
  [screen] +350 (5350 total) 11.46/s remain=11.53h
  [screen] +400 (5400 total) 11.71/s remain=11.53h
  [screen] +450 (5450 total) 11.54/s remain=11.53h
  [screen] +500 (5500 total) 11.92/s remain=11.53h
  [screen] +550 (5550 total) 12.07/s remain=11.53h
  [screen] +600 (5600 total) 12.03/s remain=11.53h
  [screen] +650 (5650 total) 12.21/s remain=11.53h
  [screen] +700 (5700 total) 12.52/s remain=11.52h
  [screen] +750 (5750 total) 12.54/s remain=11.52h
  [screen] +800 (5800 total) 12.45/s remain=11.52h
  [screen] +850 (5850 total) 12.30/s remain=11.52h
  [screen] +900 (5900 total) 12.07/s remain=11.52h
  [screen] +950 (5950 total) 12.09/s remain=11.52h
  [screen] +1000 (6000 total) 12.07/s remain=11.52h
  [screen] +1050 (6050 total) 12.32/s remain=11.52h
  [screen] +1100 (6100 total) 12.57/s remain=11.52h
  [screen] +1150 (6150 total) 12.69/s remain=11.51h
  [screen] +1200 (6200 total) 12.76/s remain=11.51h
  [screen] +1250 (6250 total) 12.71/s remain=11.51h
  [screen] +1300 (6300 total) 12.71/s remain=11.51h
  [screen] +1350 (6350 total) 12.61/s remain=11.51h
  [screen] +1400 (6400 total) 12.36/s remain=11.51h
  [screen] +1450 (6450 total) 12.39/s remain=11.51h
  [screen] +1500 (6500 total) 12.44/s remain=11.51h
wrote /workspace/.worktrees/heur-12h/results/heuristic_search/campaign_12h/RESULTS.md
[band] easy=4166 mid=1236 hard=1098
[arms] 580 targets; 4290 cells done
  [arms] +20 remain=11.51h 20.04/s
  [arms] +40 remain=11.51h 21.29/s
  [arms] +60 remain=11.51h 26.26/s
  [arms] +80 remain=11.51h 21.14/s
  [arms] +100 remain=11.51h 21.85/s
  [arms] +120 remain=11.50h 23.47/s
  [arms] +140 remain=11.50h 23.46/s
  [arms] +160 remain=11.50h 22.34/s
  [arms] +180 remain=11.50h 23.15/s
  [arms] +200 remain=11.50h 23.22/s
  [arms] +220 remain=11.50h 20.75/s
  [arms] +240 remain=11.50h 21.51/s
  [arms] +260 remain=11.50h 16.33/s
  [arms] +280 remain=11.50h 15.97/s
  [arms] +300 remain=11.50h 15.01/s
  [arms] +320 remain=11.50h 15.06/s
  [arms] +340 remain=11.50h 14.42/s
  [arms] +360 remain=11.50h 14.38/s
  [arms] +380 remain=11.50h 13.31/s
  [arms] +400 remain=11.50h 13.25/s
  [arms] +420 remain=11.50h 13.74/s
  [arms] +440 remain=11.50h 13.45/s
  [arms] +460 remain=11.50h 13.35/s
  [arms] +480 remain=11.50h 12.41/s
  [arms] +500 remain=11.49h 12.24/s
  [arms] +520 remain=11.49h 11.70/s
  [arms] +540 remain=11.49h 11.28/s
  [arms] +560 remain=11.49h 11.51/s
  [arms] +580 remain=11.49h 11.46/s
  [arms] +600 remain=11.49h 11.34/s
  [arms] +620 remain=11.49h 11.47/s
  [arms] +640 remain=11.49h 11.60/s
  [arms] +660 remain=11.49h 11.59/s
  [arms] +680 remain=11.49h 11.49/s
  [arms] +700 remain=11.49h 11.56/s
  [arms] +720 remain=11.49h 11.79/s
wrote /workspace/.worktrees/heur-12h/results/heuristic_search/campaign_12h/RESULTS.md
[null] 75 clean ms640 rows; 300 done
wrote /workspace/.worktrees/heur-12h/results/heuristic_search/campaign_12h/RESULTS.md

=== round 4 remain=11.49h ===
[screen] resume 6500 done; target 8000
  [screen] +50 (6550 total) 10.35/s remain=11.49h
  [screen] +100 (6600 total) 13.81/s remain=11.49h
  [screen] +150 (6650 total) 13.86/s remain=11.49h
  [screen] +200 (6700 total) 14.65/s remain=11.49h
  [screen] +250 (6750 total) 13.50/s remain=11.48h
  [screen] +300 (6800 total) 13.45/s remain=11.48h
  [screen] +350 (6850 total) 12.50/s remain=11.48h
  [screen] +400 (6900 total) 11.69/s remain=11.48h
  [screen] +450 (6950 total) 11.66/s remain=11.48h
  [screen] +500 (7000 total) 12.26/s remain=11.48h
  [screen] +550 (7050 total) 12.32/s remain=11.48h
  [screen] +600 (7100 total) 12.81/s remain=11.48h
  [screen] +650 (7150 total) 12.45/s remain=11.47h
  [screen] +700 (7200 total) 12.56/s remain=11.47h
  [screen] +750 (7250 total) 12.50/s remain=11.47h
  [screen] +800 (7300 total) 12.77/s remain=11.47h
  [screen] +850 (7350 total) 12.91/s remain=11.47h
  [screen] +900 (7400 total) 13.02/s remain=11.47h
  [screen] +950 (7450 total) 12.97/s remain=11.47h
  [screen] +1000 (7500 total) 13.15/s remain=11.47h
  [screen] +1050 (7550 total) 13.18/s remain=11.47h
  [screen] +1100 (7600 total) 12.90/s remain=11.47h
  [screen] +1150 (7650 total) 12.59/s remain=11.46h
  [screen] +1200 (7700 total) 12.70/s remain=11.46h
  [screen] +1250 (7750 total) 12.60/s remain=11.46h
  [screen] +1300 (7800 total) 12.74/s remain=11.46h
  [screen] +1350 (7850 total) 12.83/s remain=11.46h
  [screen] +1400 (7900 total) 12.91/s remain=11.46h
  [screen] +1450 (7950 total) 12.85/s remain=11.46h
  [screen] +1500 (8000 total) 12.86/s remain=11.46h
wrote /workspace/.worktrees/heur-12h/results/heuristic_search/campaign_12h/RESULTS.md
[band] easy=5133 mid=1526 hard=1341
[arms] 580 targets; 5022 cells done
  [arms] +20 remain=11.46h 13.94/s
  [arms] +40 remain=11.46h 13.45/s
  [arms] +60 remain=11.46h 17.26/s
  [arms] +80 remain=11.46h 16.96/s
  [arms] +100 remain=11.45h 19.18/s
  [arms] +120 remain=11.45h 15.26/s
  [arms] +140 remain=11.45h 15.98/s
  [arms] +160 remain=11.45h 15.83/s
  [arms] +180 remain=11.45h 17.12/s
  [arms] +200 remain=11.45h 17.74/s
  [arms] +220 remain=11.45h 17.45/s
  [arms] +240 remain=11.45h 17.75/s
  [arms] +260 remain=11.45h 17.60/s
  [arms] +280 remain=11.45h 16.53/s
  [arms] +300 remain=11.45h 16.72/s
  [arms] +320 remain=11.45h 16.27/s
  [arms] +340 remain=11.45h 15.52/s
  [arms] +360 remain=11.45h 15.93/s
  [arms] +380 remain=11.45h 15.85/s
  [arms] +400 remain=11.45h 16.28/s
  [arms] +420 remain=11.45h 15.90/s
  [arms] +440 remain=11.45h 15.21/s
  [arms] +460 remain=11.45h 14.68/s
  [arms] +480 remain=11.45h 14.41/s
  [arms] +500 remain=11.45h 13.82/s
  [arms] +520 remain=11.45h 13.31/s
  [arms] +540 remain=11.44h 12.94/s
  [arms] +560 remain=11.44h 13.03/s
  [arms] +580 remain=11.44h 12.95/s
wrote /workspace/.worktrees/heur-12h/results/heuristic_search/campaign_12h/RESULTS.md
[null] 75 clean ms640 rows; 300 done
wrote /workspace/.worktrees/heur-12h/results/heuristic_search/campaign_12h/RESULTS.md

=== round 5 remain=11.44h ===
[screen] resume 8000 done; target 9500
  [screen] +50 (8050 total) 7.84/s remain=11.44h
  [screen] +100 (8100 total) 9.10/s remain=11.44h
  [screen] +150 (8150 total) 9.40/s remain=11.44h
  [screen] +200 (8200 total) 9.64/s remain=11.44h
  [screen] +250 (8250 total) 9.92/s remain=11.44h
  [screen] +300 (8300 total) 10.00/s remain=11.44h
  [screen] +350 (8350 total) 10.11/s remain=11.43h
  [screen] +400 (8400 total) 10.43/s remain=11.43h
  [screen] +450 (8450 total) 11.24/s remain=11.43h
  [screen] +500 (8500 total) 10.76/s remain=11.43h
  [screen] +550 (8550 total) 10.76/s remain=11.43h
  [screen] +600 (8600 total) 11.05/s remain=11.43h
  [screen] +650 (8650 total) 11.16/s remain=11.43h
  [screen] +700 (8700 total) 11.17/s remain=11.43h
  [screen] +750 (8750 total) 11.51/s remain=11.43h
  [screen] +800 (8800 total) 11.24/s remain=11.42h
  [screen] +850 (8850 total) 11.38/s remain=11.42h
  [screen] +900 (8900 total) 11.52/s remain=11.42h
  [screen] +950 (8950 total) 11.62/s remain=11.42h
  [screen] +1000 (9000 total) 11.73/s remain=11.42h
  [screen] +1050 (9050 total) 11.76/s remain=11.42h
  [screen] +1100 (9100 total) 11.52/s remain=11.42h
  [screen] +1150 (9150 total) 11.54/s remain=11.42h
  [screen] +1200 (9200 total) 11.59/s remain=11.42h
  [screen] +1250 (9250 total) 11.73/s remain=11.41h
  [screen] +1300 (9300 total) 11.89/s remain=11.41h
  [screen] +1350 (9350 total) 11.92/s remain=11.41h
  [screen] +1400 (9400 total) 11.76/s remain=11.41h
  [screen] +1450 (9450 total) 11.76/s remain=11.41h
  [screen] +1500 (9500 total) 11.81/s remain=11.41h
wrote /workspace/.worktrees/heur-12h/results/heuristic_search/campaign_12h/RESULTS.md
[band] easy=6090 mid=1793 hard=1617
[arms] 580 targets; 5616 cells done
  [arms] +20 remain=11.41h 6.67/s
  [arms] +40 remain=11.41h 7.97/s
  [arms] +60 remain=11.41h 11.44/s
  [arms] +80 remain=11.41h 13.34/s
  [arms] +100 remain=11.41h 13.74/s
  [arms] +120 remain=11.41h 12.05/s
  [arms] +140 remain=11.41h 12.63/s
  [arms] +160 remain=11.41h 13.39/s
  [arms] +180 remain=11.41h 14.43/s
  [arms] +200 remain=11.40h 15.49/s
  [arms] +220 remain=11.40h 15.32/s
  [arms] +240 remain=11.40h 16.12/s
  [arms] +260 remain=11.40h 14.45/s
  [arms] +280 remain=11.40h 14.43/s
  [arms] +300 remain=11.40h 13.45/s
  [arms] +320 remain=11.40h 14.03/s
  [arms] +340 remain=11.40h 13.56/s
  [arms] +360 remain=11.40h 13.46/s
  [arms] +380 remain=11.40h 12.63/s
  [arms] +400 remain=11.40h 12.86/s
wrote /workspace/.worktrees/heur-12h/results/heuristic_search/campaign_12h/RESULTS.md
[null] 75 clean ms640 rows; 300 done
wrote /workspace/.worktrees/heur-12h/results/heuristic_search/campaign_12h/RESULTS.md

=== round 6 remain=11.40h ===
[screen] resume 9500 done; target 11000
  [screen] +50 (9550 total) 6.84/s remain=11.40h
  [screen] +100 (9600 total) 9.50/s remain=11.40h
  [screen] +150 (9650 total) 9.94/s remain=11.40h
  [screen] +200 (9700 total) 9.24/s remain=11.39h
  [screen] +250 (9750 total) 9.66/s remain=11.39h
  [screen] +300 (9800 total) 10.21/s remain=11.39h
  [screen] +350 (9850 total) 11.05/s remain=11.39h
  [screen] +400 (9900 total) 10.86/s remain=11.39h
  [screen] +450 (9950 total) 11.05/s remain=11.39h
  [screen] +500 (10000 total) 11.34/s remain=11.39h
  [screen] +550 (10050 total) 11.49/s remain=11.39h
  [screen] +600 (10100 total) 11.81/s remain=11.39h
  [screen] +650 (10150 total) 11.69/s remain=11.38h
  [screen] +700 (10200 total) 11.72/s remain=11.38h
  [screen] +750 (10250 total) 11.87/s remain=11.38h
  [screen] +800 (10300 total) 11.61/s remain=11.38h
  [screen] +850 (10350 total) 11.76/s remain=11.38h
  [screen] +900 (10400 total) 11.89/s remain=11.38h
  [screen] +950 (10450 total) 11.67/s remain=11.38h
  [screen] +1000 (10500 total) 11.42/s remain=11.38h
  [screen] +1050 (10550 total) 11.49/s remain=11.37h
  [screen] +1100 (10600 total) 11.58/s remain=11.37h
  [screen] +1150 (10650 total) 11.76/s remain=11.37h
  [screen] +1200 (10700 total) 11.86/s remain=11.37h
  [screen] +1250 (10750 total) 11.87/s remain=11.37h
  [screen] +1300 (10800 total) 11.85/s remain=11.37h
  [screen] +1350 (10850 total) 11.79/s remain=11.37h
  [screen] +1400 (10900 total) 11.72/s remain=11.37h
  [screen] +1450 (10950 total) 11.79/s remain=11.37h
  [screen] +1500 (11000 total) 11.60/s remain=11.36h
wrote /workspace/.worktrees/heur-12h/results/heuristic_search/campaign_12h/RESULTS.md
[band] easy=7033 mid=2081 hard=1886
[arms] 580 targets; 6030 cells done
  [arms] +20 remain=11.36h 20.13/s
  [arms] +40 remain=11.36h 11.66/s
  [arms] +60 remain=11.36h 12.73/s
  [arms] +80 remain=11.36h 15.59/s
  [arms] +100 remain=11.36h 16.85/s
  [arms] +120 remain=11.36h 17.57/s
  [arms] +140 remain=11.36h 18.10/s
  [arms] +160 remain=11.36h 19.48/s
  [arms] +180 remain=11.36h 16.98/s
  [arms] +200 remain=11.36h 16.87/s
  [arms] +220 remain=11.36h 15.04/s
  [arms] +240 remain=11.36h 14.99/s
  [arms] +260 remain=11.36h 15.76/s
  [arms] +280 remain=11.36h 15.35/s
  [arms] +300 remain=11.36h 15.92/s
  [arms] +320 remain=11.36h 15.53/s
  [arms] +340 remain=11.36h 16.18/s
  [arms] +360 remain=11.36h 16.47/s
  [arms] +380 remain=11.36h 15.99/s
  [arms] +400 remain=11.36h 15.95/s
  [arms] +420 remain=11.36h 16.10/s
wrote /workspace/.worktrees/heur-12h/results/heuristic_search/campaign_12h/RESULTS.md
[null] 75 clean ms640 rows; 300 done
wrote /workspace/.worktrees/heur-12h/results/heuristic_search/campaign_12h/RESULTS.md

=== round 7 remain=11.36h ===
[screen] resume 11000 done; target 12500
  [screen] +50 (11050 total) 8.36/s remain=11.35h
  [screen] +100 (11100 total) 9.29/s remain=11.35h
  [screen] +150 (11150 total) 10.71/s remain=11.35h
  [screen] +200 (11200 total) 11.07/s remain=11.35h
  [screen] +250 (11250 total) 11.88/s remain=11.35h
  [screen] +300 (11300 total) 11.90/s remain=11.35h
  [screen] +350 (11350 total) 12.18/s remain=11.35h
  [screen] +400 (11400 total) 11.95/s remain=11.35h
  [screen] +450 (11450 total) 12.44/s remain=11.35h
  [screen] +500 (11500 total) 12.26/s remain=11.34h
  [screen] +550 (11550 total) 12.11/s remain=11.34h
  [screen] +600 (11600 total) 11.97/s remain=11.34h
  [screen] +650 (11650 total) 12.14/s remain=11.34h
  [screen] +700 (11700 total) 12.11/s remain=11.34h
  [screen] +750 (11750 total) 12.32/s remain=11.34h
  [screen] +800 (11800 total) 12.34/s remain=11.34h
  [screen] +850 (11850 total) 12.46/s remain=11.34h
  [screen] +900 (11900 total) 12.79/s remain=11.34h
  [screen] +950 (11950 total) 12.45/s remain=11.34h
  [screen] +1000 (12000 total) 12.47/s remain=11.33h
  [screen] +1050 (12050 total) 12.22/s remain=11.33h
  [screen] +1100 (12100 total) 12.39/s remain=11.33h
  [screen] +1150 (12150 total) 12.30/s remain=11.33h
  [screen] +1200 (12200 total) 12.23/s remain=11.33h
  [screen] +1250 (12250 total) 12.20/s remain=11.33h
  [screen] +1300 (12300 total) 12.33/s remain=11.33h
  [screen] +1350 (12350 total) 12.35/s remain=11.33h
  [screen] +1400 (12400 total) 12.43/s remain=11.32h
  [screen] +1450 (12450 total) 12.21/s remain=11.32h
  [screen] +1500 (12500 total) 12.28/s remain=11.32h
wrote /workspace/.worktrees/heur-12h/results/heuristic_search/campaign_12h/RESULTS.md
[band] easy=7990 mid=2369 hard=2141
[arms] 580 targets; 6450 cells done
  [arms] +20 remain=11.32h 21.90/s
  [arms] +40 remain=11.32h 13.87/s
  [arms] +60 remain=11.32h 15.94/s
  [arms] +80 remain=11.32h 17.60/s
  [arms] +100 remain=11.32h 18.40/s
  [arms] +120 remain=11.32h 19.13/s
  [arms] +140 remain=11.32h 18.59/s
  [arms] +160 remain=11.32h 20.02/s
  [arms] +180 remain=11.32h 18.47/s
  [arms] +200 remain=11.32h 19.30/s
  [arms] +220 remain=11.32h 18.40/s
  [arms] +240 remain=11.32h 17.60/s
  [arms] +260 remain=11.32h 14.84/s
  [arms] +280 remain=11.32h 15.23/s
  [arms] +300 remain=11.32h 15.50/s
  [arms] +320 remain=11.32h 16.01/s
  [arms] +340 remain=11.32h 16.50/s
  [arms] +360 remain=11.32h 16.41/s
  [arms] +380 remain=11.32h 16.83/s
  [arms] +400 remain=11.32h 16.97/s
  [arms] +420 remain=11.31h 15.89/s
wrote /workspace/.worktrees/heur-12h/results/heuristic_search/campaign_12h/RESULTS.md
[null] 75 clean ms640 rows; 300 done
wrote /workspace/.worktrees/heur-12h/results/heuristic_search/campaign_12h/RESULTS.md

=== round 8 remain=11.31h ===
[screen] resume 12500 done; target 14000
  [screen] +50 (12550 total) 6.90/s remain=11.31h
  [screen] +100 (12600 total) 8.62/s remain=11.31h
  [screen] +150 (12650 total) 8.29/s remain=11.31h
  [screen] +200 (12700 total) 9.09/s remain=11.31h
  [screen] +250 (12750 total) 9.24/s remain=11.31h
  [screen] +300 (12800 total) 9.54/s remain=11.31h
  [screen] +350 (12850 total) 9.66/s remain=11.30h
  [screen] +400 (12900 total) 10.12/s remain=11.30h
  [screen] +450 (12950 total) 10.15/s remain=11.30h
  [screen] +500 (13000 total) 10.53/s remain=11.30h
  [screen] +550 (13050 total) 10.72/s remain=11.30h
  [screen] +600 (13100 total) 10.90/s remain=11.30h
  [screen] +650 (13150 total) 11.24/s remain=11.30h
  [screen] +700 (13200 total) 11.58/s remain=11.30h
  [screen] +750 (13250 total) 11.54/s remain=11.30h
  [screen] +800 (13300 total) 11.65/s remain=11.30h
  [screen] +850 (13350 total) 11.57/s remain=11.29h
  [screen] +900 (13400 total) 11.81/s remain=11.29h
  [screen] +950 (13450 total) 11.47/s remain=11.29h
  [screen] +1000 (13500 total) 11.60/s remain=11.29h
  [screen] +1050 (13550 total) 11.52/s remain=11.29h
  [screen] +1100 (13600 total) 11.33/s remain=11.29h
  [screen] +1150 (13650 total) 11.39/s remain=11.29h
  [screen] +1200 (13700 total) 11.51/s remain=11.29h
  [screen] +1250 (13750 total) 11.55/s remain=11.28h
  [screen] +1300 (13800 total) 11.42/s remain=11.28h
  [screen] +1350 (13850 total) 11.61/s remain=11.28h
  [screen] +1400 (13900 total) 11.54/s remain=11.28h
  [screen] +1450 (13950 total) 11.40/s remain=11.28h
