[calib] 1/3 ak3_left_prefix rank 9 len 27 -> best defect 4 hit=False nodes=40 0.31s
[calib] 2/3 ak3_rotated rank 9 len 27 -> best defect 4 hit=False nodes=40 0.31s
[calib] 3/3 ak3_inverted_r1 rank 9 len 27 -> best defect 4 hit=False nodes=40 0.3s
{
 "ladder_AK3": {
  "ladder_AK3:inverted_r1_triangulation (S1 section 4.5 item 4)": {
   "runs": 1,
   "hits": 0,
   "detection_rate": 0.0,
   "start_ranks": [
    9
   ],
   "min_best_defect": 4,
   "median_best_defect": 4,
   "mean_nodes": 40.0
  },
  "ladder_AK3:left_prefix_triangulation (S1 section 4.4)": {
   "runs": 1,
   "hits": 0,
   "detection_rate": 0.0,
   "start_ranks": [
    9
   ],
   "min_best_defect": 4,
   "median_best_defect": 4,
   "mean_nodes": 40.0
  },
  "ladder_AK3:rotated_start_triangulation (S1 section 4.5 item 2)": {
   "runs": 1,
   "hits": 0,
   "detection_rate": 0.0,
   "start_ranks": [
    9
   ],
   "min_best_defect": 4,
   "median_best_defect": 4,
   "mean_nodes": 40.0
  }
 },
 "_overall": {
  "runs": 3,
  "hits": 0,
  "detection_rate": 0.0
 }
}
[calib] wrote results/stable_ac/fable/rank_n_ac_search_preflight.json and results/stable_ac/fable/rank_n_ac_search_preflight_rows.jsonl
