[sweep] input pos_a ('xxxxY', 'yXXX') rank 2 census 720 status OK min_defect 0
[sweep]   triangulate-balanced {'bracket': 'balanced', 'end': None, 'rot': [3, 0], 'order': [0, 1], 'share': False} rank 5 census 720 status OK min_defect 0 delta 0 (0.02s)
[sweep]   triangulate-balanced {'bracket': 'balanced', 'end': None, 'rot': [2, 0], 'order': [0, 1], 'share': True} rank 5 census 720 status OK min_defect 0 delta 0 (0.078s)
[sweep]   triangulate-linear {'bracket': 'linear', 'end': 'left', 'rot': [3, 0], 'order': [0, 1], 'share': False} rank 5 census 720 status OK min_defect 0 delta 0 (0.02s)
[sweep]   triangulate-linear {'bracket': 'linear', 'end': 'left', 'rot': [2, 3], 'order': [0, 1], 'share': True} rank 5 census 720 status OK min_defect 0 delta 0 (0.009s)
[sweep]   split-generator {'gen': 'x', 'buckets': [0, 0, 1, 1, 0, 0, 0], 'fresh': ['a'], 'n_occurrences': 7} rank 3 census 240 status OK min_defect 0 delta 0 (0.002s)
[sweep]   split-generator {'gen': 'x', 'buckets': [0, 1, 2, 0, 1, 2, 0], 'fresh': ['a', 'b'], 'n_occurrences': 7} rank 4 census 96 status OK min_defect 2 delta 2 (0.013s)
[sweep]   split-generator {'gen': 'y', 'buckets': [0, 1], 'fresh': ['a'], 'n_occurrences': 2} rank 3 census 720 status OK min_defect 0 delta 0 (0.005s)
[sweep]   split-generator {'gen': 'x', 'buckets': [0, 0, 0, 0, 0, 1, 1], 'fresh': ['a'], 'n_occurrences': 7} rank 3 census 240 status OK min_defect 0 delta 0 (0.002s)
[sweep] input pos_b ('xxxyx', 'xxyx') rank 2 census 720 status OK min_defect 0
[sweep]   triangulate-balanced {'bracket': 'balanced', 'end': None, 'rot': [3, 0], 'order': [0, 1], 'share': False} rank 5 census 720 status OK min_defect 0 delta 0 (0.02s)
[sweep]   triangulate-balanced {'bracket': 'balanced', 'end': None, 'rot': [2, 0], 'order': [0, 1], 'share': True} rank 4 census 48 status OK min_defect 2 delta 2 (0.01s)
[sweep]   triangulate-linear {'bracket': 'linear', 'end': 'left', 'rot': [3, 0], 'order': [0, 1], 'share': False} rank 5 census 720 status OK min_defect 0 delta 0 (0.02s)
[sweep]   triangulate-linear {'bracket': 'linear', 'end': 'left', 'rot': [2, 3], 'order': [0, 1], 'share': True} rank 5 census 720 status OK min_defect 0 delta 0 (0.019s)
[sweep]   split-generator {'gen': 'x', 'buckets': [0, 0, 1, 1, 0, 0, 0], 'fresh': ['a'], 'n_occurrences': 7} rank 3 census 240 status OK min_defect 0 delta 0 (0.002s)
[sweep]   split-generator {'gen': 'x', 'buckets': [0, 1, 2, 0, 1, 2, 0], 'fresh': ['a', 'b'], 'n_occurrences': 7} rank 4 census 96 status OK min_defect 0 delta 0 (0.001s)
[sweep]   split-generator {'gen': 'y', 'buckets': [0, 1], 'fresh': ['a'], 'n_occurrences': 2} rank 3 census 720 status OK min_defect 0 delta 0 (0.005s)
[sweep]   split-generator {'gen': 'x', 'buckets': [0, 0, 0, 0, 0, 1, 1], 'fresh': ['a'], 'n_occurrences': 7} rank 3 census 240 status OK min_defect 0 delta 0 (0.002s)
[sweep] input pos_c ('xyxxxx', 'yxxxx') rank 2 census 40320 status OK min_defect 0
[sweep]   triangulate-balanced {'bracket': 'balanced', 'end': None, 'rot': [5, 3], 'order': [0, 1], 'share': False} rank 7 census 40320 status OK min_defect 0 delta 0 (0.403s)
[sweep]   triangulate-balanced {'bracket': 'balanced', 'end': None, 'rot': [2, 0], 'order': [0, 1], 'share': True} rank 5 census 144 status OK min_defect 2 delta 2 (0.115s)
[sweep]   triangulate-linear {'bracket': 'linear', 'end': 'left', 'rot': [3, 1], 'order': [0, 1], 'share': False} rank 7 census 40320 status OK min_defect 0 delta 0 (0.394s)
[sweep]   triangulate-linear {'bracket': 'linear', 'end': 'left', 'rot': [0, 2], 'order': [1, 0], 'share': True} rank 7 census 40320 status OK min_defect 0 delta 0 (0.431s)
[sweep]   split-generator {'gen': 'x', 'buckets': [0, 1, 0, 1, 1, 1, 1, 1, 1], 'fresh': ['a'], 'n_occurrences': 9} rank 3 census 10080 status OK min_defect 0 delta 0 (0.079s)
[sweep]   split-generator {'gen': 'x', 'buckets': [0, 1, 2, 0, 1, 2, 0, 1, 2], 'fresh': ['a', 'b'], 'n_occurrences': 9} rank 4 census 864 status OK min_defect 2 delta 2 (0.017s)
[sweep]   split-generator {'gen': 'y', 'buckets': [0, 1], 'fresh': ['a'], 'n_occurrences': 2} rank 3 census 40320 status OK min_defect 0 delta 0 (0.311s)
[sweep]   split-generator {'gen': 'x', 'buckets': [0, 0, 0, 0, 0, 1, 1, 1, 1], 'fresh': ['a'], 'n_occurrences': 9} rank 3 census 2880 status OK min_defect 0 delta 0 (0.02s)
[sweep] input pos_d ('xxyxy', 'xyxxyxy') rank 2 census 17280 status OK min_defect 0
[sweep]   triangulate-balanced {'bracket': 'balanced', 'end': None, 'rot': [1, 4], 'order': [0, 1], 'share': False} rank 8 census 17280 status OK min_defect 0 delta 0 (0.182s)
[sweep]   triangulate-balanced {'bracket': 'balanced', 'end': None, 'rot': [4, 3], 'order': [1, 0], 'share': True} rank 5 census 144 status OK min_defect 0 delta 0 (0.011s)
[sweep]   triangulate-linear {'bracket': 'linear', 'end': 'left', 'rot': [2, 5], 'order': [0, 1], 'share': False} rank 8 census 17280 status OK min_defect 0 delta 0 (0.182s)
[sweep]   triangulate-linear {'bracket': 'linear', 'end': 'left', 'rot': [1, 3], 'order': [0, 1], 'share': True} rank 6 census 288 status OK min_defect 0 delta 0 (0.01s)
[sweep]   split-generator {'gen': 'x', 'buckets': [0, 0, 1, 1, 0, 0, 0], 'fresh': ['a'], 'n_occurrences': 7} rank 3 census 5760 status OK min_defect 0 delta 0 (0.046s)
[sweep]   split-generator {'gen': 'x', 'buckets': [0, 1, 2, 0, 1, 2, 0], 'fresh': ['a', 'b'], 'n_occurrences': 7} rank 4 census 2304 status OK min_defect 2 delta 2 (0.018s)
[sweep]   split-generator {'gen': 'y', 'buckets': [0, 0, 0, 0, 1], 'fresh': ['a'], 'n_occurrences': 5} rank 3 census 17280 status OK min_defect 0 delta 0 (0.113s)
[sweep]   split-generator {'gen': 'y', 'buckets': [0, 1, 2, 0, 1], 'fresh': ['a', 'b'], 'n_occurrences': 5} rank 4 census 8640 status OK min_defect 0 delta 0 (0.062s)
[sweep] input pos_e ('xyyxy', 'yxyxyyxy') rank 2 census 120960 status OK min_defect 0
[sweep]   triangulate-balanced {'bracket': 'balanced', 'end': None, 'rot': [0, 0], 'order': [0, 1], 'share': False} rank 9 census 120960 status OK min_defect 0 delta 0 (1.334s)
[sweep]   triangulate-balanced {'bracket': 'balanced', 'end': None, 'rot': [3, 7], 'order': [1, 0], 'share': True} rank 6 census 288 status OK min_defect 0 delta 0 (0.043s)
[sweep]   triangulate-linear {'bracket': 'linear', 'end': 'left', 'rot': [1, 6], 'order': [0, 1], 'share': False} rank 9 census 120960 status OK min_defect 0 delta 0 (1.407s)
[sweep]   triangulate-linear {'bracket': 'linear', 'end': 'left', 'rot': [3, 2], 'order': [1, 0], 'share': True} rank 9 census 120960 status OK min_defect 0 delta 0 (1.342s)
[sweep]   split-generator {'gen': 'x', 'buckets': [0, 1, 0, 0, 0], 'fresh': ['a'], 'n_occurrences': 5} rank 3 census 120960 status OK min_defect 0 delta 0 (0.768s)
[sweep]   split-generator {'gen': 'x', 'buckets': [0, 1, 2, 0, 1], 'fresh': ['a', 'b'], 'n_occurrences': 5} rank 4 census 60480 status OK min_defect 0 delta 0 (0.449s)
[sweep]   split-generator {'gen': 'y', 'buckets': [0, 1, 0, 1, 0, 1, 0, 1], 'fresh': ['a'], 'n_occurrences': 8} rank 3 census 13824 status OK min_defect 2 delta 2 (0.091s)
[sweep]   split-generator {'gen': 'y', 'buckets': [0, 1, 2, 0, 1, 2, 0, 1], 'fresh': ['a', 'b'], 'n_occurrences': 8} rank 4 census 6912 status OK min_defect 2 delta 2 (0.07s)
[sweep] input orbit2 ('YYXXyx', 'YYYxyXX') rank 2 census 86400 status OK min_defect 2
[sweep]   triangulate-balanced {'bracket': 'balanced', 'end': None, 'rot': [4, 5], 'order': [0, 1], 'share': False} rank 9 census 86400 status OK min_defect 2 delta 0 (0.932s)
[sweep]   triangulate-balanced {'bracket': 'balanced', 'end': None, 'rot': [2, 6], 'order': [1, 0], 'share': True} rank 8 census 5760 status OK min_defect 4 delta 2 (0.056s)
[sweep]   triangulate-linear {'bracket': 'linear', 'end': 'left', 'rot': [1, 3], 'order': [0, 1], 'share': False} rank 9 census 86400 status OK min_defect 2 delta 0 (1.01s)
[sweep]   triangulate-linear {'bracket': 'linear', 'end': 'left', 'rot': [1, 2], 'order': [0, 1], 'share': True} rank 9 census 86400 status OK min_defect 2 delta 0 (0.942s)
[sweep]   split-generator {'gen': 'x', 'buckets': [0, 0, 1, 1, 1, 1], 'fresh': ['a'], 'n_occurrences': 6} rank 3 census 34560 status OK min_defect 2 delta 0 (0.241s)
[sweep]   split-generator {'gen': 'x', 'buckets': [0, 1, 2, 0, 1, 2], 'fresh': ['a', 'b'], 'n_occurrences': 6} rank 4 census 17280 status OK min_defect 4 delta 2 (0.138s)
[sweep]   split-generator {'gen': 'y', 'buckets': [0, 1, 1, 1, 0, 1, 0], 'fresh': ['a'], 'n_occurrences': 7} rank 3 census 17280 status OK min_defect 4 delta 2 (0.111s)
[sweep]   split-generator {'gen': 'y', 'buckets': [0, 1, 2, 0, 1, 2, 0], 'fresh': ['a', 'b'], 'n_occurrences': 7} rank 4 census 11520 status OK min_defect 4 delta 2 (0.117s)
[sweep] input ak3 ('xyxYXY', 'xxxYYYY') rank 2 census 86400 status OK min_defect 4
[sweep]   triangulate-balanced {'bracket': 'balanced', 'end': None, 'rot': [4, 5], 'order': [0, 1], 'share': False} rank 9 census 86400 status OK min_defect 4 delta 0 (0.982s)
[sweep]   triangulate-balanced {'bracket': 'balanced', 'end': None, 'rot': [2, 6], 'order': [1, 0], 'share': True} rank 8 census 5760 status OK min_defect 4 delta 0 (0.058s)
[sweep]   triangulate-linear {'bracket': 'linear', 'end': 'left', 'rot': [1, 3], 'order': [0, 1], 'share': False} rank 9 census 86400 status OK min_defect 4 delta 0 (0.964s)
[sweep]   triangulate-linear {'bracket': 'linear', 'end': 'left', 'rot': [1, 2], 'order': [0, 1], 'share': True} rank 9 census 86400 status OK min_defect 4 delta 0 (0.931s)
[sweep]   split-generator {'gen': 'x', 'buckets': [0, 0, 1, 1, 1, 1], 'fresh': ['a'], 'n_occurrences': 6} rank 3 census 34560 status OK min_defect 4 delta 0 (0.208s)
[sweep]   split-generator {'gen': 'x', 'buckets': [0, 1, 2, 0, 1, 2], 'fresh': ['a', 'b'], 'n_occurrences': 6} rank 4 census 17280 status OK min_defect 4 delta 0 (0.247s)
[sweep]   split-generator {'gen': 'y', 'buckets': [0, 1, 1, 1, 0, 1, 0], 'fresh': ['a'], 'n_occurrences': 7} rank 3 census 17280 status OK min_defect 4 delta 0 (0.107s)
[sweep]   split-generator {'gen': 'y', 'buckets': [0, 1, 2, 0, 1, 2, 0], 'fresh': ['a', 'b'], 'n_occurrences': 7} rank 4 census 11520 status OK min_defect 4 delta 0 (0.08s)
[sweep] wrote /home/user/ACSolverX/results/stable_ac/fable/high_rank_gamma_sweep.json and /home/user/ACSolverX/results/stable_ac/fable/high_rank_gamma_sweep.jsonl
[sweep] 56 rows, 56 decided, 33 thickenable, delta histogram {'0': 45, '2': 11}
