*** SEED HIT *** sol_000 --[Xy|x|1]--> sol_008 (solved_to_solved)
*** SEED HIT *** sol_000 --[Xy|y|0]--> sol_067 (solved_to_solved)
*** SEED HIT *** sol_000 --[xy|x|1]--> sol_020 (solved_to_solved)
*** SEED HIT *** sol_000 --[xy|y|0]--> sol_077 (solved_to_solved)
*** SEED HIT *** sol_000 --[yX|x|1]--> sol_028 (solved_to_solved)
*** SEED HIT *** sol_000 --[yX|y|0]--> sol_019 (solved_to_solved)
*** SEED HIT *** sol_000 --[yx|x|1]--> sol_028 (solved_to_solved)
*** SEED HIT *** sol_000 --[yx|y|0]--> sol_019 (solved_to_solved)
*** SEED HIT *** sol_000 --[yxY|x|1]--> sol_028 (solved_to_solved)
*** SEED HIT *** sol_008 --[Xy|x|1]--> sol_058 (solved_to_solved)
*** SEED HIT *** sol_008 --[xy|x|1]--> sol_028 (solved_to_solved)
*** SEED HIT *** sol_008 --[yX|x|1]--> sol_062 (solved_to_solved)
*** SEED HIT *** sol_008 --[yx|x|1]--> sol_000 (solved_to_solved)
*** SEED HIT *** sol_008 --[yx|y|0]--> sol_067 (solved_to_solved)
*** SEED HIT *** sol_009 --[Xy|x|1]--> sol_023 (solved_to_solved)
*** SEED HIT *** sol_009 --[xy|x|1]--> sol_038 (solved_to_solved)
*** SEED HIT *** sol_009 --[yX|x|1]--> sol_111 (solved_to_solved)
*** SEED HIT *** sol_009 --[yX|y|0]--> sol_091 (solved_to_solved)
*** SEED HIT *** sol_009 --[yx|x|1]--> sol_111 (solved_to_solved)
*** SEED HIT *** sol_009 --[yx|y|0]--> sol_091 (solved_to_solved)
*** SEED HIT *** sol_009 --[yxY|x|1]--> sol_111 (solved_to_solved)
*** SEED HIT *** sol_010 --[Xy|x|1]--> sol_039 (solved_to_solved)
*** SEED HIT *** sol_010 --[xy|x|1]--> sol_094 (solved_to_solved)
*** SEED HIT *** sol_011 --[Xy|x|1]--> sol_095 (solved_to_solved)
*** SEED HIT *** sol_014 --[Xy|y|1]--> sol_019 (solved_to_solved)
*** SEED HIT *** sol_014 --[xy|y|1]--> sol_015 (solved_to_solved)
*** SEED HIT *** sol_014 --[yX|y|1]--> sol_001 (solved_to_solved)
*** SEED HIT *** sol_014 --[yx|y|1]--> sol_001 (solved_to_solved)
*** SEED HIT *** sol_015 --[Xy|x|0]--> sol_001 (solved_to_solved)
*** SEED HIT *** sol_015 --[Xy|y|1]--> sol_001 (solved_to_solved)
*** SEED HIT *** sol_015 --[xy|x|0]--> sol_014 (solved_to_solved)
*** SEED HIT *** sol_015 --[xy|y|1]--> sol_014 (solved_to_solved)
*** SEED HIT *** sol_015 --[yX|x|0]--> sol_001 (solved_to_solved)
*** SEED HIT *** sol_015 --[yX|y|1]--> sol_001 (solved_to_solved)
*** SEED HIT *** sol_015 --[yx|x|0]--> sol_001 (solved_to_solved)
*** SEED HIT *** sol_015 --[yx|y|1]--> sol_001 (solved_to_solved)
*** SEED HIT *** sol_015 --[Xyx|x|1]--> sol_001 (solved_to_solved)
*** SEED HIT *** sol_015 --[Xyx|y|1]--> sol_001 (solved_to_solved)
*** SEED HIT *** sol_015 --[yxY|x|0]--> sol_001 (solved_to_solved)
*** SEED HIT *** sol_015 --[yxY|y|0]--> sol_001 (solved_to_solved)
*** SEED HIT *** sol_016 --[Xy|y|0]--> sol_001 (solved_to_solved)
*** SEED HIT *** sol_016 --[xx|x|0]--> sol_001 (solved_to_solved)
*** SEED HIT *** sol_016 --[xy|y|0]--> sol_001 (solved_to_solved)
*** SEED HIT *** sol_016 --[yX|y|0]--> sol_001 (solved_to_solved)
*** SEED HIT *** sol_016 --[yx|y|0]--> sol_001 (solved_to_solved)
*** SEED HIT *** sol_016 --[XXy|x|0]--> sol_001 (solved_to_solved)
*** SEED HIT *** sol_016 --[XXy|y|0]--> sol_001 (solved_to_solved)
*** SEED HIT *** sol_016 --[xxy|x|0]--> sol_001 (solved_to_solved)
*** SEED HIT *** sol_016 --[xxy|y|0]--> sol_001 (solved_to_solved)
*** SEED HIT *** sol_017 --[Xy|y|0]--> sol_001 (solved_to_solved)
*** SEED HIT *** sol_017 --[xx|x|0]--> sol_001 (solved_to_solved)
*** SEED HIT *** sol_017 --[xy|y|0]--> sol_001 (solved_to_solved)
*** SEED HIT *** sol_017 --[yX|y|0]--> sol_001 (solved_to_solved)
*** SEED HIT *** sol_017 --[yx|y|0]--> sol_001 (solved_to_solved)
*** SEED HIT *** sol_017 --[XXy|x|0]--> sol_001 (solved_to_solved)
*** SEED HIT *** sol_017 --[XXy|y|0]--> sol_001 (solved_to_solved)
*** SEED HIT *** sol_017 --[Xyx|x|0]--> sol_001 (solved_to_solved)
*** SEED HIT *** sol_017 --[Xyx|y|0]--> sol_001 (solved_to_solved)
*** SEED HIT *** sol_017 --[xxy|y|0]--> sol_001 (solved_to_solved)
*** SEED HIT *** sol_018 --[Xy|y|0]--> sol_035 (solved_to_solved)
*** SEED HIT *** sol_018 --[xx|x|0]--> sol_089 (solved_to_solved)
*** SEED HIT *** sol_018 --[xy|y|0]--> sol_019 (solved_to_solved)
*** SEED HIT *** sol_018 --[yX|y|0]--> sol_030 (solved_to_solved)
*** SEED HIT *** sol_018 --[yx|y|0]--> sol_014 (solved_to_solved)
*** SEED HIT *** sol_019 --[Xy|y|0]--> sol_014 (solved_to_solved)
*** SEED HIT *** sol_019 --[xx|x|0]--> sol_000 (solved_to_solved)
*** SEED HIT *** sol_019 --[xx|x|1]--> sol_028 (solved_to_solved)
*** SEED HIT *** sol_019 --[xy|y|0]--> sol_018 (solved_to_solved)
*** SEED HIT *** sol_019 --[yX|y|0]--> sol_015 (solved_to_solved)
*** SEED HIT *** sol_019 --[yx|y|0]--> sol_014 (solved_to_solved)
*** SEED HIT *** sol_019 --[Xyx|x|0]--> sol_014 (solved_to_solved)
*** SEED HIT *** sol_019 --[Xyx|y|0]--> sol_014 (solved_to_solved)
  [20/237] sol_019  orbits=294 edges=151 seed_hits=72
*** SEED HIT *** sol_020 --[xy|x|1]--> sol_000 (solved_to_solved)
*** SEED HIT *** sol_020 --[yX|x|1]--> sol_047 (solved_to_solved)
*** SEED HIT *** sol_020 --[yx|x|1]--> sol_028 (solved_to_solved)
*** SEED HIT *** sol_020 --[xyy|x|1]--> sol_000 (solved_to_solved)
*** SEED HIT *** sol_020 --[xyy|y|0]--> sol_077 (solved_to_solved)
*** SEED HIT *** sol_020 --[yyX|x|1]--> sol_047 (solved_to_solved)
*** SEED HIT *** sol_021 --[xy|x|1]--> sol_026 (solved_to_solved)
*** SEED HIT *** sol_021 --[yx|x|1]--> sol_055 (solved_to_solved)
*** SEED HIT *** sol_021 --[yy|y|0]--> sol_081 (solved_to_solved)
*** SEED HIT *** sol_021 --[xyy|x|1]--> sol_026 (solved_to_solved)
*** SEED HIT *** sol_022 --[xy|x|1]--> sol_027 (solved_to_solved)
*** SEED HIT *** sol_022 --[xyy|x|1]--> sol_027 (solved_to_solved)
*** SEED HIT *** sol_023 --[xy|x|1]--> sol_009 (solved_to_solved)
*** SEED HIT *** sol_023 --[yx|x|1]--> sol_111 (solved_to_solved)
*** SEED HIT *** sol_023 --[xyy|x|1]--> sol_009 (solved_to_solved)
*** SEED HIT *** sol_024 --[xy|x|1]--> sol_002 (solved_to_solved)
*** SEED HIT *** sol_024 --[yX|x|1]--> sol_002 (solved_to_solved)
*** SEED HIT *** sol_024 --[yx|x|1]--> sol_056 (solved_to_solved)
*** SEED HIT *** sol_024 --[xyy|x|1]--> sol_002 (solved_to_solved)
*** SEED HIT *** sol_024 --[yyX|x|1]--> sol_002 (solved_to_solved)
*** SEED HIT *** sol_025 --[xy|y|1]--> sol_093 (solved_to_solved)
*** SEED HIT *** sol_025 --[xxy|y|1]--> sol_093 (solved_to_solved)
*** SEED HIT *** sol_026 --[Xy|y|1]--> sol_055 (solved_to_solved)
*** SEED HIT *** sol_026 --[xy|y|1]--> sol_021 (solved_to_solved)
*** SEED HIT *** sol_026 --[yX|y|1]--> sol_048 (solved_to_solved)
*** SEED HIT *** sol_026 --[yx|y|1]--> sol_055 (solved_to_solved)
*** SEED HIT *** sol_026 --[XXy|y|1]--> sol_055 (solved_to_solved)
*** SEED HIT *** sol_026 --[Xyx|y|1]--> sol_055 (solved_to_solved)
*** SEED HIT *** sol_026 --[xxy|y|1]--> sol_021 (solved_to_solved)
*** SEED HIT *** sol_026 --[XXyx|y|1]--> sol_055 (solved_to_solved)
*** SEED HIT *** sol_027 --[xy|y|1]--> sol_022 (solved_to_solved)
*** SEED HIT *** sol_027 --[xxy|y|1]--> sol_022 (solved_to_solved)
*** SEED HIT *** sol_028 --[Xy|y|1]--> sol_000 (solved_to_solved)
*** SEED HIT *** sol_028 --[xy|y|1]--> sol_008 (solved_to_solved)
*** SEED HIT *** sol_028 --[yX|y|1]--> sol_020 (solved_to_solved)
*** SEED HIT *** sol_028 --[yx|y|1]--> sol_000 (solved_to_solved)
*** SEED HIT *** sol_028 --[XXy|x|0]--> sol_019 (solved_to_solved)
*** SEED HIT *** sol_028 --[XXy|y|1]--> sol_000 (solved_to_solved)
*** SEED HIT *** sol_028 --[Xyx|x|0]--> sol_019 (solved_to_solved)
*** SEED HIT *** sol_028 --[Xyx|y|1]--> sol_000 (solved_to_solved)
*** SEED HIT *** sol_028 --[xxy|y|1]--> sol_008 (solved_to_solved)
*** SEED HIT *** sol_028 --[XXyx|y|1]--> sol_000 (solved_to_solved)
*** SEED HIT *** sol_029 --[Xy|y|1]--> sol_002 (solved_to_solved)
*** SEED HIT *** sol_029 --[xy|y|1]--> sol_002 (solved_to_solved)
*** SEED HIT *** sol_029 --[yX|y|1]--> sol_050 (solved_to_solved)
*** SEED HIT *** sol_029 --[yx|y|1]--> sol_002 (solved_to_solved)
*** SEED HIT *** sol_029 --[XXy|y|1]--> sol_002 (solved_to_solved)
*** SEED HIT *** sol_029 --[Xyx|y|1]--> sol_002 (solved_to_solved)
*** SEED HIT *** sol_029 --[xxy|y|1]--> sol_002 (solved_to_solved)
*** SEED HIT *** sol_029 --[XXyx|y|1]--> sol_002 (solved_to_solved)
*** SEED HIT *** sol_030 --[Xy|y|0]--> sol_018 (solved_to_solved)
*** SEED HIT *** sol_030 --[xx|x|0]--> sol_014 (solved_to_solved)
*** SEED HIT *** sol_030 --[xy|y|0]--> sol_014 (solved_to_solved)
*** SEED HIT *** sol_030 --[yX|y|0]--> sol_001 (solved_to_solved)
*** SEED HIT *** sol_030 --[yx|y|0]--> sol_001 (solved_to_solved)
*** SEED HIT *** sol_030 --[XXy|x|0]--> sol_018 (solved_to_solved)
*** SEED HIT *** sol_030 --[XXy|y|0]--> sol_018 (solved_to_solved)
*** SEED HIT *** sol_030 --[xxy|x|0]--> sol_014 (solved_to_solved)
*** SEED HIT *** sol_030 --[xxy|y|0]--> sol_014 (solved_to_solved)
*** SEED HIT *** sol_031 --[Xy|y|0]--> sol_001 (solved_to_solved)
*** SEED HIT *** sol_031 --[xx|x|0]--> sol_015 (solved_to_solved)
*** SEED HIT *** sol_031 --[xy|y|0]--> sol_015 (solved_to_solved)
*** SEED HIT *** sol_031 --[yX|y|0]--> sol_001 (solved_to_solved)
*** SEED HIT *** sol_031 --[yx|y|0]--> sol_001 (solved_to_solved)
*** SEED HIT *** sol_031 --[XXy|x|0]--> sol_001 (solved_to_solved)
*** SEED HIT *** sol_031 --[XXy|y|0]--> sol_001 (solved_to_solved)
*** SEED HIT *** sol_031 --[Xyx|x|0]--> sol_001 (solved_to_solved)
*** SEED HIT *** sol_031 --[Xyx|y|0]--> sol_001 (solved_to_solved)
*** SEED HIT *** sol_031 --[xxy|x|0]--> sol_015 (solved_to_solved)
*** SEED HIT *** sol_031 --[xxy|y|0]--> sol_015 (solved_to_solved)
*** SEED HIT *** sol_032 --[Xy|y|0]--> sol_001 (solved_to_solved)
*** SEED HIT *** sol_032 --[xx|x|0]--> sol_014 (solved_to_solved)
*** SEED HIT *** sol_032 --[xy|y|0]--> sol_001 (solved_to_solved)
*** SEED HIT *** sol_032 --[yX|y|0]--> sol_068 (solved_to_solved)
*** SEED HIT *** sol_032 --[yx|y|0]--> sol_016 (solved_to_solved)
*** SEED HIT *** sol_032 --[XXy|x|0]--> sol_001 (solved_to_solved)
*** SEED HIT *** sol_032 --[XXy|y|0]--> sol_001 (solved_to_solved)
*** SEED HIT *** sol_032 --[xxy|x|0]--> sol_001 (solved_to_solved)
*** SEED HIT *** sol_032 --[xxy|y|0]--> sol_001 (solved_to_solved)
*** SEED HIT *** sol_033 --[Xy|y|0]--> sol_001 (solved_to_solved)
*** SEED HIT *** sol_033 --[xx|x|0]--> sol_015 (solved_to_solved)
*** SEED HIT *** sol_033 --[xy|y|0]--> sol_001 (solved_to_solved)
*** SEED HIT *** sol_033 --[yX|y|0]--> sol_017 (solved_to_solved)
*** SEED HIT *** sol_033 --[yx|y|0]--> sol_001 (solved_to_solved)
*** SEED HIT *** sol_033 --[XXy|x|0]--> sol_001 (solved_to_solved)
*** SEED HIT *** sol_033 --[XXy|y|0]--> sol_001 (solved_to_solved)
*** SEED HIT *** sol_033 --[Xyx|x|0]--> sol_001 (solved_to_solved)
*** SEED HIT *** sol_033 --[Xyx|y|0]--> sol_001 (solved_to_solved)
*** SEED HIT *** sol_033 --[xxy|x|0]--> sol_001 (solved_to_solved)
*** SEED HIT *** sol_033 --[xxy|y|0]--> sol_001 (solved_to_solved)
*** SEED HIT *** sol_034 --[Xy|y|0]--> sol_079 (solved_to_solved)
*** SEED HIT *** sol_034 --[xx|x|0]--> sol_080 (solved_to_solved)
*** SEED HIT *** sol_034 --[xy|y|0]--> sol_035 (solved_to_solved)
*** SEED HIT *** sol_034 --[yX|y|0]--> sol_070 (solved_to_solved)
*** SEED HIT *** sol_034 --[yx|y|0]--> sol_018 (solved_to_solved)
*** SEED HIT *** sol_035 --[Xy|y|0]--> sol_018 (solved_to_solved)
*** SEED HIT *** sol_035 --[xx|x|0]--> sol_083 (solved_to_solved)
*** SEED HIT *** sol_035 --[xy|y|0]--> sol_034 (solved_to_solved)
*** SEED HIT *** sol_035 --[yX|y|0]--> sol_019 (solved_to_solved)
*** SEED HIT *** sol_035 --[yx|y|0]--> sol_018 (solved_to_solved)
*** SEED HIT *** sol_035 --[Xyx|x|0]--> sol_018 (solved_to_solved)
*** SEED HIT *** sol_035 --[Xyx|y|0]--> sol_018 (solved_to_solved)
*** SEED HIT *** sol_036 --[xy|y|1]--> sol_043 (solved_to_solved)
*** SEED HIT *** sol_036 --[xxy|y|1]--> sol_043 (solved_to_solved)
*** SEED HIT *** sol_036 --[xxxy|y|1]--> sol_043 (solved_to_solved)
*** SEED HIT *** sol_037 --[xy|y|1]--> sol_044 (solved_to_solved)
*** SEED HIT *** sol_037 --[xxy|y|1]--> sol_044 (solved_to_solved)
*** SEED HIT *** sol_037 --[xxxy|y|1]--> sol_044 (solved_to_solved)
*** SEED HIT *** sol_038 --[Xy|y|1]--> sol_101 (solved_to_solved)
*** SEED HIT *** sol_038 --[xy|y|1]--> sol_009 (solved_to_solved)
*** SEED HIT *** sol_038 --[yx|y|1]--> sol_111 (solved_to_solved)
*** SEED HIT *** sol_038 --[XXy|y|1]--> sol_101 (solved_to_solved)
*** SEED HIT *** sol_038 --[xxy|y|1]--> sol_009 (solved_to_solved)
*** SEED HIT *** sol_038 --[XXXy|y|1]--> sol_101 (solved_to_solved)
*** SEED HIT *** sol_038 --[xxxy|y|1]--> sol_009 (solved_to_solved)
*** SEED HIT *** sol_039 --[xy|y|1]--> sol_010 (solved_to_solved)
*** SEED HIT *** sol_039 --[xxy|y|1]--> sol_010 (solved_to_solved)
*** SEED HIT *** sol_039 --[xxxy|y|1]--> sol_010 (solved_to_solved)
  [40/237] sol_039  orbits=372 edges=383 seed_hits=190
*** SEED HIT *** sol_040 --[Xy|y|1]--> sol_002 (solved_to_solved)
*** SEED HIT *** sol_040 --[xy|y|1]--> sol_002 (solved_to_solved)
*** SEED HIT *** sol_040 --[yx|y|1]--> sol_045 (solved_to_solved)
*** SEED HIT *** sol_040 --[XXy|y|1]--> sol_002 (solved_to_solved)
*** SEED HIT *** sol_040 --[xxy|y|1]--> sol_002 (solved_to_solved)
*** SEED HIT *** sol_040 --[XXXy|y|1]--> sol_002 (solved_to_solved)
*** SEED HIT *** sol_040 --[xxxy|y|1]--> sol_002 (solved_to_solved)
*** SEED HIT *** sol_041 --[Xy|y|1]--> sol_003 (solved_to_solved)
*** SEED HIT *** sol_041 --[xy|y|1]--> sol_003 (solved_to_solved)
*** SEED HIT *** sol_041 --[XXy|y|1]--> sol_003 (solved_to_solved)
*** SEED HIT *** sol_041 --[xxy|y|1]--> sol_003 (solved_to_solved)
*** SEED HIT *** sol_041 --[XXXy|y|1]--> sol_003 (solved_to_solved)
*** SEED HIT *** sol_041 --[xxxy|y|1]--> sol_003 (solved_to_solved)
*** SEED HIT *** sol_042 --[Xy|y|1]--> sol_057 (solved_to_solved)
*** SEED HIT *** sol_042 --[xy|y|1]--> sol_008 (solved_to_solved)
*** SEED HIT *** sol_042 --[yx|y|1]--> sol_062 (solved_to_solved)
*** SEED HIT *** sol_042 --[XXy|y|1]--> sol_057 (solved_to_solved)
*** SEED HIT *** sol_042 --[xxy|y|1]--> sol_008 (solved_to_solved)
*** SEED HIT *** sol_043 --[xy|y|1]--> sol_036 (solved_to_solved)
*** SEED HIT *** sol_043 --[xxy|y|1]--> sol_036 (solved_to_solved)
*** SEED HIT *** sol_043 --[xxxy|y|1]--> sol_036 (solved_to_solved)
*** SEED HIT *** sol_044 --[xy|y|1]--> sol_037 (solved_to_solved)
*** SEED HIT *** sol_044 --[xxy|y|1]--> sol_037 (solved_to_solved)
*** SEED HIT *** sol_044 --[xxxy|y|1]--> sol_037 (solved_to_solved)
*** SEED HIT *** sol_045 --[Xy|y|1]--> sol_002 (solved_to_solved)
*** SEED HIT *** sol_045 --[xy|y|1]--> sol_002 (solved_to_solved)
*** SEED HIT *** sol_045 --[yX|y|1]--> sol_040 (solved_to_solved)
*** SEED HIT *** sol_045 --[yx|y|1]--> sol_002 (solved_to_solved)
*** SEED HIT *** sol_045 --[XXy|y|1]--> sol_002 (solved_to_solved)
*** SEED HIT *** sol_045 --[Xyx|y|1]--> sol_002 (solved_to_solved)
*** SEED HIT *** sol_045 --[xxy|y|1]--> sol_002 (solved_to_solved)
*** SEED HIT *** sol_045 --[XXXy|y|1]--> sol_002 (solved_to_solved)
*** SEED HIT *** sol_045 --[XXyx|y|1]--> sol_002 (solved_to_solved)
*** SEED HIT *** sol_045 --[xxxy|y|1]--> sol_002 (solved_to_solved)
*** SEED HIT *** sol_045 --[XXXyx|x|1]--> sol_002 (solved_to_solved)
*** SEED HIT *** sol_045 --[XXXyx|y|1]--> sol_002 (solved_to_solved)
*** SEED HIT *** sol_046 --[Xy|y|1]--> sol_003 (solved_to_solved)
*** SEED HIT *** sol_046 --[xy|y|1]--> sol_003 (solved_to_solved)
*** SEED HIT *** sol_046 --[yx|y|1]--> sol_003 (solved_to_solved)
*** SEED HIT *** sol_046 --[XXy|y|1]--> sol_003 (solved_to_solved)
*** SEED HIT *** sol_046 --[Xyx|y|1]--> sol_003 (solved_to_solved)
*** SEED HIT *** sol_046 --[xxy|y|1]--> sol_003 (solved_to_solved)
*** SEED HIT *** sol_046 --[XXXy|y|1]--> sol_003 (solved_to_solved)
*** SEED HIT *** sol_046 --[XXyx|y|1]--> sol_003 (solved_to_solved)
*** SEED HIT *** sol_046 --[xxxy|y|1]--> sol_003 (solved_to_solved)
*** SEED HIT *** sol_046 --[XXXyx|y|1]--> sol_003 (solved_to_solved)
*** SEED HIT *** sol_047 --[Xy|y|1]--> sol_020 (solved_to_solved)
*** SEED HIT *** sol_047 --[xy|y|1]--> sol_000 (solved_to_solved)
*** SEED HIT *** sol_047 --[yX|y|1]--> sol_061 (solved_to_solved)
*** SEED HIT *** sol_047 --[yx|y|1]--> sol_020 (solved_to_solved)
*** SEED HIT *** sol_047 --[XXy|y|1]--> sol_020 (solved_to_solved)
*** SEED HIT *** sol_047 --[Xyx|y|1]--> sol_020 (solved_to_solved)
*** SEED HIT *** sol_047 --[xxy|y|1]--> sol_000 (solved_to_solved)
*** SEED HIT *** sol_047 --[XXyx|y|1]--> sol_020 (solved_to_solved)
*** SEED HIT *** sol_048 --[xy|x|1]--> sol_055 (solved_to_solved)
*** SEED HIT *** sol_048 --[yx|x|1]--> sol_026 (solved_to_solved)
*** SEED HIT *** sol_048 --[xyy|x|1]--> sol_055 (solved_to_solved)
*** SEED HIT *** sol_048 --[yyx|x|1]--> sol_026 (solved_to_solved)
*** SEED HIT *** sol_049 --[xy|x|1]--> sol_110 (solved_to_solved)
*** SEED HIT *** sol_049 --[yx|x|1]--> sol_054 (solved_to_solved)
*** SEED HIT *** sol_049 --[xyy|x|1]--> sol_110 (solved_to_solved)
*** SEED HIT *** sol_049 --[yyx|x|1]--> sol_054 (solved_to_solved)
*** SEED HIT *** sol_050 --[Xy|y|1]--> sol_064 (solved_to_solved)
*** SEED HIT *** sol_050 --[xy|y|1]--> sol_029 (solved_to_solved)
*** SEED HIT *** sol_050 --[yX|y|1]--> sol_002 (solved_to_solved)
*** SEED HIT *** sol_050 --[yx|y|1]--> sol_002 (solved_to_solved)
*** SEED HIT *** sol_050 --[XXy|y|1]--> sol_064 (solved_to_solved)
*** SEED HIT *** sol_050 --[xxy|y|1]--> sol_029 (solved_to_solved)
*** SEED HIT *** sol_050 --[yXX|y|1]--> sol_002 (solved_to_solved)
*** SEED HIT *** sol_050 --[yxx|y|1]--> sol_002 (solved_to_solved)
*** SEED HIT *** sol_053 --[yX|y|1]--> sol_105 (solved_to_solved)
*** SEED HIT *** sol_053 --[yXX|y|1]--> sol_105 (solved_to_solved)
*** SEED HIT *** sol_054 --[Xy|y|1]--> sol_110 (solved_to_solved)
*** SEED HIT *** sol_054 --[xy|y|1]--> sol_104 (solved_to_solved)
*** SEED HIT *** sol_054 --[yX|y|1]--> sol_049 (solved_to_solved)
*** SEED HIT *** sol_054 --[yx|y|1]--> sol_110 (solved_to_solved)
*** SEED HIT *** sol_054 --[XXy|y|1]--> sol_110 (solved_to_solved)
*** SEED HIT *** sol_054 --[Xyx|y|1]--> sol_110 (solved_to_solved)
*** SEED HIT *** sol_054 --[xxy|y|1]--> sol_104 (solved_to_solved)
*** SEED HIT *** sol_054 --[yXX|y|1]--> sol_049 (solved_to_solved)
*** SEED HIT *** sol_054 --[yxx|y|1]--> sol_110 (solved_to_solved)
*** SEED HIT *** sol_054 --[XXyx|y|1]--> sol_110 (solved_to_solved)
*** SEED HIT *** sol_054 --[Xyxx|y|1]--> sol_110 (solved_to_solved)
*** SEED HIT *** sol_054 --[XXyxx|y|1]--> sol_110 (solved_to_solved)
*** SEED HIT *** sol_055 --[Xy|y|1]--> sol_026 (solved_to_solved)
*** SEED HIT *** sol_055 --[xy|y|1]--> sol_048 (solved_to_solved)
*** SEED HIT *** sol_055 --[yX|y|1]--> sol_021 (solved_to_solved)
*** SEED HIT *** sol_055 --[yx|y|1]--> sol_026 (solved_to_solved)
*** SEED HIT *** sol_055 --[XXy|y|1]--> sol_026 (solved_to_solved)
*** SEED HIT *** sol_055 --[Xyx|y|1]--> sol_026 (solved_to_solved)
*** SEED HIT *** sol_055 --[xxy|y|1]--> sol_048 (solved_to_solved)
*** SEED HIT *** sol_055 --[yXX|y|1]--> sol_021 (solved_to_solved)
*** SEED HIT *** sol_055 --[yxx|y|1]--> sol_026 (solved_to_solved)
*** SEED HIT *** sol_055 --[XXyx|y|1]--> sol_026 (solved_to_solved)
*** SEED HIT *** sol_055 --[Xyxx|y|1]--> sol_026 (solved_to_solved)
*** SEED HIT *** sol_055 --[XXyxx|y|1]--> sol_026 (solved_to_solved)
*** SEED HIT *** sol_056 --[Xy|y|1]--> sol_002 (solved_to_solved)
*** SEED HIT *** sol_056 --[xy|y|1]--> sol_024 (solved_to_solved)
*** SEED HIT *** sol_056 --[yX|y|1]--> sol_002 (solved_to_solved)
*** SEED HIT *** sol_056 --[yx|y|1]--> sol_002 (solved_to_solved)
*** SEED HIT *** sol_056 --[XXy|y|1]--> sol_002 (solved_to_solved)
*** SEED HIT *** sol_056 --[Xyx|y|1]--> sol_002 (solved_to_solved)
*** SEED HIT *** sol_056 --[xxy|y|1]--> sol_024 (solved_to_solved)
*** SEED HIT *** sol_056 --[yXX|y|1]--> sol_002 (solved_to_solved)
*** SEED HIT *** sol_056 --[yxx|y|1]--> sol_002 (solved_to_solved)
*** SEED HIT *** sol_056 --[XXyx|y|1]--> sol_002 (solved_to_solved)
*** SEED HIT *** sol_056 --[Xyxx|y|1]--> sol_002 (solved_to_solved)
*** SEED HIT *** sol_056 --[XXyxx|x|1]--> sol_002 (solved_to_solved)
*** SEED HIT *** sol_056 --[XXyxx|y|1]--> sol_002 (solved_to_solved)
*** SEED HIT *** sol_057 --[Xy|y|0]--> sol_042 (solved_to_solved)
*** SEED HIT *** sol_057 --[xy|y|0]--> sol_008 (solved_to_solved)
*** SEED HIT *** sol_057 --[yx|y|0]--> sol_058 (solved_to_solved)
*** SEED HIT *** sol_057 --[XXy|y|0]--> sol_042 (solved_to_solved)
*** SEED HIT *** sol_057 --[xxy|y|0]--> sol_008 (solved_to_solved)
*** SEED HIT *** sol_057 --[XXXy|y|0]--> sol_042 (solved_to_solved)
*** SEED HIT *** sol_057 --[xxxy|y|0]--> sol_008 (solved_to_solved)
*** SEED HIT *** sol_058 --[Xy|y|0]--> sol_008 (solved_to_solved)
*** SEED HIT *** sol_058 --[xy|y|0]--> sol_000 (solved_to_solved)
*** SEED HIT *** sol_058 --[yX|y|0]--> sol_057 (solved_to_solved)
*** SEED HIT *** sol_058 --[yx|y|0]--> sol_008 (solved_to_solved)
*** SEED HIT *** sol_058 --[XXy|y|0]--> sol_008 (solved_to_solved)
*** SEED HIT *** sol_058 --[Xyx|y|0]--> sol_008 (solved_to_solved)
*** SEED HIT *** sol_058 --[xxy|y|0]--> sol_000 (solved_to_solved)
*** SEED HIT *** sol_058 --[XXXy|y|0]--> sol_008 (solved_to_solved)
*** SEED HIT *** sol_058 --[XXyx|y|0]--> sol_008 (solved_to_solved)
*** SEED HIT *** sol_058 --[xxxy|y|0]--> sol_000 (solved_to_solved)
*** SEED HIT *** sol_058 --[XXXyx|x|0]--> sol_008 (solved_to_solved)
*** SEED HIT *** sol_058 --[XXXyx|y|0]--> sol_008 (solved_to_solved)
*** SEED HIT *** sol_059 --[Xy|y|0]--> sol_002 (solved_to_solved)
*** SEED HIT *** sol_059 --[xy|y|0]--> sol_002 (solved_to_solved)
*** SEED HIT *** sol_059 --[yX|y|0]--> sol_002 (solved_to_solved)
*** SEED HIT *** sol_059 --[yx|y|0]--> sol_002 (solved_to_solved)
*** SEED HIT *** sol_059 --[XXy|y|0]--> sol_002 (solved_to_solved)
*** SEED HIT *** sol_059 --[xxy|y|0]--> sol_002 (solved_to_solved)
*** SEED HIT *** sol_059 --[yXX|y|0]--> sol_002 (solved_to_solved)
*** SEED HIT *** sol_059 --[yxx|y|0]--> sol_002 (solved_to_solved)
*** SEED HIT *** sol_059 --[XXXy|y|0]--> sol_002 (solved_to_solved)
*** SEED HIT *** sol_059 --[xxxy|y|0]--> sol_002 (solved_to_solved)
  [60/237] sol_059  orbits=440 edges=673 seed_hits=328
*** SEED HIT *** sol_060 --[Xy|y|0]--> sol_002 (solved_to_solved)
*** SEED HIT *** sol_060 --[xy|y|0]--> sol_002 (solved_to_solved)
*** SEED HIT *** sol_060 --[yX|y|0]--> sol_002 (solved_to_solved)
*** SEED HIT *** sol_060 --[yx|y|0]--> sol_002 (solved_to_solved)
*** SEED HIT *** sol_060 --[XXy|y|0]--> sol_002 (solved_to_solved)
*** SEED HIT *** sol_060 --[Xyx|y|0]--> sol_002 (solved_to_solved)
*** SEED HIT *** sol_060 --[xxy|y|0]--> sol_002 (solved_to_solved)
*** SEED HIT *** sol_060 --[yXX|y|0]--> sol_002 (solved_to_solved)
*** SEED HIT *** sol_060 --[yxx|y|0]--> sol_002 (solved_to_solved)
*** SEED HIT *** sol_060 --[XXXy|y|0]--> sol_002 (solved_to_solved)
*** SEED HIT *** sol_060 --[XXyx|y|0]--> sol_002 (solved_to_solved)
*** SEED HIT *** sol_060 --[Xyxx|y|0]--> sol_002 (solved_to_solved)
*** SEED HIT *** sol_060 --[xxxy|y|0]--> sol_002 (solved_to_solved)
*** SEED HIT *** sol_060 --[XXXyx|x|0]--> sol_002 (solved_to_solved)
*** SEED HIT *** sol_060 --[XXXyx|y|0]--> sol_002 (solved_to_solved)
*** SEED HIT *** sol_060 --[XXyxx|x|0]--> sol_002 (solved_to_solved)
*** SEED HIT *** sol_060 --[XXyxx|y|0]--> sol_002 (solved_to_solved)
*** SEED HIT *** sol_061 --[xy|y|0]--> sol_047 (solved_to_solved)
*** SEED HIT *** sol_061 --[yx|y|0]--> sol_020 (solved_to_solved)
*** SEED HIT *** sol_061 --[xxy|y|0]--> sol_047 (solved_to_solved)
*** SEED HIT *** sol_061 --[yxx|y|0]--> sol_020 (solved_to_solved)
*** SEED HIT *** sol_062 --[Xy|y|0]--> sol_008 (solved_to_solved)
*** SEED HIT *** sol_062 --[xy|y|0]--> sol_042 (solved_to_solved)
*** SEED HIT *** sol_062 --[yX|y|0]--> sol_028 (solved_to_solved)
*** SEED HIT *** sol_062 --[yx|y|0]--> sol_008 (solved_to_solved)
*** SEED HIT *** sol_062 --[XXy|y|0]--> sol_008 (solved_to_solved)
*** SEED HIT *** sol_062 --[Xyx|y|0]--> sol_008 (solved_to_solved)
*** SEED HIT *** sol_062 --[xxy|y|0]--> sol_042 (solved_to_solved)
*** SEED HIT *** sol_062 --[yXX|y|0]--> sol_028 (solved_to_solved)
*** SEED HIT *** sol_062 --[yxx|y|0]--> sol_008 (solved_to_solved)
*** SEED HIT *** sol_062 --[XXyx|y|0]--> sol_008 (solved_to_solved)
*** SEED HIT *** sol_062 --[Xyxx|y|0]--> sol_008 (solved_to_solved)
*** SEED HIT *** sol_062 --[XXyxx|x|0]--> sol_008 (solved_to_solved)
*** SEED HIT *** sol_062 --[XXyxx|y|0]--> sol_008 (solved_to_solved)
*** SEED HIT *** sol_063 --[yx|y|0]--> sol_024 (solved_to_solved)
*** SEED HIT *** sol_063 --[yxx|y|0]--> sol_024 (solved_to_solved)
*** SEED HIT *** sol_064 --[Xy|y|0]--> sol_050 (solved_to_solved)
*** SEED HIT *** sol_064 --[yX|y|0]--> sol_029 (solved_to_solved)
*** SEED HIT *** sol_064 --[yx|y|0]--> sol_050 (solved_to_solved)
*** SEED HIT *** sol_064 --[Xyx|y|0]--> sol_050 (solved_to_solved)
*** SEED HIT *** sol_064 --[yXX|y|0]--> sol_029 (solved_to_solved)
*** SEED HIT *** sol_064 --[yxx|y|0]--> sol_050 (solved_to_solved)
*** SEED HIT *** sol_064 --[Xyxx|y|0]--> sol_050 (solved_to_solved)
*** SEED HIT *** sol_065 --[yX|y|0]--> sol_042 (solved_to_solved)
*** SEED HIT *** sol_065 --[yx|y|0]--> sol_042 (solved_to_solved)
*** SEED HIT *** sol_065 --[yXX|y|0]--> sol_042 (solved_to_solved)
*** SEED HIT *** sol_065 --[yxx|y|0]--> sol_042 (solved_to_solved)
*** SEED HIT *** sol_066 --[yX|y|0]--> sol_047 (solved_to_solved)
*** SEED HIT *** sol_066 --[yx|y|0]--> sol_047 (solved_to_solved)
*** SEED HIT *** sol_066 --[yXX|y|0]--> sol_047 (solved_to_solved)
*** SEED HIT *** sol_066 --[yxx|y|0]--> sol_047 (solved_to_solved)
*** SEED HIT *** sol_067 --[Xy|y|0]--> sol_008 (solved_to_solved)
*** SEED HIT *** sol_067 --[xy|x|1]--> sol_015 (solved_to_solved)
*** SEED HIT *** sol_067 --[yx|x|1]--> sol_019 (solved_to_solved)
*** SEED HIT *** sol_067 --[Xyx|x|0]--> sol_008 (solved_to_solved)
*** SEED HIT *** sol_067 --[Xyx|x|1]--> sol_000 (solved_to_solved)
*** SEED HIT *** sol_067 --[Xyx|y|0]--> sol_008 (solved_to_solved)
*** SEED HIT *** sol_067 --[xyX|x|1]--> sol_014 (solved_to_solved)
*** SEED HIT *** sol_068 --[Xy|y|0]--> sol_032 (solved_to_solved)
*** SEED HIT *** sol_068 --[xx|x|0]--> sol_001 (solved_to_solved)
*** SEED HIT *** sol_068 --[xy|y|0]--> sol_016 (solved_to_solved)
*** SEED HIT *** sol_068 --[yX|y|0]--> sol_001 (solved_to_solved)
*** SEED HIT *** sol_068 --[yx|y|0]--> sol_001 (solved_to_solved)
*** SEED HIT *** sol_068 --[XXy|x|0]--> sol_032 (solved_to_solved)
*** SEED HIT *** sol_068 --[XXy|y|0]--> sol_032 (solved_to_solved)
*** SEED HIT *** sol_068 --[xxy|x|0]--> sol_016 (solved_to_solved)
*** SEED HIT *** sol_068 --[xxy|y|0]--> sol_016 (solved_to_solved)
*** SEED HIT *** sol_069 --[Xy|y|0]--> sol_001 (solved_to_solved)
*** SEED HIT *** sol_069 --[xx|x|0]--> sol_001 (solved_to_solved)
*** SEED HIT *** sol_069 --[xy|y|0]--> sol_017 (solved_to_solved)
*** SEED HIT *** sol_069 --[yX|y|0]--> sol_001 (solved_to_solved)
*** SEED HIT *** sol_069 --[yx|y|0]--> sol_001 (solved_to_solved)
*** SEED HIT *** sol_069 --[XXy|x|0]--> sol_001 (solved_to_solved)
*** SEED HIT *** sol_069 --[XXy|y|0]--> sol_001 (solved_to_solved)
*** SEED HIT *** sol_069 --[Xyx|x|0]--> sol_001 (solved_to_solved)
*** SEED HIT *** sol_069 --[Xyx|y|0]--> sol_001 (solved_to_solved)
*** SEED HIT *** sol_069 --[xxy|x|0]--> sol_017 (solved_to_solved)
*** SEED HIT *** sol_069 --[xxy|y|0]--> sol_017 (solved_to_solved)
*** SEED HIT *** sol_070 --[Xy|y|0]--> sol_034 (solved_to_solved)
*** SEED HIT *** sol_070 --[xx|x|0]--> sol_074 (solved_to_solved)
*** SEED HIT *** sol_070 --[xy|y|0]--> sol_018 (solved_to_solved)
*** SEED HIT *** sol_070 --[yx|y|0]--> sol_030 (solved_to_solved)
*** SEED HIT *** sol_070 --[XXy|x|0]--> sol_034 (solved_to_solved)
*** SEED HIT *** sol_070 --[XXy|y|0]--> sol_034 (solved_to_solved)
*** SEED HIT *** sol_070 --[xxy|x|0]--> sol_018 (solved_to_solved)
*** SEED HIT *** sol_070 --[xxy|y|0]--> sol_018 (solved_to_solved)
*** SEED HIT *** sol_071 --[Xy|y|0]--> sol_015 (solved_to_solved)
*** SEED HIT *** sol_071 --[xx|x|0]--> sol_075 (solved_to_solved)
*** SEED HIT *** sol_071 --[xy|y|0]--> sol_019 (solved_to_solved)
*** SEED HIT *** sol_071 --[yX|y|0]--> sol_031 (solved_to_solved)
*** SEED HIT *** sol_071 --[yx|y|0]--> sol_015 (solved_to_solved)
*** SEED HIT *** sol_071 --[XXy|x|0]--> sol_015 (solved_to_solved)
*** SEED HIT *** sol_071 --[XXy|y|0]--> sol_015 (solved_to_solved)
*** SEED HIT *** sol_071 --[Xyx|x|0]--> sol_015 (solved_to_solved)
*** SEED HIT *** sol_071 --[Xyx|y|0]--> sol_015 (solved_to_solved)
*** SEED HIT *** sol_071 --[xxy|x|0]--> sol_019 (solved_to_solved)
*** SEED HIT *** sol_071 --[xxy|y|0]--> sol_019 (solved_to_solved)
*** SEED HIT *** sol_072 --[Xy|y|0]--> sol_001 (solved_to_solved)
*** SEED HIT *** sol_072 --[xx|x|0]--> sol_014 (solved_to_solved)
*** SEED HIT *** sol_072 --[xy|y|0]--> sol_001 (solved_to_solved)
*** SEED HIT *** sol_072 --[yx|y|0]--> sol_032 (solved_to_solved)
*** SEED HIT *** sol_072 --[XXy|x|0]--> sol_001 (solved_to_solved)
*** SEED HIT *** sol_072 --[XXy|y|0]--> sol_001 (solved_to_solved)
*** SEED HIT *** sol_072 --[xxy|x|0]--> sol_001 (solved_to_solved)
*** SEED HIT *** sol_072 --[xxy|y|0]--> sol_001 (solved_to_solved)
*** SEED HIT *** sol_073 --[Xy|y|0]--> sol_001 (solved_to_solved)
*** SEED HIT *** sol_073 --[xx|x|0]--> sol_015 (solved_to_solved)
*** SEED HIT *** sol_073 --[xy|y|0]--> sol_001 (solved_to_solved)
*** SEED HIT *** sol_073 --[yX|y|0]--> sol_033 (solved_to_solved)
*** SEED HIT *** sol_073 --[yx|y|0]--> sol_001 (solved_to_solved)
*** SEED HIT *** sol_073 --[XXy|x|0]--> sol_001 (solved_to_solved)
*** SEED HIT *** sol_073 --[XXy|y|0]--> sol_001 (solved_to_solved)
*** SEED HIT *** sol_073 --[Xyx|x|0]--> sol_001 (solved_to_solved)
*** SEED HIT *** sol_073 --[Xyx|y|0]--> sol_001 (solved_to_solved)
*** SEED HIT *** sol_073 --[xxy|x|0]--> sol_001 (solved_to_solved)
*** SEED HIT *** sol_073 --[xxy|y|0]--> sol_001 (solved_to_solved)
*** SEED HIT *** sol_074 --[xy|y|0]--> sol_083 (solved_to_solved)
*** SEED HIT *** sol_074 --[yX|y|0]--> sol_018 (solved_to_solved)
*** SEED HIT *** sol_074 --[yx|y|0]--> sol_070 (solved_to_solved)
*** SEED HIT *** sol_075 --[xy|y|0]--> sol_081 (solved_to_solved)
*** SEED HIT *** sol_075 --[yX|y|0]--> sol_019 (solved_to_solved)
*** SEED HIT *** sol_075 --[yx|y|0]--> sol_071 (solved_to_solved)
*** SEED HIT *** sol_076 --[Xy|y|0]--> sol_089 (solved_to_solved)
*** SEED HIT *** sol_076 --[yX|y|0]--> sol_019 (solved_to_solved)
*** SEED HIT *** sol_076 --[yx|y|0]--> sol_018 (solved_to_solved)
*** SEED HIT *** sol_076 --[Xyx|x|0]--> sol_089 (solved_to_solved)
*** SEED HIT *** sol_076 --[Xyx|y|0]--> sol_089 (solved_to_solved)
*** SEED HIT *** sol_077 --[Xy|y|0]--> sol_000 (solved_to_solved)
*** SEED HIT *** sol_077 --[yX|y|0]--> sol_018 (solved_to_solved)
*** SEED HIT *** sol_077 --[yx|y|0]--> sol_019 (solved_to_solved)
*** SEED HIT *** sol_077 --[Xyx|x|0]--> sol_000 (solved_to_solved)
*** SEED HIT *** sol_077 --[Xyx|x|1]--> sol_020 (solved_to_solved)
*** SEED HIT *** sol_077 --[Xyx|y|0]--> sol_000 (solved_to_solved)
*** SEED HIT *** sol_078 --[xx|x|0]--> sol_090 (solved_to_solved)
*** SEED HIT *** sol_078 --[xy|y|0]--> sol_079 (solved_to_solved)
*** SEED HIT *** sol_078 --[yx|y|0]--> sol_034 (solved_to_solved)
*** SEED HIT *** sol_079 --[Xy|y|0]--> sol_034 (solved_to_solved)
*** SEED HIT *** sol_079 --[xx|x|0]--> sol_091 (solved_to_solved)
*** SEED HIT *** sol_079 --[xy|y|0]--> sol_078 (solved_to_solved)
*** SEED HIT *** sol_079 --[yX|y|0]--> sol_035 (solved_to_solved)
*** SEED HIT *** sol_079 --[yx|y|0]--> sol_034 (solved_to_solved)
*** SEED HIT *** sol_079 --[Xyx|x|0]--> sol_034 (solved_to_solved)
*** SEED HIT *** sol_079 --[Xyx|y|0]--> sol_034 (solved_to_solved)
  [80/237] sol_079  orbits=494 edges=896 seed_hits=471
*** SEED HIT *** sol_080 --[yX|y|0]--> sol_034 (solved_to_solved)
*** SEED HIT *** sol_080 --[yx|y|0]--> sol_018 (solved_to_solved)
*** SEED HIT *** sol_081 --[Xy|y|0]--> sol_019 (solved_to_solved)
*** SEED HIT *** sol_081 --[yX|y|0]--> sol_018 (solved_to_solved)
*** SEED HIT *** sol_081 --[yx|y|0]--> sol_014 (solved_to_solved)
*** SEED HIT *** sol_081 --[Xyx|x|0]--> sol_014 (solved_to_solved)
*** SEED HIT *** sol_081 --[Xyx|y|0]--> sol_014 (solved_to_solved)
*** SEED HIT *** sol_082 --[Xy|y|0]--> sol_014 (solved_to_solved)
*** SEED HIT *** sol_082 --[yX|y|0]--> sol_019 (solved_to_solved)
*** SEED HIT *** sol_082 --[yx|y|0]--> sol_015 (solved_to_solved)
*** SEED HIT *** sol_082 --[Xyx|x|0]--> sol_015 (solved_to_solved)
*** SEED HIT *** sol_082 --[Xyx|x|1]--> sol_019 (solved_to_solved)
*** SEED HIT *** sol_082 --[Xyx|y|0]--> sol_015 (solved_to_solved)
*** SEED HIT *** sol_083 --[yX|y|0]--> sol_019 (solved_to_solved)
*** SEED HIT *** sol_083 --[yx|y|0]--> sol_035 (solved_to_solved)
*** SEED HIT *** sol_084 --[Xy|y|0]--> sol_014 (solved_to_solved)
*** SEED HIT *** sol_084 --[xx|x|0]--> sol_014 (solved_to_solved)
*** SEED HIT *** sol_084 --[xy|y|0]--> sol_014 (solved_to_solved)
*** SEED HIT *** sol_084 --[yX|y|0]--> sol_032 (solved_to_solved)
*** SEED HIT *** sol_084 --[yx|y|0]--> sol_032 (solved_to_solved)
*** SEED HIT *** sol_084 --[XXy|x|0]--> sol_014 (solved_to_solved)
*** SEED HIT *** sol_084 --[XXy|y|0]--> sol_014 (solved_to_solved)
*** SEED HIT *** sol_084 --[xxy|x|0]--> sol_014 (solved_to_solved)
*** SEED HIT *** sol_084 --[xxy|y|0]--> sol_014 (solved_to_solved)
*** SEED HIT *** sol_085 --[Xy|y|0]--> sol_015 (solved_to_solved)
*** SEED HIT *** sol_085 --[xx|x|0]--> sol_015 (solved_to_solved)
*** SEED HIT *** sol_085 --[xx|x|1]--> sol_071 (solved_to_solved)
*** SEED HIT *** sol_085 --[xy|y|0]--> sol_015 (solved_to_solved)
*** SEED HIT *** sol_085 --[yX|y|0]--> sol_033 (solved_to_solved)
*** SEED HIT *** sol_085 --[yx|y|0]--> sol_033 (solved_to_solved)
*** SEED HIT *** sol_085 --[XXy|x|0]--> sol_015 (solved_to_solved)
*** SEED HIT *** sol_085 --[XXy|x|1]--> sol_071 (solved_to_solved)
*** SEED HIT *** sol_085 --[XXy|y|0]--> sol_015 (solved_to_solved)
*** SEED HIT *** sol_085 --[xxy|x|0]--> sol_015 (solved_to_solved)
*** SEED HIT *** sol_085 --[xxy|x|1]--> sol_071 (solved_to_solved)
*** SEED HIT *** sol_085 --[xxy|y|0]--> sol_015 (solved_to_solved)
*** SEED HIT *** sol_086 --[Xy|y|0]--> sol_091 (solved_to_solved)
*** SEED HIT *** sol_086 --[yX|y|0]--> sol_070 (solved_to_solved)
*** SEED HIT *** sol_086 --[yx|y|0]--> sol_034 (solved_to_solved)
*** SEED HIT *** sol_087 --[Xy|y|0]--> sol_001 (solved_to_solved)
*** SEED HIT *** sol_087 --[yX|y|0]--> sol_071 (solved_to_solved)
*** SEED HIT *** sol_087 --[yx|y|0]--> sol_015 (solved_to_solved)
*** SEED HIT *** sol_087 --[Xyx|x|0]--> sol_015 (solved_to_solved)
*** SEED HIT *** sol_087 --[Xyx|x|1]--> sol_031 (solved_to_solved)
*** SEED HIT *** sol_087 --[Xyx|y|0]--> sol_015 (solved_to_solved)
*** SEED HIT *** sol_088 --[Xy|y|0]--> sol_089 (solved_to_solved)
*** SEED HIT *** sol_088 --[yX|y|0]--> sol_035 (solved_to_solved)
*** SEED HIT *** sol_088 --[yx|y|0]--> sol_018 (solved_to_solved)
*** SEED HIT *** sol_088 --[Xyx|x|0]--> sol_089 (solved_to_solved)
*** SEED HIT *** sol_088 --[Xyx|y|0]--> sol_089 (solved_to_solved)
*** SEED HIT *** sol_089 --[Xy|y|0]--> sol_088 (solved_to_solved)
*** SEED HIT *** sol_089 --[xy|y|0]--> sol_076 (solved_to_solved)
*** SEED HIT *** sol_089 --[yX|y|0]--> sol_018 (solved_to_solved)
*** SEED HIT *** sol_089 --[yx|y|0]--> sol_018 (solved_to_solved)
*** SEED HIT *** sol_091 --[xx|x|0]--> sol_009 (solved_to_solved)
*** SEED HIT *** sol_091 --[xx|x|1]--> sol_111 (solved_to_solved)
*** SEED HIT *** sol_092 --[xy|y|1]--> sol_098 (solved_to_solved)
*** SEED HIT *** sol_092 --[xxy|y|1]--> sol_098 (solved_to_solved)
*** SEED HIT *** sol_092 --[xxxy|y|1]--> sol_098 (solved_to_solved)
*** SEED HIT *** sol_092 --[xxxxy|y|1]--> sol_098 (solved_to_solved)
*** SEED HIT *** sol_093 --[xy|y|1]--> sol_025 (solved_to_solved)
*** SEED HIT *** sol_093 --[xxy|y|1]--> sol_025 (solved_to_solved)
*** SEED HIT *** sol_093 --[xxxy|y|1]--> sol_025 (solved_to_solved)
*** SEED HIT *** sol_093 --[xxxxy|y|1]--> sol_025 (solved_to_solved)
*** SEED HIT *** sol_094 --[xy|y|1]--> sol_010 (solved_to_solved)
*** SEED HIT *** sol_094 --[xxy|y|1]--> sol_010 (solved_to_solved)
*** SEED HIT *** sol_094 --[xxxy|y|1]--> sol_010 (solved_to_solved)
*** SEED HIT *** sol_094 --[xxxxy|y|1]--> sol_010 (solved_to_solved)
*** SEED HIT *** sol_095 --[xy|y|1]--> sol_011 (solved_to_solved)
*** SEED HIT *** sol_095 --[xxy|y|1]--> sol_011 (solved_to_solved)
*** SEED HIT *** sol_095 --[xxxy|y|1]--> sol_011 (solved_to_solved)
*** SEED HIT *** sol_095 --[xxxxy|y|1]--> sol_011 (solved_to_solved)
*** SEED HIT *** sol_096 --[Xy|y|1]--> sol_003 (solved_to_solved)
*** SEED HIT *** sol_096 --[xy|y|1]--> sol_003 (solved_to_solved)
*** SEED HIT *** sol_096 --[XXy|y|1]--> sol_003 (solved_to_solved)
*** SEED HIT *** sol_096 --[xxy|y|1]--> sol_003 (solved_to_solved)
*** SEED HIT *** sol_096 --[XXXy|y|1]--> sol_003 (solved_to_solved)
*** SEED HIT *** sol_096 --[xxxy|y|1]--> sol_003 (solved_to_solved)
*** SEED HIT *** sol_096 --[XXXXy|y|1]--> sol_003 (solved_to_solved)
*** SEED HIT *** sol_096 --[xxxxy|y|1]--> sol_003 (solved_to_solved)
*** SEED HIT *** sol_097 --[Xy|y|1]--> sol_004 (solved_to_solved)
*** SEED HIT *** sol_097 --[xy|y|1]--> sol_004 (solved_to_solved)
*** SEED HIT *** sol_097 --[XXy|y|1]--> sol_004 (solved_to_solved)
*** SEED HIT *** sol_097 --[xxy|y|1]--> sol_004 (solved_to_solved)
*** SEED HIT *** sol_097 --[XXXy|y|1]--> sol_004 (solved_to_solved)
*** SEED HIT *** sol_097 --[xxxy|y|1]--> sol_004 (solved_to_solved)
*** SEED HIT *** sol_097 --[XXXXy|y|1]--> sol_004 (solved_to_solved)
*** SEED HIT *** sol_097 --[xxxxy|y|1]--> sol_004 (solved_to_solved)
*** SEED HIT *** sol_098 --[xy|y|1]--> sol_092 (solved_to_solved)
*** SEED HIT *** sol_098 --[xxy|y|1]--> sol_092 (solved_to_solved)
*** SEED HIT *** sol_098 --[xxxy|y|1]--> sol_092 (solved_to_solved)
*** SEED HIT *** sol_098 --[xxxxy|y|1]--> sol_092 (solved_to_solved)
*** SEED HIT *** sol_099 --[Xy|y|1]--> sol_003 (solved_to_solved)
*** SEED HIT *** sol_099 --[xy|y|1]--> sol_003 (solved_to_solved)
*** SEED HIT *** sol_099 --[yx|y|1]--> sol_003 (solved_to_solved)
*** SEED HIT *** sol_099 --[XXy|y|1]--> sol_003 (solved_to_solved)
*** SEED HIT *** sol_099 --[Xyx|y|1]--> sol_003 (solved_to_solved)
*** SEED HIT *** sol_099 --[xxy|y|1]--> sol_003 (solved_to_solved)
*** SEED HIT *** sol_099 --[XXXy|y|1]--> sol_003 (solved_to_solved)
*** SEED HIT *** sol_099 --[XXyx|y|1]--> sol_003 (solved_to_solved)
*** SEED HIT *** sol_099 --[xxxy|y|1]--> sol_003 (solved_to_solved)
*** SEED HIT *** sol_099 --[XXXXy|y|1]--> sol_003 (solved_to_solved)
*** SEED HIT *** sol_099 --[XXXyx|y|1]--> sol_003 (solved_to_solved)
*** SEED HIT *** sol_099 --[xxxxy|y|1]--> sol_003 (solved_to_solved)
*** SEED HIT *** sol_099 --[XXXXyx|y|1]--> sol_003 (solved_to_solved)
  [100/237] sol_099  orbits=583 edges=1152 seed_hits=576
*** SEED HIT *** sol_100 --[Xy|y|1]--> sol_004 (solved_to_solved)
*** SEED HIT *** sol_100 --[xy|y|1]--> sol_004 (solved_to_solved)
*** SEED HIT *** sol_100 --[yx|y|1]--> sol_004 (solved_to_solved)
*** SEED HIT *** sol_100 --[XXy|y|1]--> sol_004 (solved_to_solved)
*** SEED HIT *** sol_100 --[Xyx|y|1]--> sol_004 (solved_to_solved)
*** SEED HIT *** sol_100 --[xxy|y|1]--> sol_004 (solved_to_solved)
*** SEED HIT *** sol_100 --[XXXy|y|1]--> sol_004 (solved_to_solved)
*** SEED HIT *** sol_100 --[XXyx|y|1]--> sol_004 (solved_to_solved)
*** SEED HIT *** sol_100 --[xxxy|y|1]--> sol_004 (solved_to_solved)
*** SEED HIT *** sol_100 --[XXXXy|y|1]--> sol_004 (solved_to_solved)
*** SEED HIT *** sol_100 --[XXXyx|y|1]--> sol_004 (solved_to_solved)
*** SEED HIT *** sol_100 --[xxxxy|y|1]--> sol_004 (solved_to_solved)
*** SEED HIT *** sol_100 --[XXXXyx|y|1]--> sol_004 (solved_to_solved)
*** SEED HIT *** sol_101 --[Xy|y|1]--> sol_038 (solved_to_solved)
*** SEED HIT *** sol_101 --[xy|y|1]--> sol_009 (solved_to_solved)
*** SEED HIT *** sol_101 --[yx|y|1]--> sol_038 (solved_to_solved)
*** SEED HIT *** sol_101 --[XXy|y|1]--> sol_038 (solved_to_solved)
*** SEED HIT *** sol_101 --[Xyx|y|1]--> sol_038 (solved_to_solved)
*** SEED HIT *** sol_101 --[xxy|y|1]--> sol_009 (solved_to_solved)
*** SEED HIT *** sol_101 --[XXXy|y|1]--> sol_038 (solved_to_solved)
*** SEED HIT *** sol_101 --[XXyx|y|1]--> sol_038 (solved_to_solved)
*** SEED HIT *** sol_101 --[xxxy|y|1]--> sol_009 (solved_to_solved)
*** SEED HIT *** sol_101 --[XXXyx|y|1]--> sol_038 (solved_to_solved)
*** SEED HIT *** sol_102 --[xy|y|1]--> sol_108 (solved_to_solved)
*** SEED HIT *** sol_102 --[xxy|y|1]--> sol_108 (solved_to_solved)
*** SEED HIT *** sol_102 --[xxxy|y|1]--> sol_108 (solved_to_solved)
*** SEED HIT *** sol_103 --[xy|y|1]--> sol_109 (solved_to_solved)
*** SEED HIT *** sol_103 --[xxy|y|1]--> sol_109 (solved_to_solved)
*** SEED HIT *** sol_103 --[xxxy|y|1]--> sol_109 (solved_to_solved)
*** SEED HIT *** sol_104 --[xy|y|1]--> sol_054 (solved_to_solved)
*** SEED HIT *** sol_104 --[yx|y|1]--> sol_110 (solved_to_solved)
*** SEED HIT *** sol_104 --[xxy|y|1]--> sol_054 (solved_to_solved)
*** SEED HIT *** sol_104 --[yxx|y|1]--> sol_110 (solved_to_solved)
*** SEED HIT *** sol_104 --[xxxy|y|1]--> sol_054 (solved_to_solved)
*** SEED HIT *** sol_105 --[xy|y|1]--> sol_053 (solved_to_solved)
*** SEED HIT *** sol_105 --[xxy|y|1]--> sol_053 (solved_to_solved)
*** SEED HIT *** sol_105 --[xxxy|y|1]--> sol_053 (solved_to_solved)
*** SEED HIT *** sol_106 --[Xy|y|1]--> sol_003 (solved_to_solved)
*** SEED HIT *** sol_106 --[xy|y|1]--> sol_003 (solved_to_solved)
*** SEED HIT *** sol_106 --[yx|y|1]--> sol_112 (solved_to_solved)
*** SEED HIT *** sol_106 --[XXy|y|1]--> sol_003 (solved_to_solved)
*** SEED HIT *** sol_106 --[xxy|y|1]--> sol_003 (solved_to_solved)
*** SEED HIT *** sol_106 --[yxx|y|1]--> sol_112 (solved_to_solved)
*** SEED HIT *** sol_106 --[XXXy|y|1]--> sol_003 (solved_to_solved)
*** SEED HIT *** sol_106 --[xxxy|y|1]--> sol_003 (solved_to_solved)
*** SEED HIT *** sol_108 --[xy|y|1]--> sol_102 (solved_to_solved)
*** SEED HIT *** sol_108 --[xxy|y|1]--> sol_102 (solved_to_solved)
*** SEED HIT *** sol_108 --[xxxy|y|1]--> sol_102 (solved_to_solved)
*** SEED HIT *** sol_109 --[xy|y|1]--> sol_103 (solved_to_solved)
*** SEED HIT *** sol_109 --[xxy|y|1]--> sol_103 (solved_to_solved)
*** SEED HIT *** sol_109 --[xxxy|y|1]--> sol_103 (solved_to_solved)
*** SEED HIT *** sol_110 --[Xy|y|1]--> sol_054 (solved_to_solved)
*** SEED HIT *** sol_110 --[xy|y|1]--> sol_049 (solved_to_solved)
*** SEED HIT *** sol_110 --[yX|y|1]--> sol_104 (solved_to_solved)
*** SEED HIT *** sol_110 --[yx|y|1]--> sol_054 (solved_to_solved)
*** SEED HIT *** sol_110 --[XXy|y|1]--> sol_054 (solved_to_solved)
*** SEED HIT *** sol_110 --[Xyx|y|1]--> sol_054 (solved_to_solved)
*** SEED HIT *** sol_110 --[xxy|y|1]--> sol_049 (solved_to_solved)
*** SEED HIT *** sol_110 --[yXX|y|1]--> sol_104 (solved_to_solved)
*** SEED HIT *** sol_110 --[yxx|y|1]--> sol_054 (solved_to_solved)
*** SEED HIT *** sol_110 --[XXXy|y|1]--> sol_054 (solved_to_solved)
*** SEED HIT *** sol_110 --[XXyx|y|1]--> sol_054 (solved_to_solved)
*** SEED HIT *** sol_110 --[Xyxx|y|1]--> sol_054 (solved_to_solved)
*** SEED HIT *** sol_110 --[xxxy|y|1]--> sol_049 (solved_to_solved)
*** SEED HIT *** sol_110 --[XXXyx|y|1]--> sol_054 (solved_to_solved)
*** SEED HIT *** sol_110 --[XXyxx|y|1]--> sol_054 (solved_to_solved)
*** SEED HIT *** sol_110 --[XXXyxx|y|1]--> sol_054 (solved_to_solved)
*** SEED HIT *** sol_111 --[Xy|y|1]--> sol_009 (solved_to_solved)
*** SEED HIT *** sol_111 --[xy|y|1]--> sol_023 (solved_to_solved)
*** SEED HIT *** sol_111 --[yX|y|1]--> sol_038 (solved_to_solved)
*** SEED HIT *** sol_111 --[yx|y|1]--> sol_009 (solved_to_solved)
*** SEED HIT *** sol_111 --[XXy|y|1]--> sol_009 (solved_to_solved)
*** SEED HIT *** sol_111 --[Xyx|y|1]--> sol_009 (solved_to_solved)
*** SEED HIT *** sol_111 --[xxy|y|1]--> sol_023 (solved_to_solved)
*** SEED HIT *** sol_111 --[yXX|y|1]--> sol_038 (solved_to_solved)
*** SEED HIT *** sol_111 --[yxx|y|1]--> sol_009 (solved_to_solved)
*** SEED HIT *** sol_111 --[XXXy|y|1]--> sol_009 (solved_to_solved)
*** SEED HIT *** sol_111 --[XXyx|y|1]--> sol_009 (solved_to_solved)
*** SEED HIT *** sol_111 --[Xyxx|y|1]--> sol_009 (solved_to_solved)
*** SEED HIT *** sol_111 --[xxxy|y|1]--> sol_023 (solved_to_solved)
*** SEED HIT *** sol_111 --[XXXyx|x|0]--> sol_091 (solved_to_solved)
*** SEED HIT *** sol_111 --[XXXyx|y|1]--> sol_009 (solved_to_solved)
*** SEED HIT *** sol_111 --[XXyxx|x|0]--> sol_091 (solved_to_solved)
*** SEED HIT *** sol_111 --[XXyxx|y|1]--> sol_009 (solved_to_solved)
*** SEED HIT *** sol_111 --[XXXyxx|y|1]--> sol_009 (solved_to_solved)
*** SEED HIT *** sol_112 --[Xy|y|1]--> sol_003 (solved_to_solved)
*** SEED HIT *** sol_112 --[xy|y|1]--> sol_003 (solved_to_solved)
*** SEED HIT *** sol_112 --[yX|y|1]--> sol_106 (solved_to_solved)
*** SEED HIT *** sol_112 --[yx|y|1]--> sol_003 (solved_to_solved)
*** SEED HIT *** sol_112 --[XXy|y|1]--> sol_003 (solved_to_solved)
*** SEED HIT *** sol_112 --[Xyx|y|1]--> sol_003 (solved_to_solved)
*** SEED HIT *** sol_112 --[xxy|y|1]--> sol_003 (solved_to_solved)
*** SEED HIT *** sol_112 --[yXX|y|1]--> sol_106 (solved_to_solved)
*** SEED HIT *** sol_112 --[yxx|y|1]--> sol_003 (solved_to_solved)
*** SEED HIT *** sol_112 --[XXXy|y|1]--> sol_003 (solved_to_solved)
*** SEED HIT *** sol_112 --[XXyx|y|1]--> sol_003 (solved_to_solved)
*** SEED HIT *** sol_112 --[Xyxx|y|1]--> sol_003 (solved_to_solved)
*** SEED HIT *** sol_112 --[xxxy|y|1]--> sol_003 (solved_to_solved)
*** SEED HIT *** sol_112 --[XXXyx|y|1]--> sol_003 (solved_to_solved)
*** SEED HIT *** sol_112 --[XXyxx|y|1]--> sol_003 (solved_to_solved)
*** SEED HIT *** sol_112 --[XXXyxx|y|1]--> sol_003 (solved_to_solved)
  [120/237] aca_6  orbits=676 edges=1418 seed_hits=677
  [140/237] aca_26  orbits=830 edges=1596 seed_hits=677
  [160/237] aca_46  orbits=964 edges=1752 seed_hits=677
  [180/237] aca_66  orbits=1101 edges=1910 seed_hits=677
  [200/237] aca_86  orbits=1235 edges=2067 seed_hits=677
  [220/237] aca_106  orbits=1420 edges=2282 seed_hits=677
  [237/237] aca_123  orbits=1566 edges=2447 seed_hits=677

=== unique Aut orbits 1-hop census ===
unique orbits: 1566 (seeds 237 + moved 1329)
edges (every moved CoV): 2447  CoVs total: 18486  relabels dropped: 16039
source_side: {'solved': 523, 'unsolved': 1043, 'both': 0}
seed hits by category:
  unsolved_to_solved: 0
  solved_to_unsolved: 0
  solved_to_solved: 677
  unsolved_to_unsolved: 0
n_subs=1: total=16037  moved=0  (must be 0 moved)
n_subs histogram (all / relabel / moved):
  n_subs=1: all=16037  relabel=16037  moved=0
  n_subs=2: all=1807  relabel=1  moved=1806
  n_subs=3: all=416  relabel=1  moved=415
  n_subs=4: all=98  relabel=0  moved=98
  n_subs=5: all=43  relabel=0  moved=43
  n_subs=6: all=34  relabel=0  moved=34
  n_subs=7: all=33  relabel=0  moved=33
  n_subs=8: all=13  relabel=0  moved=13
  n_subs=9: all=5  relabel=0  moved=5
spot-check: slow aut_canon 20/20, edge replay 20/20
wall: 7.2s
wrote /Users/avigyapaudel/Documents/Obsidian Vault/surf/ACSolverX/results/stable_ac/cov/unique_aut_orbits_1hop.csv
wrote /Users/avigyapaudel/Documents/Obsidian Vault/surf/ACSolverX/results/stable_ac/cov/unique_aut_orbits_1hop_edges.csv
wrote /Users/avigyapaudel/Documents/Obsidian Vault/surf/ACSolverX/results/stable_ac/cov/unique_aut_orbits_1hop_seed_hits.csv
wrote /Users/avigyapaudel/Documents/Obsidian Vault/surf/ACSolverX/results/stable_ac/cov/unique_aut_orbits_1hop_summary.json
