[extra] 80 rows x 7 arms; remain=9.90h
  +10 s28/idx=152166 solved=True
  +20 s20_k2/idx=327241 solved=True
  +30 s16/idx=654878 solved=True
  +40 k8/idx=811435 solved=True
  +50 s8/idx=1136111 solved=True
  +60 mk8/idx=544 solved=True
  +70 s20_neg_xy/idx=158699 solved=True
  +80 s28/idx=478487 solved=True
  +90 s20_k2/idx=636360 solved=True
  +100 s16/idx=957793 solved=True
  +110 k8/idx=1135829 solved=True
  +120 s8/idx=153341 solved=True
  +130 mk8/idx=305903 solved=True
  +140 s20_neg_xy/idx=476231 solved=True
  +150 s28/idx=799027 solved=True
  +160 s20_k2/idx=972880 solved=True
  +170 s16/idx=262 solved=True
  +180 k8/idx=171201 solved=True
  +190 s8/idx=487323 solved=True
  +200 mk8/idx=652904 solved=True
  +210 s20_neg_xy/idx=816652 solved=True
  +220 s28/idx=1136064 solved=True
  +230 s20_k2/idx=497 solved=True
  +240 s16/idx=359812 solved=True
  +250 k8/idx=520928 solved=True
  +260 s8/idx=818814 solved=False
  +270 mk8/idx=970201 solved=True
  +280 s20_neg_xy/idx=1135641 solved=True
  +290 s28/idx=158323 solved=True
  +300 s20_k2/idx=304211 solved=True
  +310 s16/idx=637441 solved=True
  +320 k8/idx=789486 solved=True
  +330 s8/idx=1135171 solved=True
  +340 mk8/idx=450 solved=True
  +350 s20_neg_xy/idx=170637 solved=True
  +360 s28/idx=503162 solved=True
  +370 s20_k2/idx=669166 solved=True
  +380 s16/idx=982045 solved=True
  +390 k8/idx=1135077 solved=False
  +400 s8/idx=151555 solved=True
  +410 mk8/idx=335372 solved=True
  +420 s20_neg_xy/idx=492070 solved=True
