[freeze] L-stratified=80 fresh_hard=60
[scale10k] wall_end=2026-07-29T16:12:20.673566+00:00 remain=10.00h

=== round 1 phase=cost remain=10.00h ===
  [cost] length/L1296/b1000 pops_s=6821.9 solved=True
  [cost] length/L1296/b5000 pops_s=3194.6 solved=True
  [cost] length/L1296/b10000 pops_s=8212.6 solved=True
  [cost] s20/L1296/b1000 pops_s=5336.9 solved=True
  [cost] s20/L1296/b5000 pops_s=2966.0 solved=True
  [cost] s20/L1296/b10000 pops_s=5119.8 solved=True
  [cost] recommended/L1296/b1000 pops_s=8625.5 solved=True
  [cost] recommended/L1296/b5000 pops_s=7248.3 solved=True
  [cost] recommended/L1296/b10000 pops_s=5852.5 solved=True
  [cost] length/L152166/b1000 pops_s=7123.6 solved=True
  [cost] length/L152166/b5000 pops_s=6131.7 solved=True
  [cost] length/L152166/b10000 pops_s=4451.8 solved=True
  [cost] s20/L152166/b1000 pops_s=5630.7 solved=True
  [cost] s20/L152166/b5000 pops_s=4885.6 solved=True
  [cost] s20/L152166/b10000 pops_s=4756.9 solved=True
  [cost] recommended/L152166/b1000 pops_s=5926.3 solved=True
  [cost] recommended/L152166/b5000 pops_s=5217.8 solved=True
  [cost] recommended/L152166/b10000 pops_s=5158.7 solved=True
  [cost] length/H220504/b1000 pops_s=5627.5 solved=False
  [cost] length/H220504/b5000 pops_s=5460.2 solved=True
  [cost] length/H220504/b10000 pops_s=5443.2 solved=True
  [cost] s20/H220504/b1000 pops_s=6070.1 solved=True
  [cost] s20/H220504/b5000 pops_s=5636.9 solved=True
  [cost] s20/H220504/b10000 pops_s=5217.0 solved=True
  [cost] recommended/H220504/b1000 pops_s=4846.4 solved=True
  [cost] recommended/H220504/b5000 pops_s=4435.7 solved=True
  [cost] recommended/H220504/b10000 pops_s=4165.6 solved=True
  [cost] length/H220551/b1000 pops_s=4578.0 solved=False
  [cost] length/H220551/b5000 pops_s=3979.1 solved=False
  [cost] length/H220551/b10000 pops_s=3831.0 solved=False
  [cost] s20/H220551/b1000 pops_s=4187.1 solved=False
  [cost] s20/H220551/b5000 pops_s=3810.9 solved=True
  [cost] s20/H220551/b10000 pops_s=3805.8 solved=True
  [cost] recommended/H220551/b1000 pops_s=3487.0 solved=False
  [cost] recommended/H220551/b5000 pops_s=2997.3 solved=False
  [cost] recommended/H220551/b10000 pops_s=2945.2 solved=True
  phase cost new=36

=== round 1 phase=anytime_L remain=9.99h ===
  [any] l_stratified/length/idx=1296 solved=True nodes=20 pops_s=5858.3
  [any] l_stratified/s12/idx=1296 solved=True nodes=18 pops_s=7716.7
  [any] l_stratified/s20/idx=1296 solved=True nodes=20 pops_s=7287.9
  [any] l_stratified/recommended/idx=1296 solved=True nodes=50 pops_s=7696.4
  [any] l_stratified/length/idx=152166 solved=True nodes=93 pops_s=5696.3
  [any] l_stratified/s12/idx=152166 solved=True nodes=30 pops_s=5378.3
  [any] l_stratified/s20/idx=152166 solved=True nodes=40 pops_s=4980.7
  [any] l_stratified/recommended/idx=152166 solved=True nodes=19 pops_s=5291.7
  [any] l_stratified/length/idx=327241 solved=True nodes=261 pops_s=4553.7
  [any] l_stratified/s12/idx=327241 solved=True nodes=95 pops_s=4003.5
  [any] l_stratified/s20/idx=327241 solved=True nodes=80 pops_s=3795.3
  [any] l_stratified/recommended/idx=327241 solved=True nodes=819 pops_s=2870.2
  [any] l_stratified/length/idx=486618 solved=True nodes=211 pops_s=6234.3
  [any] l_stratified/s12/idx=486618 solved=True nodes=360 pops_s=5593.8
  [any] l_stratified/s20/idx=486618 solved=True nodes=463 pops_s=5363.1
  [any] l_stratified/recommended/idx=486618 solved=True nodes=347 pops_s=4608.3
  [any] l_stratified/length/idx=654878 solved=True nodes=3220 pops_s=4633.5
  [any] l_stratified/s12/idx=654878 solved=True nodes=1999 pops_s=4395.9
  [any] l_stratified/s20/idx=654878 solved=True nodes=3582 pops_s=3995.9
  [any] l_stratified/recommended/idx=654878 solved=True nodes=3429 pops_s=3594.8
  [any] l_stratified/length/idx=811435 solved=True nodes=12 pops_s=5658.5
  [any] l_stratified/s12/idx=811435 solved=True nodes=12 pops_s=6568.8
  [any] l_stratified/s20/idx=811435 solved=True nodes=12 pops_s=5330.0
  [any] l_stratified/recommended/idx=811435 solved=True nodes=12 pops_s=8551.1
  [any] l_stratified/length/idx=966112 solved=True nodes=6 pops_s=9582.2
  [any] l_stratified/s12/idx=966112 solved=True nodes=6 pops_s=9976.2
  [any] l_stratified/s20/idx=966112 solved=True nodes=6 pops_s=9794.7
  [any] l_stratified/recommended/idx=966112 solved=True nodes=6 pops_s=9801.2
  [any] l_stratified/length/idx=1136111 solved=True nodes=1083 pops_s=5399.0
  [any] l_stratified/s12/idx=1136111 solved=True nodes=619 pops_s=5171.0
  [any] l_stratified/s20/idx=1136111 solved=True nodes=646 pops_s=5201.0
  [any] l_stratified/recommended/idx=1136111 solved=True nodes=439 pops_s=4548.7
  [any] l_stratified/length/idx=544 solved=True nodes=1751 pops_s=4128.4
  [any] l_stratified/s12/idx=544 solved=True nodes=506 pops_s=4084.3
  [any] l_stratified/s20/idx=544 solved=True nodes=507 pops_s=4087.6
  [any] l_stratified/recommended/idx=544 solved=True nodes=409 pops_s=2887.1
  [any] l_stratified/length/idx=158699 solved=True nodes=11 pops_s=3835.0
  [any] l_stratified/s12/idx=158699 solved=True nodes=9 pops_s=4915.8
  [any] l_stratified/s20/idx=158699 solved=True nodes=9 pops_s=4905.8
  [any] l_stratified/recommended/idx=158699 solved=True nodes=10 pops_s=4430.6
  [any] l_stratified/length/idx=318781 solved=True nodes=28 pops_s=7649.3
  [any] l_stratified/s12/idx=318781 solved=True nodes=21 pops_s=6955.4
  [any] l_stratified/s20/idx=318781 solved=True nodes=29 pops_s=6545.9
  [any] l_stratified/recommended/idx=318781 solved=True nodes=18 pops_s=7579.9
  [any] l_stratified/length/idx=478487 solved=True nodes=9 pops_s=8214.6
  [any] l_stratified/s12/idx=478487 solved=True nodes=9 pops_s=8434.9
  [any] l_stratified/s20/idx=478487 solved=True nodes=9 pops_s=8563.2
  [any] l_stratified/recommended/idx=478487 solved=True nodes=9 pops_s=8505.8
  [any] l_stratified/length/idx=636360 solved=True nodes=5369 pops_s=3331.6
  [any] l_stratified/s12/idx=636360 solved=True nodes=1809 pops_s=3479.8
  [any] l_stratified/s20/idx=636360 solved=True nodes=899 pops_s=3313.8
  [any] l_stratified/recommended/idx=636360 solved=True nodes=3309 pops_s=2243.8
  [any] l_stratified/length/idx=785914 solved=True nodes=1187 pops_s=5389.1
  [any] l_stratified/s12/idx=785914 solved=True nodes=1393 pops_s=4819.2
  [any] l_stratified/s20/idx=785914 solved=True nodes=997 pops_s=4726.4
  [any] l_stratified/recommended/idx=785914 solved=True nodes=1055 pops_s=3966.3
  [any] l_stratified/length/idx=957793 solved=True nodes=5 pops_s=5374.4
  [any] l_stratified/s12/idx=957793 solved=True nodes=5 pops_s=6956.2
  [any] l_stratified/s20/idx=957793 solved=True nodes=5 pops_s=7011.8
  [any] l_stratified/recommended/idx=957793 solved=True nodes=5 pops_s=6916.6
  [any] l_stratified/length/idx=1135829 solved=True nodes=7 pops_s=6688.0
  [any] l_stratified/s12/idx=1135829 solved=True nodes=7 pops_s=6862.2
  [any] l_stratified/s20/idx=1135829 solved=True nodes=7 pops_s=6844.8
  [any] l_stratified/recommended/idx=1135829 solved=True nodes=7 pops_s=6771.4
  [any] l_stratified/length/idx=168 solved=True nodes=8 pops_s=5852.8
  [any] l_stratified/s12/idx=168 solved=True nodes=8 pops_s=6198.8
  [any] l_stratified/s20/idx=168 solved=True nodes=8 pops_s=6104.5
  [any] l_stratified/recommended/idx=168 solved=True nodes=8 pops_s=6189.1
  [any] l_stratified/length/idx=153341 solved=True nodes=5 pops_s=5848.3
  [any] l_stratified/s12/idx=153341 solved=True nodes=5 pops_s=6395.0
  [any] l_stratified/s20/idx=153341 solved=True nodes=5 pops_s=6131.0
  [any] l_stratified/recommended/idx=153341 solved=True nodes=5 pops_s=6310.2
  [any] l_stratified/length/idx=305903 solved=True nodes=14 pops_s=4728.7
  [any] l_stratified/s12/idx=305903 solved=True nodes=32 pops_s=4014.3
  [any] l_stratified/s20/idx=305903 solved=True nodes=65 pops_s=2928.7
  [any] l_stratified/recommended/idx=305903 solved=True nodes=25 pops_s=2834.7
  [any] l_stratified/length/idx=476231 solved=True nodes=1968 pops_s=5520.0
  [any] l_stratified/s12/idx=476231 solved=True nodes=931 pops_s=4794.0
  [any] l_stratified/s20/idx=476231 solved=True nodes=973 pops_s=4673.9
  [any] l_stratified/recommended/idx=476231 solved=True nodes=239 pops_s=4493.9
  [any] l_stratified/length/idx=625268 solved=True nodes=8 pops_s=7251.4
  [any] l_stratified/s12/idx=625268 solved=True nodes=8 pops_s=7701.2
  [any] l_stratified/s20/idx=625268 solved=True nodes=8 pops_s=7635.6
  [any] l_stratified/recommended/idx=625268 solved=True nodes=8 pops_s=7585.2
  [any] l_stratified/length/idx=799027 solved=True nodes=11 pops_s=5012.7
  [any] l_stratified/s12/idx=799027 solved=True nodes=11 pops_s=5848.7
  [any] l_stratified/s20/idx=799027 solved=True nodes=11 pops_s=6118.5
  [any] l_stratified/recommended/idx=799027 solved=True nodes=11 pops_s=6916.8
  [any] l_stratified/length/idx=972880 solved=True nodes=6 pops_s=5605.9
  [any] l_stratified/s12/idx=972880 solved=True nodes=6 pops_s=5790.2
  [any] l_stratified/s20/idx=972880 solved=True nodes=6 pops_s=5917.5
  [any] l_stratified/recommended/idx=972880 solved=True nodes=6 pops_s=5868.6
  [any] l_stratified/length/idx=1135735 solved=True nodes=12 pops_s=6247.1
  [any] l_stratified/s12/idx=1135735 solved=True nodes=12 pops_s=6465.6
  [any] l_stratified/s20/idx=1135735 solved=True nodes=12 pops_s=6358.0
  [any] l_stratified/recommended/idx=1135735 solved=True nodes=12 pops_s=6526.4
  [any] l_stratified/length/idx=262 solved=True nodes=7 pops_s=5164.3
  [any] l_stratified/s12/idx=262 solved=True nodes=10 pops_s=6453.2
  [any] l_stratified/s20/idx=262 solved=True nodes=10 pops_s=6358.6
  [any] l_stratified/recommended/idx=262 solved=True nodes=7 pops_s=5373.7
  [any] l_stratified/length/idx=171201 solved=True nodes=8 pops_s=6949.8
  [any] l_stratified/s12/idx=171201 solved=True nodes=8 pops_s=7326.3
  [any] l_stratified/s20/idx=171201 solved=True nodes=8 pops_s=7253.1
  [any] l_stratified/recommended/idx=171201 solved=True nodes=18 pops_s=5848.5
  [any] l_stratified/length/idx=330061 solved=True nodes=48 pops_s=6775.2
  [any] l_stratified/s12/idx=330061 solved=True nodes=23 pops_s=6498.0
  [any] l_stratified/s20/idx=330061 solved=True nodes=46 pops_s=6153.7
  [any] l_stratified/recommended/idx=330061 solved=True nodes=131 pops_s=4636.8
  [any] l_stratified/length/idx=487323 solved=True nodes=10 pops_s=5964.4
  [any] l_stratified/s12/idx=487323 solved=True nodes=10 pops_s=6488.2
  [any] l_stratified/s20/idx=487323 solved=True nodes=10 pops_s=6306.4
  [any] l_stratified/recommended/idx=487323 solved=True nodes=10 pops_s=6103.7
  [any] l_stratified/length/idx=652904 solved=True nodes=8267 pops_s=3043.3
  [any] l_stratified/s12/idx=652904 solved=True nodes=4123 pops_s=2968.9
  [any] l_stratified/s20/idx=652904 solved=True nodes=4675 pops_s=2726.9
  [any] l_stratified/recommended/idx=652904 solved=True nodes=6768 pops_s=2216.0
  [any] l_stratified/length/idx=816652 solved=True nodes=4216 pops_s=5385.5
  [any] l_stratified/s12/idx=816652 solved=True nodes=342 pops_s=5096.0
  [any] l_stratified/s20/idx=816652 solved=True nodes=225 pops_s=5010.8
  [any] l_stratified/recommended/idx=816652 solved=True nodes=231 pops_s=3964.4
  [any] l_stratified/length/idx=985993 solved=True nodes=1955 pops_s=4151.3
  [any] l_stratified/s12/idx=985993 solved=True nodes=942 pops_s=3814.2
  [any] l_stratified/s20/idx=985993 solved=True nodes=2498 pops_s=3155.1
  [any] l_stratified/length/idx=1136064 solved=True nodes=6 pops_s=5219.5
  [any] l_stratified/s12/idx=1136064 solved=True nodes=6 pops_s=6059.6
  [any] l_stratified/s20/idx=1136064 solved=True nodes=6 pops_s=6399.3
  [any] l_stratified/recommended/idx=1136064 solved=True nodes=6 pops_s=6506.4
  [any] l_stratified/length/idx=497 solved=True nodes=95 pops_s=5975.2
  [any] l_stratified/s12/idx=497 solved=True nodes=50 pops_s=5731.3
  [any] l_stratified/s20/idx=497 solved=True nodes=22 pops_s=5522.0
  [any] l_stratified/recommended/idx=497 solved=True nodes=13 pops_s=6156.5
  [any] l_stratified/length/idx=175948 solved=True nodes=8 pops_s=4767.9
  [any] l_stratified/s12/idx=175948 solved=True nodes=8 pops_s=4847.2
  [any] l_stratified/s20/idx=175948 solved=True nodes=8 pops_s=4884.9
  [any] l_stratified/recommended/idx=175948 solved=True nodes=8 pops_s=4934.6
  [any] l_stratified/length/idx=359812 solved=True nodes=8 pops_s=6256.7
  [any] l_stratified/s12/idx=359812 solved=True nodes=8 pops_s=6497.0
  [any] l_stratified/s20/idx=359812 solved=True nodes=8 pops_s=6414.6
  [any] l_stratified/recommended/idx=359812 solved=True nodes=8 pops_s=6454.3
  [any] l_stratified/length/idx=520928 solved=True nodes=37 pops_s=4632.0
  [any] l_stratified/s12/idx=520928 solved=True nodes=337 pops_s=4944.3
  [any] l_stratified/s20/idx=520928 solved=True nodes=14 pops_s=2741.3
  [any] l_stratified/recommended/idx=520928 solved=True nodes=42 pops_s=3960.5
  [any] l_stratified/length/idx=664654 solved=True nodes=6 pops_s=5176.9
  [any] l_stratified/s12/idx=664654 solved=True nodes=6 pops_s=5344.1
  [any] l_stratified/s20/idx=664654 solved=True nodes=6 pops_s=5344.0
  [any] l_stratified/recommended/idx=664654 solved=True nodes=6 pops_s=5274.0
  [any] l_stratified/s12/idx=818814 solved=False nodes=10000 pops_s=1427.7
  [any] l_stratified/length/idx=970201 solved=True nodes=108 pops_s=6300.0
  [any] l_stratified/s12/idx=970201 solved=True nodes=113 pops_s=5711.9
  [any] l_stratified/s20/idx=970201 solved=True nodes=107 pops_s=5819.2
  [any] l_stratified/recommended/idx=970201 solved=True nodes=171 pops_s=5168.9
  [any] l_stratified/length/idx=1135641 solved=True nodes=2871 pops_s=3842.2
  [any] l_stratified/s12/idx=1135641 solved=True nodes=214 pops_s=3594.6
  [any] l_stratified/s20/idx=1135641 solved=True nodes=170 pops_s=3263.0
  [any] l_stratified/recommended/idx=1135641 solved=True nodes=4475 pops_s=2712.3
  [any] l_stratified/length/idx=121 solved=True nodes=1528 pops_s=4123.5
  [any] l_stratified/s12/idx=121 solved=True nodes=1389 pops_s=3853.0
  [any] l_stratified/s20/idx=121 solved=True nodes=2114 pops_s=3775.8
  [any] l_stratified/recommended/idx=121 solved=True nodes=1816 pops_s=2874.5
  [any] l_stratified/length/idx=158323 solved=True nodes=10 pops_s=3889.3
  [any] l_stratified/s12/idx=158323 solved=True nodes=10 pops_s=4567.1
  [any] l_stratified/s20/idx=158323 solved=True nodes=10 pops_s=4496.7
  [any] l_stratified/recommended/idx=158323 solved=True nodes=10 pops_s=4589.7
  [any] l_stratified/length/idx=304211 solved=True nodes=23 pops_s=2772.7
  [any] l_stratified/s12/idx=304211 solved=True nodes=26 pops_s=2594.3
  [any] l_stratified/s20/idx=304211 solved=True nodes=13 pops_s=3257.1
  [any] l_stratified/recommended/idx=304211 solved=True nodes=11 pops_s=3145.8
  [any] l_stratified/length/idx=476419 solved=True nodes=11 pops_s=4217.6
  [any] l_stratified/s12/idx=476419 solved=True nodes=14 pops_s=3945.8
  [any] l_stratified/s20/idx=476419 solved=True nodes=22 pops_s=3198.9
  [any] l_stratified/recommended/idx=476419 solved=True nodes=11 pops_s=4601.6
  [any] l_stratified/length/idx=637441 solved=True nodes=1957 pops_s=2756.5
  [any] l_stratified/s12/idx=637441 solved=True nodes=1788 pops_s=3368.0
  [any] l_stratified/s20/idx=637441 solved=True nodes=869 pops_s=3143.3
  [any] l_stratified/recommended/idx=637441 solved=False nodes=10000 pops_s=1641.1
  [any] l_stratified/length/idx=789486 solved=True nodes=7 pops_s=4716.9
  [any] l_stratified/s12/idx=789486 solved=True nodes=7 pops_s=5353.8
  [any] l_stratified/s20/idx=789486 solved=True nodes=7 pops_s=5514.9
  [any] l_stratified/recommended/idx=789486 solved=True nodes=7 pops_s=5480.2
  [any] l_stratified/length/idx=958968 solved=True nodes=51 pops_s=6652.5
  [any] l_stratified/s12/idx=958968 solved=True nodes=43 pops_s=5649.5
  [any] l_stratified/s20/idx=958968 solved=True nodes=77 pops_s=4909.8
  [any] l_stratified/recommended/idx=958968 solved=True nodes=133 pops_s=4683.7
  [any] l_stratified/length/idx=1135171 solved=True nodes=6 pops_s=5970.4
  [any] l_stratified/s12/idx=1135171 solved=True nodes=6 pops_s=6279.1
  [any] l_stratified/s20/idx=1135171 solved=True nodes=6 pops_s=6335.6
  [any] l_stratified/recommended/idx=1135171 solved=True nodes=6 pops_s=6504.5
  [any] l_stratified/length/idx=450 solved=True nodes=8 pops_s=4602.6
  [any] l_stratified/s12/idx=450 solved=True nodes=9 pops_s=5341.3
  [any] l_stratified/s20/idx=450 solved=True nodes=9 pops_s=5005.7
  [any] l_stratified/recommended/idx=450 solved=True nodes=8 pops_s=5107.1
  [any] l_stratified/length/idx=170637 solved=True nodes=49 pops_s=6336.6
  [any] l_stratified/s12/idx=170637 solved=True nodes=45 pops_s=5423.7
  [any] l_stratified/s20/idx=170637 solved=True nodes=76 pops_s=4791.2
  [any] l_stratified/recommended/idx=170637 solved=True nodes=138 pops_s=4729.5
  [any] l_stratified/length/idx=327147 solved=True nodes=20 pops_s=6557.8
  [any] l_stratified/s12/idx=327147 solved=True nodes=14 pops_s=6567.9
  [any] l_stratified/s20/idx=327147 solved=True nodes=14 pops_s=6688.3
  [any] l_stratified/recommended/idx=327147 solved=True nodes=83 pops_s=5103.0
  [any] l_stratified/length/idx=503162 solved=True nodes=387 pops_s=2413.8
  [any] l_stratified/s12/idx=503162 solved=True nodes=308 pops_s=2386.7
  [any] l_stratified/s20/idx=503162 solved=True nodes=432 pops_s=3050.7
  [any] l_stratified/recommended/idx=503162 solved=True nodes=453 pops_s=2083.4
  [any] l_stratified/length/idx=669166 solved=True nodes=7 pops_s=4312.3
  [any] l_stratified/s12/idx=669166 solved=True nodes=7 pops_s=4871.9
  [any] l_stratified/s20/idx=669166 solved=True nodes=7 pops_s=4681.5
  [any] l_stratified/recommended/idx=669166 solved=True nodes=8 pops_s=5350.0
  [any] l_stratified/length/idx=844429 solved=True nodes=13 pops_s=5055.1
  [any] l_stratified/s12/idx=844429 solved=True nodes=17 pops_s=4458.4
  [any] l_stratified/s20/idx=844429 solved=True nodes=12 pops_s=4525.2
  [any] l_stratified/recommended/idx=844429 solved=True nodes=15 pops_s=4915.1
  [any] l_stratified/length/idx=982045 solved=True nodes=7 pops_s=5126.2
  [any] l_stratified/s12/idx=982045 solved=True nodes=7 pops_s=5388.5
  [any] l_stratified/s20/idx=982045 solved=True nodes=7 pops_s=5313.0
  [any] l_stratified/recommended/idx=982045 solved=True nodes=7 pops_s=5370.4
  [any] l_stratified/length/idx=403 solved=True nodes=6 pops_s=3861.0
  [any] l_stratified/s12/idx=403 solved=True nodes=6 pops_s=4371.6
  [any] l_stratified/s20/idx=403 solved=True nodes=6 pops_s=4459.8
  [any] l_stratified/recommended/idx=403 solved=True nodes=6 pops_s=4294.6
  [any] l_stratified/length/idx=151555 solved=True nodes=5 pops_s=3986.2
  [any] l_stratified/s12/idx=151555 solved=True nodes=5 pops_s=4013.9
  [any] l_stratified/s20/idx=151555 solved=True nodes=5 pops_s=4221.8
  [any] l_stratified/recommended/idx=151555 solved=True nodes=5 pops_s=4102.1
  [any] l_stratified/length/idx=335372 solved=True nodes=9 pops_s=4797.5
  [any] l_stratified/s12/idx=335372 solved=True nodes=9 pops_s=4909.6
  [any] l_stratified/s20/idx=335372 solved=True nodes=9 pops_s=4977.2
  [any] l_stratified/recommended/idx=335372 solved=True nodes=9 pops_s=4879.1
  [any] l_stratified/length/idx=492070 solved=True nodes=48 pops_s=6840.4
  [any] l_stratified/s12/idx=492070 solved=True nodes=25 pops_s=6061.1
  [any] l_stratified/s20/idx=492070 solved=True nodes=31 pops_s=5961.7
  [any] l_stratified/recommended/idx=492070 solved=True nodes=82 pops_s=5089.1
  [any] l_stratified/length/idx=839259 solved=True nodes=17 pops_s=3883.4
  [any] l_stratified/s12/idx=839259 solved=True nodes=15 pops_s=4817.2
  [any] l_stratified/s20/idx=839259 solved=True nodes=15 pops_s=5273.9
  [any] l_stratified/recommended/idx=839259 solved=True nodes=20 pops_s=4897.3
  [any] l_stratified/length/idx=987121 solved=True nodes=14 pops_s=5802.0
  [any] l_stratified/s12/idx=987121 solved=True nodes=12 pops_s=5892.5
  [any] l_stratified/s20/idx=987121 solved=True nodes=12 pops_s=5922.1
  [any] l_stratified/recommended/idx=987121 solved=True nodes=16 pops_s=5645.6
  [any] l_stratified/length/idx=1135218 solved=True nodes=9 pops_s=4438.0
  [any] l_stratified/s12/idx=1135218 solved=True nodes=9 pops_s=4530.4
  [any] l_stratified/s20/idx=1135218 solved=True nodes=9 pops_s=4586.9
  [any] l_stratified/recommended/idx=1135218 solved=True nodes=12 pops_s=4288.9
  [any] l_stratified/length/idx=356 solved=True nodes=90 pops_s=6069.2
  [any] l_stratified/s12/idx=356 solved=True nodes=31 pops_s=5039.3
  [any] l_stratified/s20/idx=356 solved=True nodes=36 pops_s=4595.6
  [any] l_stratified/recommended/idx=356 solved=True nodes=50 pops_s=5143.1
  [any] l_stratified/length/idx=177311 solved=True nodes=4614 pops_s=5224.1
  [any] l_stratified/s12/idx=177311 solved=True nodes=363 pops_s=4977.1
  [any] l_stratified/s20/idx=177311 solved=True nodes=246 pops_s=4808.1
  [any] l_stratified/recommended/idx=177311 solved=True nodes=119 pops_s=4553.8
  [any] l_stratified/length/idx=336124 solved=True nodes=81 pops_s=6512.3
  [any] l_stratified/s12/idx=336124 solved=True nodes=22 pops_s=5656.2
  [any] l_stratified/s20/idx=336124 solved=True nodes=22 pops_s=5587.6
  [any] l_stratified/recommended/idx=336124 solved=True nodes=9 pops_s=3845.5
  [any] l_stratified/length/idx=507721 solved=True nodes=51 pops_s=6205.0
  [any] l_stratified/s12/idx=507721 solved=True nodes=28 pops_s=5297.0
  [any] l_stratified/s20/idx=507721 solved=True nodes=34 pops_s=5238.6
  [any] l_stratified/recommended/idx=507721 solved=True nodes=90 pops_s=6304.9
  [any] l_stratified/length/idx=669542 solved=True nodes=16 pops_s=6256.0
  [any] l_stratified/s12/idx=669542 solved=True nodes=14 pops_s=5242.9
  [any] l_stratified/s20/idx=669542 solved=True nodes=14 pops_s=4860.8
  [any] l_stratified/recommended/idx=669542 solved=True nodes=14 pops_s=5456.2
  [any] l_stratified/s20/idx=823702 solved=True nodes=8791 pops_s=3028.9
  [any] l_stratified/recommended/idx=823702 solved=True nodes=1172 pops_s=3048.6
  [any] l_stratified/length/idx=998307 solved=True nodes=13 pops_s=3606.9
  [any] l_stratified/s12/idx=998307 solved=True nodes=11 pops_s=3540.9
  [any] l_stratified/s20/idx=998307 solved=True nodes=11 pops_s=3681.3
  [any] l_stratified/recommended/idx=998307 solved=True nodes=12 pops_s=3919.2
  [any] l_stratified/length/idx=1133338 solved=True nodes=8 pops_s=4624.3
  [any] l_stratified/s12/idx=1133338 solved=True nodes=8 pops_s=4359.1
  [any] l_stratified/s20/idx=1133338 solved=True nodes=8 pops_s=4506.4
  [any] l_stratified/recommended/idx=1133338 solved=True nodes=8 pops_s=4629.1
  [any] l_stratified/length/idx=1155 solved=True nodes=132 pops_s=5774.0
  [any] l_stratified/s12/idx=1155 solved=True nodes=122 pops_s=5203.7
  [any] l_stratified/s20/idx=1155 solved=True nodes=222 pops_s=5069.8
  [any] l_stratified/recommended/idx=1155 solved=True nodes=216 pops_s=5157.9
  [any] l_stratified/length/idx=157289 solved=True nodes=85 pops_s=6074.2
  [any] l_stratified/s12/idx=157289 solved=True nodes=68 pops_s=5169.2
  [any] l_stratified/s20/idx=157289 solved=True nodes=70 pops_s=5152.6
  [any] l_stratified/recommended/idx=157289 solved=True nodes=178 pops_s=4750.5
  [any] l_stratified/length/idx=318640 solved=True nodes=106 pops_s=5860.0
  [any] l_stratified/s12/idx=318640 solved=True nodes=44 pops_s=5022.2
  [any] l_stratified/s20/idx=318640 solved=True nodes=50 pops_s=4983.7
  [any] l_stratified/recommended/idx=318640 solved=True nodes=226 pops_s=4825.6
  [any] l_stratified/length/idx=480414 solved=True nodes=7 pops_s=4644.9
  [any] l_stratified/s12/idx=480414 solved=True nodes=7 pops_s=5161.1
  [any] l_stratified/s20/idx=480414 solved=True nodes=7 pops_s=5105.6
  [any] l_stratified/recommended/idx=480414 solved=True nodes=7 pops_s=4931.5
  [any] l_stratified/length/idx=631425 solved=True nodes=10 pops_s=5553.1
  [any] l_stratified/s12/idx=631425 solved=True nodes=9 pops_s=5455.0
  [any] l_stratified/s20/idx=631425 solved=True nodes=9 pops_s=5511.0
  [any] l_stratified/recommended/idx=631425 solved=True nodes=10 pops_s=5741.8
  [any] l_stratified/length/idx=802317 solved=True nodes=109 pops_s=6669.0
  [any] l_stratified/s12/idx=802317 solved=True nodes=75 pops_s=6032.6
  [any] l_stratified/s20/idx=802317 solved=True nodes=104 pops_s=5740.4
  [any] l_stratified/recommended/idx=802317 solved=True nodes=174 pops_s=5248.7
  [any] l_stratified/s12/idx=966958 solved=True nodes=9451 pops_s=1914.9
  [any] l_stratified/s20/idx=966958 solved=False nodes=10000 pops_s=1756.7
  [any] l_stratified/length/idx=1135594 solved=True nodes=10 pops_s=2873.5
  [any] l_stratified/s12/idx=1135594 solved=True nodes=10 pops_s=3052.5
  [any] l_stratified/s20/idx=1135594 solved=True nodes=10 pops_s=3170.6
  [any] l_stratified/recommended/idx=1135594 solved=True nodes=13 pops_s=2788.5
  phase anytime_L new=320

=== round 1 phase=anytime_hard remain=9.94h ===
  [any] fresh_hard/length/idx=220504 solved=True nodes=4229 pops_s=5299.9
  [any] fresh_hard/s20/idx=220504 solved=True nodes=214 pops_s=5078.3
  [any] fresh_hard/recommended/idx=220504 solved=True nodes=186 pops_s=4072.4
  [any] fresh_hard/s12/idx=220504 solved=True nodes=330 pops_s=5245.0
  [any] fresh_hard/length/idx=220551 solved=False nodes=10000 pops_s=3778.8
  [any] fresh_hard/s20/idx=220551 solved=True nodes=4796 pops_s=3715.6
  [any] fresh_hard/recommended/idx=220551 solved=True nodes=9505 pops_s=2809.9
  [any] fresh_hard/s12/idx=220551 solved=True nodes=8967 pops_s=3738.3
  [any] fresh_hard/length/idx=221397 solved=True nodes=5146 pops_s=5136.1
  [any] fresh_hard/s20/idx=221397 solved=True nodes=451 pops_s=4294.2
  [any] fresh_hard/recommended/idx=221397 solved=True nodes=3132 pops_s=2617.5
  [any] fresh_hard/s12/idx=221397 solved=True nodes=512 pops_s=4578.3
    [hcompact] reservation exceeded at 1,800,104 states; growing to 3,619,208 (this copies)
  [any] fresh_hard/recommended/idx=221538 solved=False nodes=10000 pops_s=605.6
  [any] fresh_hard/length/idx=221867 solved=True nodes=3882 pops_s=5559.9
  [any] fresh_hard/s20/idx=221867 solved=True nodes=427 pops_s=5075.5
  [any] fresh_hard/s12/idx=221867 solved=True nodes=425 pops_s=5588.2
  [any] fresh_hard/length/idx=222807 solved=True nodes=7158 pops_s=3362.4
  [any] fresh_hard/s20/idx=222807 solved=True nodes=8028 pops_s=2983.1
  [any] fresh_hard/s12/idx=222807 solved=True nodes=8293 pops_s=3149.1
  [any] fresh_hard/length/idx=223230 solved=True nodes=1104 pops_s=5537.1
  [any] fresh_hard/s20/idx=223230 solved=True nodes=523 pops_s=5646.7
  [any] fresh_hard/recommended/idx=223230 solved=True nodes=437 pops_s=4788.4
  [any] fresh_hard/s12/idx=223230 solved=True nodes=419 pops_s=6023.5
  [any] fresh_hard/length/idx=223418 solved=True nodes=1063 pops_s=1995.5
  [any] fresh_hard/s20/idx=223418 solved=True nodes=885 pops_s=1958.5
  [any] fresh_hard/recommended/idx=223418 solved=True nodes=5144 pops_s=1210.5
  [any] fresh_hard/s12/idx=223418 solved=True nodes=887 pops_s=1956.3
  [any] fresh_hard/length/idx=223512 solved=True nodes=1962 pops_s=4154.7
  [any] fresh_hard/s20/idx=223512 solved=True nodes=6576 pops_s=2945.3
  [any] fresh_hard/recommended/idx=223512 solved=True nodes=1351 pops_s=3497.2
  [any] fresh_hard/s12/idx=223512 solved=True nodes=1979 pops_s=3626.7
  [any] fresh_hard/s12/idx=223606 solved=False nodes=10000 pops_s=2743.6
  [any] fresh_hard/length/idx=223841 solved=True nodes=2192 pops_s=3823.1
  [any] fresh_hard/s20/idx=223841 solved=True nodes=722 pops_s=3772.4
  [any] fresh_hard/s12/idx=223841 solved=True nodes=700 pops_s=3979.2
  [any] fresh_hard/length/idx=224076 solved=True nodes=4020 pops_s=5585.8
  [any] fresh_hard/s20/idx=224076 solved=True nodes=188 pops_s=6000.9
  [any] fresh_hard/s12/idx=224076 solved=True nodes=316 pops_s=5090.8
  [any] fresh_hard/length/idx=224546 solved=True nodes=1258 pops_s=3294.7
  [any] fresh_hard/s20/idx=224546 solved=True nodes=308 pops_s=3859.1
  [any] fresh_hard/recommended/idx=224546 solved=True nodes=3650 pops_s=2478.1
  [any] fresh_hard/s12/idx=224546 solved=True nodes=336 pops_s=4260.3
  [any] fresh_hard/length/idx=224593 solved=True nodes=2922 pops_s=3749.5
  [any] fresh_hard/s20/idx=224593 solved=True nodes=428 pops_s=3812.5
  [any] fresh_hard/recommended/idx=224593 solved=False nodes=10000 pops_s=2283.3
  [any] fresh_hard/s12/idx=224593 solved=True nodes=669 pops_s=3961.9
  [any] fresh_hard/s12/idx=224922 solved=False nodes=10000 pops_s=1711.5
  [any] fresh_hard/s12/idx=225580 solved=True nodes=7464 pops_s=2424.8
  [any] fresh_hard/length/idx=225862 solved=False nodes=10000 pops_s=2798.6
  [any] fresh_hard/s20/idx=225862 solved=True nodes=3174 pops_s=2904.4
  [any] fresh_hard/recommended/idx=225862 solved=True nodes=5642 pops_s=1924.9
  [any] fresh_hard/s12/idx=225862 solved=True nodes=4671 pops_s=2884.5
  [any] fresh_hard/s20/idx=226191 solved=True nodes=4405 pops_s=3014.9
  [any] fresh_hard/recommended/idx=226191 solved=True nodes=2400 pops_s=3026.6
  [any] fresh_hard/s12/idx=226191 solved=True nodes=5842 pops_s=3121.7
  [any] fresh_hard/s20/idx=226285 solved=True nodes=3758 pops_s=3853.4
  [any] fresh_hard/recommended/idx=226285 solved=True nodes=9515 pops_s=2913.4
  [any] fresh_hard/s12/idx=226285 solved=True nodes=8201 pops_s=3788.5
  [any] fresh_hard/length/idx=226473 solved=True nodes=1195 pops_s=4376.3
  [any] fresh_hard/s20/idx=226473 solved=True nodes=747 pops_s=4161.3
  [any] fresh_hard/s12/idx=226473 solved=True nodes=854 pops_s=3994.4
  [any] fresh_hard/length/idx=226802 solved=True nodes=1170 pops_s=4319.1
  [any] fresh_hard/s20/idx=226802 solved=True nodes=1103 pops_s=3789.7
  [any] fresh_hard/recommended/idx=226802 solved=True nodes=919 pops_s=3083.7
  [any] fresh_hard/s12/idx=226802 solved=True nodes=839 pops_s=4037.7
  [any] fresh_hard/length/idx=227037 solved=False nodes=10000 pops_s=2067.5
  [any] fresh_hard/s20/idx=227601 solved=False nodes=10000 pops_s=3467.6
  [any] fresh_hard/recommended/idx=227601 solved=True nodes=271 pops_s=3684.0
  [any] fresh_hard/s20/idx=227695 solved=True nodes=9440 pops_s=1708.0
