[allcov] budget=20000 pairs=909 done=0 todo=909 workers=6 presentations=8
[allcov] 5/909       21s  SOLVED nodes=15411 minlen=2 eta=65min
[allcov] 6/909       21s  SOLVED nodes=15410 minlen=2 eta=54min
[allcov] 7/909       22s  SOLVED nodes=15454 minlen=2 eta=46min
[allcov] 8/909       22s  SOLVED nodes=15490 minlen=2 eta=41min
[allcov] 11/909       38s  SOLVED nodes=14447 minlen=2 eta=51min
[allcov] 12/909       38s  SOLVED nodes=15385 minlen=2 eta=47min
[allcov] 14/909       39s  SOLVED nodes=15420 minlen=2 eta=42min
[allcov] 15/909       39s  SOLVED nodes=15454 minlen=2 eta=39min
[allcov] 18/909       45s  SOLVED nodes=14448 minlen=2 eta=37min
[allcov] 22/909       57s  SOLVED nodes=19340 minlen=2 eta=39min
[allcov] 24/909       59s  SOLVED nodes=19357 minlen=2 eta=36min
[allcov] 25/909       64s         nodes=20000 minlen=19 eta=38min
[allcov] 26/909       64s  SOLVED nodes=19340 minlen=2 eta=36min
[allcov] 27/909       65s  SOLVED nodes=19357 minlen=2 eta=35min
[allcov] 31/909       71s  SOLVED nodes=19341 minlen=2 eta=34min
[allcov] 37/909       81s  SOLVED nodes=15385 minlen=2 eta=32min
[allcov] 38/909       83s  SOLVED nodes=15419 minlen=2 eta=32min
[allcov] 40/909       88s  SOLVED nodes=14447 minlen=2 eta=32min
[allcov] 45/909       99s  SOLVED nodes=15385 minlen=2 eta=32min
[allcov] 46/909      101s  SOLVED nodes=15419 minlen=2 eta=32min
[allcov] 49/909      106s  SOLVED nodes=15419 minlen=2 eta=31min
[allcov] 50/909      107s  SOLVED nodes=15385 minlen=2 eta=31min
[allcov] 53/909      112s  SOLVED nodes=14447 minlen=2 eta=30min
[allcov] 62/909      124s  SOLVED nodes=19340 minlen=2 eta=28min
    [compact] reservation exceeded at 2,060,540 states; growing to 4,130,282 (this copies)
[allcov] 66/909      130s  SOLVED nodes=19340 minlen=2 eta=28min
[allcov] 71/909      140s  SOLVED nodes=15419 minlen=2 eta=28min
[allcov] 72/909      143s  SOLVED nodes=14447 minlen=2 eta=28min
[allcov] 74/909      146s  SOLVED nodes=15419 minlen=2 eta=28min
[allcov] 75/909      146s         nodes=20000 minlen=18 eta=27min
[allcov] 77/909      150s  SOLVED nodes=14447 minlen=2 eta=27min
    [compact] reservation exceeded at 2,060,633 states; growing to 4,130,282 (this copies)
    [compact] reservation exceeded at 2,060,556 states; growing to 4,137,962 (this copies)
    [compact] reservation exceeded at 2,060,540 states; growing to 4,130,282 (this copies)
    [compact] reservation exceeded at 4,129,700 states; growing to 8,275,924 (this copies)
[allcov] 89/909      169s  SOLVED nodes=19340 minlen=2 eta=26min
    [compact] reservation exceeded at 2,060,540 states; growing to 4,130,282 (this copies)
    [compact] reservation exceeded at 2,060,596 states; growing to 4,130,282 (this copies)
[allcov] 93/909      178s  SOLVED nodes=19340 minlen=2 eta=26min
[allcov] 100/909      188s         nodes=20000 minlen=19 eta=25min
    [compact] reservation exceeded at 2,060,633 states; growing to 4,130,282 (this copies)
[allcov] 102/909      193s  SOLVED nodes=15419 minlen=2 eta=25min
[allcov] 104/909      195s  SOLVED nodes=14447 minlen=2 eta=25min
[allcov] 108/909      204s  SOLVED nodes=15419 minlen=2 eta=25min
    [compact] reservation exceeded at 2,060,633 states; growing to 4,130,282 (this copies)
[allcov] 109/909      205s  SOLVED nodes=14447 minlen=2 eta=25min
    [compact] reservation exceeded at 2,060,540 states; growing to 4,130,282 (this copies)
[allcov] 122/909      228s  SOLVED nodes=19340 minlen=2 eta=25min
    [compact] reservation exceeded at 2,060,540 states; growing to 4,130,282 (this copies)
[allcov] 125/909      236s  SOLVED nodes=19340 minlen=2 eta=25min
[allcov] 131/909      251s  SOLVED nodes=15419 minlen=2 eta=25min
[allcov] 133/909      258s  SOLVED nodes=14447 minlen=2 eta=25min
[allcov] 134/909      260s  SOLVED nodes=15419 minlen=2 eta=25min
[allcov] 137/909      263s  SOLVED nodes=14447 minlen=2 eta=25min
[allcov] 147/909      287s  SOLVED nodes=19340 minlen=2 eta=25min
[allcov] 149/909      295s  SOLVED nodes=19340 minlen=2 eta=25min
[allcov] 150/909      299s         nodes=20000 minlen=19 eta=25min
[allcov] 151/909      305s  SOLVED nodes=14447 minlen=2 eta=26min
[allcov] 153/909      306s  SOLVED nodes=15419 minlen=2 eta=25min
[allcov] 154/909      310s  SOLVED nodes=15419 minlen=2 eta=25min
[allcov] 156/909      311s  SOLVED nodes=14447 minlen=2 eta=25min
[allcov] 162/909      329s  SOLVED nodes=19340 minlen=2 eta=25min
[allcov] 164/909      333s  SOLVED nodes=19340 minlen=2 eta=25min
[allcov] 166/909      335s  SOLVED nodes=15419 minlen=2 eta=25min
[allcov] 169/909      342s  SOLVED nodes=15419 minlen=2 eta=25min
[allcov] 172/909      354s  SOLVED nodes=15374 minlen=2 eta=25min
[allcov] 173/909      354s  SOLVED nodes=15373 minlen=2 eta=25min
[allcov] 175/909      360s  SOLVED nodes=15417 minlen=2 eta=25min
[allcov] 176/909      362s  SOLVED nodes=15453 minlen=2 eta=25min
[allcov] 179/909      374s  SOLVED nodes=15435 minlen=2 eta=25min
[allcov] 180/909      374s  SOLVED nodes=14470 minlen=2 eta=25min
[allcov] 181/909      376s  SOLVED nodes=15399 minlen=2 eta=25min
[allcov] 182/909      379s  SOLVED nodes=14469 minlen=2 eta=25min
[allcov] 188/909      391s  SOLVED nodes=15383 minlen=2 eta=25min
[allcov] 190/909      396s  SOLVED nodes=18436 minlen=2 eta=25min
[allcov] 194/909      404s  SOLVED nodes=18355 minlen=2 eta=25min
[allcov] 196/909      408s  SOLVED nodes=18435 minlen=2 eta=25min
[allcov] 198/909      412s  SOLVED nodes=18355 minlen=2 eta=25min
[allcov] 200/909      420s         nodes=20000 minlen=19 eta=25min
[allcov] 201/909      423s  SOLVED nodes=18435 minlen=2 eta=25min
[allcov] 202/909      425s  SOLVED nodes=15399 minlen=2 eta=25min
[allcov] 203/909      426s  SOLVED nodes=14469 minlen=2 eta=25min
[allcov] 206/909      432s  SOLVED nodes=15382 minlen=2 eta=25min
[allcov] 212/909      444s  SOLVED nodes=15399 minlen=2 eta=24min
[allcov] 214/909      450s  SOLVED nodes=15399 minlen=2 eta=24min
[allcov] 218/909      453s  SOLVED nodes=15399 minlen=2 eta=24min
[allcov] 222/909      464s  SOLVED nodes=15382 minlen=2 eta=24min
[allcov] 223/909      468s  SOLVED nodes=14469 minlen=2 eta=24min
[allcov] 225/909      469s         nodes=20000 minlen=18 eta=24min
    [compact] reservation exceeded at 2,060,573 states; growing to 4,130,282 (this copies)
[allcov] 228/909      472s  SOLVED nodes=18435 minlen=2 eta=24min
[allcov] 236/909      489s  SOLVED nodes=18435 minlen=2 eta=23min
[allcov] 237/909      492s  SOLVED nodes=15399 minlen=2 eta=23min
[allcov] 238/909      495s  SOLVED nodes=14469 minlen=2 eta=23min
    [compact] reservation exceeded at 2,060,564 states; growing to 4,130,282 (this copies)
[allcov] 246/909      508s  SOLVED nodes=15382 minlen=2 eta=23min
[allcov] 247/909      512s  SOLVED nodes=14469 minlen=2 eta=23min
[allcov] 250/909      518s         nodes=20000 minlen=18 eta=23min
    [compact] reservation exceeded at 2,060,573 states; growing to 4,130,282 (this copies)
[allcov] 253/909      524s  SOLVED nodes=18435 minlen=2 eta=23min
    [compact] reservation exceeded at 2,060,523 states; growing to 4,130,282 (this copies)
    [compact] reservation exceeded at 2,060,573 states; growing to 4,130,282 (this copies)
[allcov] 265/909      545s  SOLVED nodes=18435 minlen=2 eta=22min
[allcov] 268/909      552s  SOLVED nodes=14469 minlen=2 eta=22min
[allcov] 269/909      553s  SOLVED nodes=15399 minlen=2 eta=22min
    [compact] reservation exceeded at 2,060,564 states; growing to 4,130,282 (this copies)
[allcov] 275/909      565s         nodes=20000 minlen=18 eta=22min
    [compact] reservation exceeded at 2,060,564 states; growing to 4,130,282 (this copies)
[allcov] 278/909      572s  SOLVED nodes=14469 minlen=2 eta=22min
[allcov] 279/909      572s  SOLVED nodes=15382 minlen=2 eta=22min
    [compact] reservation exceeded at 2,060,573 states; growing to 4,130,282 (this copies)
[allcov] 288/909      587s  SOLVED nodes=18435 minlen=2 eta=21min
    [compact] reservation exceeded at 2,060,573 states; growing to 4,130,282 (this copies)
[allcov] 296/909      603s  SOLVED nodes=18435 minlen=2 eta=21min
[allcov] 299/909      610s  SOLVED nodes=14469 minlen=2 eta=21min
[allcov] 300/909      611s  SOLVED nodes=15399 minlen=2 eta=21min
[allcov] 305/909      624s  SOLVED nodes=15382 minlen=2 eta=21min
[allcov] 308/909      629s  SOLVED nodes=14469 minlen=2 eta=20min
[allcov] 312/909      633s  SOLVED nodes=18435 minlen=2 eta=20min
[allcov] 319/909      650s  SOLVED nodes=18435 minlen=2 eta=20min
[allcov] 320/909      653s  SOLVED nodes=15399 minlen=2 eta=20min
[allcov] 321/909      653s  SOLVED nodes=14469 minlen=2 eta=20min
[allcov] 325/909      664s         nodes=20000 minlen=19 eta=20min
[allcov] 326/909      667s  SOLVED nodes=15382 minlen=2 eta=20min
[allcov] 327/909      669s  SOLVED nodes=14469 minlen=2 eta=20min
[allcov] 329/909      673s  SOLVED nodes=18435 minlen=2 eta=20min
[allcov] 334/909      685s  SOLVED nodes=15399 minlen=2 eta=20min
[allcov] 335/909      685s  SOLVED nodes=18435 minlen=2 eta=20min
[allcov] 339/909      701s  SOLVED nodes=15382 minlen=2 eta=20min
[allcov] 340/909      704s  SOLVED nodes=14444 minlen=2 eta=20min
[allcov] 341/909      706s  SOLVED nodes=14385 minlen=2 eta=20min
    [compact] reservation exceeded at 2,060,540 states; growing to 4,130,282 (this copies)
[allcov] 343/909      708s  SOLVED nodes=14483 minlen=2 eta=19min
[allcov] 344/909      712s  SOLVED nodes=14482 minlen=2 eta=19min
[allcov] 348/909      723s  SOLVED nodes=14417 minlen=2 eta=19min
[allcov] 349/909      727s  SOLVED nodes=14447 minlen=2 eta=19min
[allcov] 350/909      727s  SOLVED nodes=15386 minlen=2 eta=19min
    [compact] reservation exceeded at 2,060,633 states; growing to 4,130,282 (this copies)
[allcov] 355/909      735s  SOLVED nodes=14444 minlen=2 eta=19min
[allcov] 358/909      745s  SOLVED nodes=19357 minlen=2 eta=19min
    [compact] reservation exceeded at 2,060,540 states; growing to 4,131,402 (this copies)
[allcov] 362/909      756s  SOLVED nodes=19357 minlen=2 eta=19min
    [compact] reservation exceeded at 2,060,540 states; growing to 4,130,282 (this copies)
[allcov] 364/909      760s  SOLVED nodes=19340 minlen=2 eta=19min
    [compact] reservation exceeded at 2,060,596 states; growing to 4,130,282 (this copies)
[allcov] 367/909      773s  SOLVED nodes=19357 minlen=2 eta=19min
[allcov] 369/909      774s  SOLVED nodes=14447 minlen=2 eta=19min
[allcov] 370/909      779s  SOLVED nodes=15385 minlen=2 eta=19min
[allcov] 372/909      780s  SOLVED nodes=14447 minlen=2 eta=19min
    [compact] reservation exceeded at 2,060,633 states; growing to 4,130,834 (this copies)
[allcov] 375/909      787s         nodes=20000 minlen=19 eta=19min
[allcov] 379/909      799s  SOLVED nodes=14447 minlen=2 eta=19min
[allcov] 382/909      800s  SOLVED nodes=14496 minlen=2 eta=18min
[allcov] 384/909      807s  SOLVED nodes=14447 minlen=2 eta=18min
    [compact] reservation exceeded at 2,060,633 states; growing to 4,130,282 (this copies)
    [compact] reservation exceeded at 2,060,617 states; growing to 4,130,282 (this copies)
[allcov] 388/909      818s  SOLVED nodes=14496 minlen=2 eta=18min
[allcov] 390/909      821s  SOLVED nodes=15385 minlen=2 eta=18min
    [compact] reservation exceeded at 2,060,540 states; growing to 4,130,282 (this copies)
    [compact] reservation exceeded at 2,060,596 states; growing to 4,130,282 (this copies)
[allcov] 394/909      829s  SOLVED nodes=19357 minlen=2 eta=18min
    [compact] reservation exceeded at 2,060,540 states; growing to 4,130,282 (this copies)
    [compact] reservation exceeded at 2,060,596 states; growing to 4,130,282 (this copies)
    [compact] reservation exceeded at 2,060,576 states; growing to 4,130,282 (this copies)
[allcov] 400/909      847s         nodes=20000 minlen=19 eta=18min
[allcov] 401/909      850s  SOLVED nodes=19357 minlen=2 eta=18min
[allcov] 403/909      852s  SOLVED nodes=14447 minlen=2 eta=18min
    [compact] reservation exceeded at 2,060,633 states; growing to 4,130,282 (this copies)
[allcov] 404/909      855s  SOLVED nodes=15385 minlen=2 eta=18min
    [compact] reservation exceeded at 2,060,617 states; growing to 4,130,282 (this copies)
    [compact] reservation exceeded at 2,060,633 states; growing to 4,130,282 (this copies)
    [compact] reservation exceeded at 2,060,617 states; growing to 4,130,282 (this copies)
[allcov] 412/909      872s  SOLVED nodes=14496 minlen=2 eta=18min
    [compact] reservation exceeded at 2,060,552 states; growing to 4,130,282 (this copies)
[allcov] 414/909      878s  SOLVED nodes=15385 minlen=2 eta=17min
    [compact] reservation exceeded at 2,060,540 states; growing to 4,130,282 (this copies)
    [compact] reservation exceeded at 2,060,596 states; growing to 4,130,282 (this copies)
[allcov] 422/909      894s  SOLVED nodes=19357 minlen=2 eta=17min
    [compact] reservation exceeded at 2,060,576 states; growing to 4,130,282 (this copies)
    [compact] reservation exceeded at 2,060,540 states; growing to 4,130,282 (this copies)
[allcov] 425/909      903s         nodes=20000 minlen=19 eta=17min
    [compact] reservation exceeded at 2,060,596 states; growing to 4,130,282 (this copies)
    [compact] reservation exceeded at 2,060,576 states; growing to 4,130,282 (this copies)
    [compact] reservation exceeded at 2,060,552 states; growing to 4,130,282 (this copies)
[allcov] 431/909      916s  SOLVED nodes=19357 minlen=2 eta=17min
[allcov] 434/909      924s  SOLVED nodes=14447 minlen=2 eta=17min
    [compact] reservation exceeded at 2,060,633 states; growing to 4,130,282 (this copies)
[allcov] 436/909      928s  SOLVED nodes=15385 minlen=2 eta=17min
    [compact] reservation exceeded at 2,060,617 states; growing to 4,130,282 (this copies)
    [compact] reservation exceeded at 2,060,552 states; growing to 4,130,282 (this copies)
    [compact] reservation exceeded at 2,060,633 states; growing to 4,130,282 (this copies)
    [compact] reservation exceeded at 2,060,617 states; growing to 4,130,282 (this copies)
[allcov] 443/909      950s  SOLVED nodes=14496 minlen=2 eta=17min
    [compact] reservation exceeded at 2,060,552 states; growing to 4,130,282 (this copies)
[allcov] 447/909      957s  SOLVED nodes=15385 minlen=2 eta=16min
[allcov] 450/909      970s         nodes=20000 minlen=18 eta=16min
    [compact] reservation exceeded at 2,060,540 states; growing to 4,130,282 (this copies)
    [compact] reservation exceeded at 2,060,596 states; growing to 4,130,282 (this copies)
    [compact] reservation exceeded at 2,060,576 states; growing to 4,130,282 (this copies)
[allcov] 455/909      981s  SOLVED nodes=19357 minlen=2 eta=16min
    [compact] reservation exceeded at 2,060,540 states; growing to 4,130,282 (this copies)
    [compact] reservation exceeded at 2,060,596 states; growing to 4,130,282 (this copies)
    [compact] reservation exceeded at 2,060,576 states; growing to 4,130,282 (this copies)
[allcov] 461/909     1000s  SOLVED nodes=19357 minlen=2 eta=16min
    [compact] reservation exceeded at 2,060,633 states; growing to 4,130,282 (this copies)
[allcov] 464/909     1006s  SOLVED nodes=14447 minlen=2 eta=16min
[allcov] 466/909     1008s  SOLVED nodes=15385 minlen=2 eta=16min
    [compact] reservation exceeded at 2,060,617 states; growing to 4,130,282 (this copies)
    [compact] reservation exceeded at 2,060,633 states; growing to 4,130,282 (this copies)
    [compact] reservation exceeded at 2,060,617 states; growing to 4,130,282 (this copies)
[allcov] 472/909     1025s  SOLVED nodes=14496 minlen=2 eta=16min
[allcov] 475/909     1036s  SOLVED nodes=15385 minlen=2 eta=16min
    [compact] reservation exceeded at 2,060,540 states; growing to 4,130,282 (this copies)
    [compact] reservation exceeded at 2,060,596 states; growing to 4,130,282 (this copies)
[allcov] 479/909     1044s  SOLVED nodes=19357 minlen=2 eta=16min
    [compact] reservation exceeded at 2,060,540 states; growing to 4,130,282 (this copies)
    [compact] reservation exceeded at 2,060,596 states; growing to 4,130,282 (this copies)
[allcov] 484/909     1060s  SOLVED nodes=19357 minlen=2 eta=16min
    [compact] reservation exceeded at 2,060,633 states; growing to 4,130,282 (this copies)
[allcov] 485/909     1065s  SOLVED nodes=14447 minlen=2 eta=16min
[allcov] 488/909     1067s  SOLVED nodes=15385 minlen=2 eta=15min
    [compact] reservation exceeded at 2,060,633 states; growing to 4,130,282 (this copies)
    [compact] reservation exceeded at 2,060,540 states; growing to 4,130,282 (this copies)
[allcov] 492/909     1082s  SOLVED nodes=14496 minlen=2 eta=15min
    [compact] reservation exceeded at 2,060,540 states; growing to 4,130,282 (this copies)
[allcov] 494/909     1089s  SOLVED nodes=15385 minlen=2 eta=15min
[allcov] 496/909     1092s  SOLVED nodes=19357 minlen=2 eta=15min
[allcov] 500/909     1102s         nodes=20000 minlen=19 eta=15min
[allcov] 501/909     1103s  SOLVED nodes=14447 minlen=2 eta=15min
[allcov] 503/909     1106s  SOLVED nodes=19357 minlen=2 eta=15min
    [compact] reservation exceeded at 2,060,573 states; growing to 4,130,834 (this copies)
[allcov] 507/909     1123s  SOLVED nodes=14496 minlen=2 eta=15min
[allcov] 508/909     1127s  SOLVED nodes=14458 minlen=2 eta=15min
[allcov] 509/909     1129s  SOLVED nodes=14457 minlen=2 eta=15min
[allcov] 512/909     1134s  SOLVED nodes=14413 minlen=2 eta=15min
[allcov] 513/909     1138s  SOLVED nodes=14352 minlen=2 eta=15min
    [compact] reservation exceeded at 2,060,564 states; growing to 4,131,986 (this copies)
[allcov] 516/909     1149s  SOLVED nodes=14469 minlen=2 eta=15min
    [compact] reservation exceeded at 2,060,573 states; growing to 4,131,402 (this copies)
[allcov] 518/909     1154s  SOLVED nodes=14413 minlen=2 eta=15min
[allcov] 520/909     1154s  SOLVED nodes=14458 minlen=2 eta=14min
[allcov] 522/909     1160s  SOLVED nodes=15400 minlen=2 eta=14min
    [compact] reservation exceeded at 2,060,523 states; growing to 4,131,402 (this copies)
[allcov] 525/909     1168s         nodes=20000 minlen=19 eta=14min
[allcov] 527/909     1176s  SOLVED nodes=18435 minlen=2 eta=14min
[allcov] 529/909     1178s  SOLVED nodes=18355 minlen=2 eta=14min
[allcov] 530/909     1181s  SOLVED nodes=18355 minlen=2 eta=14min
    [compact] reservation exceeded at 2,060,573 states; growing to 4,130,282 (this copies)
    [compact] reservation exceeded at 2,060,564 states; growing to 4,130,834 (this copies)
[allcov] 534/909     1190s  SOLVED nodes=18355 minlen=2 eta=14min
[allcov] 539/909     1200s  SOLVED nodes=14473 minlen=2 eta=14min
    [compact] reservation exceeded at 2,060,538 states; growing to 4,130,834 (this copies)
[allcov] 542/909     1206s  SOLVED nodes=14469 minlen=2 eta=14min
[allcov] 544/909     1214s  SOLVED nodes=14473 minlen=2 eta=14min
[allcov] 546/909     1220s  SOLVED nodes=14469 minlen=2 eta=14min
[allcov] 547/909     1221s  SOLVED nodes=15399 minlen=2 eta=13min
[allcov] 548/909     1224s  SOLVED nodes=14469 minlen=2 eta=13min
[allcov] 550/909     1227s         nodes=20000 minlen=19 eta=13min
[allcov] 552/909     1232s  SOLVED nodes=14473 minlen=2 eta=13min
    [compact] reservation exceeded at 2,060,564 states; growing to 4,130,282 (this copies)
    [compact] reservation exceeded at 2,060,573 states; growing to 4,130,282 (this copies)
[allcov] 557/909     1240s  SOLVED nodes=15399 minlen=2 eta=13min
    [compact] reservation exceeded at 2,060,523 states; growing to 4,130,282 (this copies)
    [compact] reservation exceeded at 2,060,610 states; growing to 4,130,282 (this copies)
[allcov] 563/909     1256s  SOLVED nodes=18355 minlen=2 eta=13min
    [compact] reservation exceeded at 2,060,573 states; growing to 4,130,282 (this copies)
    [compact] reservation exceeded at 2,060,523 states; growing to 4,130,282 (this copies)
[allcov] 567/909     1262s  SOLVED nodes=18355 minlen=2 eta=13min
    [compact] reservation exceeded at 2,060,564 states; growing to 4,130,282 (this copies)
    [compact] reservation exceeded at 2,060,538 states; growing to 4,130,282 (this copies)
    [compact] reservation exceeded at 2,060,539 states; growing to 4,130,282 (this copies)
[allcov] 573/909     1276s  SOLVED nodes=14473 minlen=2 eta=12min
[allcov] 574/909     1280s  SOLVED nodes=15399 minlen=2 eta=12min
[allcov] 575/909     1282s         nodes=20000 minlen=19 eta=12min
    [compact] reservation exceeded at 2,060,564 states; growing to 4,130,282 (this copies)
[allcov] 578/909     1288s  SOLVED nodes=14473 minlen=2 eta=12min
    [compact] reservation exceeded at 2,060,538 states; growing to 4,130,282 (this copies)
[allcov] 580/909     1294s  SOLVED nodes=15399 minlen=2 eta=12min
    [compact] reservation exceeded at 2,060,573 states; growing to 4,130,282 (this copies)
    [compact] reservation exceeded at 2,060,522 states; growing to 4,137,962 (this copies)
    [compact] reservation exceeded at 2,060,523 states; growing to 4,130,282 (this copies)
    [compact] reservation exceeded at 2,060,610 states; growing to 4,130,282 (this copies)
    [compact] reservation exceeded at 2,060,539 states; growing to 4,130,282 (this copies)
    [compact] reservation exceeded at 4,129,711 states; growing to 8,275,924 (this copies)
[allcov] 590/909     1317s  SOLVED nodes=18355 minlen=2 eta=12min
    [compact] reservation exceeded at 2,060,573 states; growing to 4,130,282 (this copies)
    [compact] reservation exceeded at 2,060,523 states; growing to 4,130,282 (this copies)
[allcov] 596/909     1331s  SOLVED nodes=18355 minlen=2 eta=12min
    [compact] reservation exceeded at 2,060,610 states; growing to 4,130,282 (this copies)
    [compact] reservation exceeded at 2,060,564 states; growing to 4,130,282 (this copies)
[allcov] 600/909     1341s         nodes=20000 minlen=19 eta=12min
    [compact] reservation exceeded at 2,060,538 states; growing to 4,130,282 (this copies)
    [compact] reservation exceeded at 2,060,539 states; growing to 4,130,282 (this copies)
[allcov] 604/909     1348s  SOLVED nodes=14473 minlen=2 eta=11min
[allcov] 606/909     1353s  SOLVED nodes=15399 minlen=2 eta=11min
    [compact] reservation exceeded at 2,060,564 states; growing to 4,130,282 (this copies)
    [compact] reservation exceeded at 2,060,538 states; growing to 4,130,282 (this copies)
[allcov] 610/909     1373s  SOLVED nodes=14473 minlen=2 eta=11min
[allcov] 613/909     1377s  SOLVED nodes=15399 minlen=2 eta=11min
    [compact] reservation exceeded at 2,060,539 states; growing to 4,130,282 (this copies)
    [compact] reservation exceeded at 2,060,573 states; growing to 4,130,282 (this copies)
    [compact] reservation exceeded at 2,060,523 states; growing to 4,130,282 (this copies)
    [compact] reservation exceeded at 2,060,610 states; growing to 4,130,282 (this copies)
[allcov] 622/909     1395s  SOLVED nodes=18355 minlen=2 eta=11min
    [compact] reservation exceeded at 2,060,573 states; growing to 4,130,282 (this copies)
[allcov] 625/909     1400s         nodes=20000 minlen=18 eta=11min
    [compact] reservation exceeded at 2,060,523 states; growing to 4,130,282 (this copies)
    [compact] reservation exceeded at 2,060,610 states; growing to 4,130,282 (this copies)
[allcov] 628/909     1408s  SOLVED nodes=18355 minlen=2 eta=10min
    [compact] reservation exceeded at 2,060,564 states; growing to 4,130,282 (this copies)
    [compact] reservation exceeded at 2,060,538 states; growing to 4,130,282 (this copies)
[allcov] 633/909     1419s  SOLVED nodes=14473 minlen=2 eta=10min
[allcov] 635/909     1429s  SOLVED nodes=14473 minlen=2 eta=10min
[allcov] 636/909     1429s  SOLVED nodes=15399 minlen=2 eta=10min
    [compact] reservation exceeded at 2,060,564 states; growing to 4,130,282 (this copies)
    [compact] reservation exceeded at 2,060,538 states; growing to 4,130,282 (this copies)
[allcov] 641/909     1438s  SOLVED nodes=15399 minlen=2 eta=10min
    [compact] reservation exceeded at 2,060,573 states; growing to 4,130,282 (this copies)
    [compact] reservation exceeded at 2,060,523 states; growing to 4,130,282 (this copies)
    [compact] reservation exceeded at 2,060,573 states; growing to 4,130,282 (this copies)
[allcov] 647/909     1453s  SOLVED nodes=18355 minlen=2 eta=10min
    [compact] reservation exceeded at 2,060,523 states; growing to 4,130,282 (this copies)
[allcov] 650/909     1457s         nodes=20000 minlen=19 eta=10min
[allcov] 651/909     1459s  SOLVED nodes=18355 minlen=2 eta=10min
    [compact] reservation exceeded at 2,060,564 states; growing to 4,130,282 (this copies)
[allcov] 654/909     1472s  SOLVED nodes=14473 minlen=2 eta=10min
[allcov] 655/909     1474s  SOLVED nodes=14473 minlen=2 eta=10min
[allcov] 656/909     1474s  SOLVED nodes=15399 minlen=2 eta=9min
    [compact] reservation exceeded at 2,060,564 states; growing to 4,130,282 (this copies)
    [compact] reservation exceeded at 2,060,573 states; growing to 4,130,282 (this copies)
[allcov] 658/909     1480s  SOLVED nodes=15399 minlen=2 eta=9min
    [compact] reservation exceeded at 2,060,573 states; growing to 4,130,282 (this copies)
[allcov] 665/909     1497s  SOLVED nodes=18355 minlen=2 eta=9min
[allcov] 667/909     1500s  SOLVED nodes=18355 minlen=2 eta=9min
[allcov] 669/909     1502s  SOLVED nodes=14473 minlen=2 eta=9min
    [compact] reservation exceeded at 2,060,538 states; growing to 4,131,402 (this copies)
[allcov] 674/909     1512s  SOLVED nodes=14473 minlen=2 eta=9min
[allcov] 675/909     1513s         nodes=20000 minlen=19 eta=9min
    [compact] reservation exceeded at 2,060,530 states; growing to 4,130,834 (this copies)
    [compact] reservation exceeded at 2,060,523 states; growing to 4,132,586 (this copies)
    [compact] reservation exceeded at 2,060,647 states; growing to 4,137,962 (this copies)
    [compact] reservation exceeded at 2,060,538 states; growing to 4,131,986 (this copies)
[allcov] 684/909     1536s  SOLVED nodes=14469 minlen=2 eta=8min
    [compact] reservation exceeded at 2,060,530 states; growing to 4,131,402 (this copies)
[allcov] 688/909     1548s  SOLVED nodes=18356 minlen=2 eta=8min
[allcov] 690/909     1549s  SOLVED nodes=18355 minlen=2 eta=8min
    [compact] reservation exceeded at 2,060,610 states; growing to 4,131,402 (this copies)
    [compact] reservation exceeded at 2,060,573 states; growing to 4,131,402 (this copies)
    [compact] reservation exceeded at 2,060,575 states; growing to 4,140,242 (this copies)
[allcov] 700/909     1567s         nodes=20000 minlen=19 eta=8min
    [compact] reservation exceeded at 2,060,539 states; growing to 4,130,834 (this copies)
    [compact] reservation exceeded at 2,060,573 states; growing to 4,130,282 (this copies)
    [compact] reservation exceeded at 2,060,530 states; growing to 4,130,282 (this copies)
    [compact] reservation exceeded at 2,060,575 states; growing to 4,138,706 (this copies)
    [compact] reservation exceeded at 2,060,539 states; growing to 4,130,282 (this copies)
    [compact] reservation exceeded at 2,060,634 states; growing to 4,130,282 (this copies)
    [compact] reservation exceeded at 2,060,530 states; growing to 4,130,282 (this copies)
    [compact] reservation exceeded at 2,060,539 states; growing to 4,130,282 (this copies)
    [compact] reservation exceeded at 2,060,539 states; growing to 4,130,282 (this copies)
    [compact] reservation exceeded at 2,060,530 states; growing to 4,130,282 (this copies)
    [compact] reservation exceeded at 2,060,610 states; growing to 4,130,282 (this copies)
    [compact] reservation exceeded at 2,060,538 states; growing to 4,130,282 (this copies)
    [compact] reservation exceeded at 2,060,530 states; growing to 4,130,282 (this copies)
    [compact] reservation exceeded at 2,060,523 states; growing to 4,130,282 (this copies)
    [compact] reservation exceeded at 2,060,564 states; growing to 4,130,282 (this copies)
    [compact] reservation exceeded at 2,060,530 states; growing to 4,130,282 (this copies)
[allcov] 725/909     1622s         nodes=20000 minlen=19 eta=7min
    [compact] reservation exceeded at 2,060,610 states; growing to 4,138,706 (this copies)
    [compact] reservation exceeded at 2,060,573 states; growing to 4,130,282 (this copies)
    [compact] reservation exceeded at 2,060,575 states; growing to 4,138,706 (this copies)
    [compact] reservation exceeded at 2,060,533 states; growing to 4,130,282 (this copies)
    [compact] reservation exceeded at 2,060,582 states; growing to 4,137,962 (this copies)
    [compact] reservation exceeded at 2,060,540 states; growing to 4,132,586 (this copies)
    [compact] reservation exceeded at 2,060,540 states; growing to 4,130,282 (this copies)
[allcov] 740/909     1665s  SOLVED nodes=14447 minlen=2 eta=6min
[allcov] 743/909     1668s  SOLVED nodes=19358 minlen=2 eta=6min
[allcov] 744/909     1675s  SOLVED nodes=14496 minlen=2 eta=6min
    [compact] reservation exceeded at 2,060,633 states; growing to 4,131,986 (this copies)
    [compact] reservation exceeded at 2,060,596 states; growing to 4,131,402 (this copies)
[allcov] 749/909     1684s  SOLVED nodes=19357 minlen=2 eta=6min
[allcov] 750/909     1685s         nodes=20000 minlen=19 eta=6min
    [compact] reservation exceeded at 2,060,540 states; growing to 4,130,282 (this copies)
    [compact] reservation exceeded at 2,060,617 states; growing to 4,130,834 (this copies)
    [compact] reservation exceeded at 2,060,610 states; growing to 4,138,706 (this copies)
[allcov] 755/909     1698s  SOLVED nodes=14496 minlen=2 eta=6min
    [compact] reservation exceeded at 2,060,540 states; growing to 4,130,282 (this copies)
    [compact] reservation exceeded at 2,060,610 states; growing to 4,138,706 (this copies)
    [compact] reservation exceeded at 2,060,576 states; growing to 4,130,282 (this copies)
    [compact] reservation exceeded at 2,060,552 states; growing to 4,130,282 (this copies)
    [compact] reservation exceeded at 2,060,602 states; growing to 4,130,282 (this copies)
[allcov] 770/909     1730s  SOLVED nodes=14496 minlen=2 eta=5min
    [compact] reservation exceeded at 2,060,552 states; growing to 4,130,282 (this copies)
    [compact] reservation exceeded at 2,060,552 states; growing to 4,130,282 (this copies)
    [compact] reservation exceeded at 2,060,552 states; growing to 4,130,282 (this copies)
    [compact] reservation exceeded at 2,060,576 states; growing to 4,130,282 (this copies)
[allcov] 775/909     1743s         nodes=20000 minlen=19 eta=5min
[allcov] 776/909     1744s  SOLVED nodes=14496 minlen=2 eta=5min
    [compact] reservation exceeded at 2,060,617 states; growing to 4,130,282 (this copies)
[allcov] 780/909     1754s  SOLVED nodes=14496 minlen=2 eta=5min
    [compact] reservation exceeded at 2,060,596 states; growing to 4,130,282 (this copies)
    [compact] reservation exceeded at 2,060,633 states; growing to 4,130,282 (this copies)
[allcov] 784/909     1765s  SOLVED nodes=14496 minlen=2 eta=5min
    [compact] reservation exceeded at 2,060,540 states; growing to 4,130,282 (this copies)
    [compact] reservation exceeded at 2,060,610 states; growing to 4,138,706 (this copies)
    [compact] reservation exceeded at 2,060,610 states; growing to 4,138,706 (this copies)
    [compact] reservation exceeded at 2,060,601 states; growing to 4,137,962 (this copies)
[allcov] 800/909     1798s  SOLVED nodes=14469 minlen=2 eta=4min
[allcov] 801/909     1799s  SOLVED nodes=18436 minlen=2 eta=4min
    [compact] reservation exceeded at 4,129,528 states; growing to 8,275,924 (this copies)
[allcov] 807/909     1811s  SOLVED nodes=15417 minlen=2 eta=4min
[allcov] 808/909     1814s  SOLVED nodes=18355 minlen=2 eta=4min
[allcov] 815/909     1832s  SOLVED nodes=15399 minlen=2 eta=4min
[allcov] 816/909     1832s  SOLVED nodes=15382 minlen=2 eta=3min
    [compact] reservation exceeded at 2,060,525 states; growing to 4,138,706 (this copies)
[allcov] 825/909     1848s         nodes=20000 minlen=18 eta=3min
    [compact] reservation exceeded at 2,060,525 states; growing to 4,138,706 (this copies)
[allcov] 834/909     1866s  SOLVED nodes=15382 minlen=2 eta=3min
[allcov] 841/909     1884s  SOLVED nodes=15382 minlen=2 eta=3min
[allcov] 843/909     1892s  SOLVED nodes=15382 minlen=2 eta=2min
    [compact] reservation exceeded at 2,060,525 states; growing to 4,138,706 (this copies)
[allcov] 847/909     1900s  SOLVED nodes=15382 minlen=2 eta=2min
    [compact] reservation exceeded at 2,060,525 states; growing to 4,138,706 (this copies)
[allcov] 850/909     1905s         nodes=20000 minlen=19 eta=2min
    [compact] reservation exceeded at 2,060,556 states; growing to 4,133,834 (this copies)
[allcov] 864/909     1937s  SOLVED nodes=14447 minlen=2 eta=2min
[allcov] 872/909     1953s  SOLVED nodes=19357 minlen=2 eta=1min
[allcov] 875/909     1960s         nodes=20000 minlen=19 eta=1min
[allcov] 876/909     1960s  SOLVED nodes=15385 minlen=2 eta=1min
    [compact] reservation exceeded at 2,060,541 states; growing to 4,140,242 (this copies)
    [compact] reservation exceeded at 2,060,541 states; growing to 4,138,706 (this copies)
[allcov] 900/909     2000s         nodes=20000 minlen=19 eta=0min
    [compact] reservation exceeded at 2,060,525 states; growing to 4,138,706 (this copies)
    [compact] reservation exceeded at 2,060,541 states; growing to 4,138,706 (this copies)
[allcov] wrote 909 rows to /Users/avigyapaudel/Documents/Obsidian Vault/surf/ACSolverX/results/stable_ac/cov/allcov_escape/allcov_b20000_8rows_subnc2pxysb.jsonl in 2015s
